Archive member included to satisfy reference by file (symbol)

c:/nxp/mcuxpressoide_11.6.0_8187/ide/plugins/com.nxp.mcuxpresso.tools.win32_11.6.0.202112161359/tools/bin/../lib/gcc/arm-none-eabi/10.3.1/../../../../arm-none-eabi/lib/thumb/v6-m/nofp\libcr_nohost_nf.a(_cr__main.o)
                              ./startup/startup_mkl25z4.o (__main)
c:/nxp/mcuxpressoide_11.6.0_8187/ide/plugins/com.nxp.mcuxpresso.tools.win32_11.6.0.202112161359/tools/bin/../lib/gcc/arm-none-eabi/10.3.1/../../../../arm-none-eabi/lib/thumb/v6-m/nofp\libcr_c.a(memcpy.o)
                              ./source/test_cbfifo.o (memcpy)
c:/nxp/mcuxpressoide_11.6.0_8187/ide/plugins/com.nxp.mcuxpresso.tools.win32_11.6.0.202112161359/tools/bin/../lib/gcc/arm-none-eabi/10.3.1/../../../../arm-none-eabi/lib/thumb/v6-m/nofp\libcr_c.a(memset.o)
                              ./drivers/fsl_flash.o (memset)
c:/nxp/mcuxpressoide_11.6.0_8187/ide/plugins/com.nxp.mcuxpresso.tools.win32_11.6.0.202112161359/tools/bin/../lib/gcc/arm-none-eabi/10.3.1/../../../../arm-none-eabi/lib/thumb/v6-m/nofp\libcr_c.a(atan2.o)
                              ./source/accelerometer.o (atan2)
c:/nxp/mcuxpressoide_11.6.0_8187/ide/plugins/com.nxp.mcuxpresso.tools.win32_11.6.0.202112161359/tools/bin/../lib/gcc/arm-none-eabi/10.3.1/../../../../arm-none-eabi/lib/thumb/v6-m/nofp\libcr_c.a(errno.o)
                              c:/nxp/mcuxpressoide_11.6.0_8187/ide/plugins/com.nxp.mcuxpresso.tools.win32_11.6.0.202112161359/tools/bin/../lib/gcc/arm-none-eabi/10.3.1/../../../../arm-none-eabi/lib/thumb/v6-m/nofp\libcr_c.a(atan2.o) (errno)
c:/nxp/mcuxpressoide_11.6.0_8187/ide/plugins/com.nxp.mcuxpresso.tools.win32_11.6.0.202112161359/tools/bin/../lib/gcc/arm-none-eabi/10.3.1/../../../../arm-none-eabi/lib/thumb/v6-m/nofp\libcr_c.a(fabs.o)
                              ./source/accelerometer.o (fabs)
c:/nxp/mcuxpressoide_11.6.0_8187/ide/plugins/com.nxp.mcuxpresso.tools.win32_11.6.0.202112161359/tools/bin/../lib/gcc/arm-none-eabi/10.3.1/../../../../arm-none-eabi/lib/thumb/v6-m/nofp\libcr_c.a(fpprintf.o)
                              ./source/Fall_Plane_detection.o (printf)
c:/nxp/mcuxpressoide_11.6.0_8187/ide/plugins/com.nxp.mcuxpresso.tools.win32_11.6.0.202112161359/tools/bin/../lib/gcc/arm-none-eabi/10.3.1/../../../../arm-none-eabi/lib/thumb/v6-m/nofp\libcr_c.a(initio.o)
                              c:/nxp/mcuxpressoide_11.6.0_8187/ide/plugins/com.nxp.mcuxpresso.tools.win32_11.6.0.202112161359/tools/bin/../lib/gcc/arm-none-eabi/10.3.1/../../../../arm-none-eabi/lib/thumb/v6-m/nofp\libcr_nohost_nf.a(_cr__main.o) (_initio)
c:/nxp/mcuxpressoide_11.6.0_8187/ide/plugins/com.nxp.mcuxpresso.tools.win32_11.6.0.202112161359/tools/bin/../lib/gcc/arm-none-eabi/10.3.1/../../../../arm-none-eabi/lib/thumb/v6-m/nofp\libcr_c.a(modf.o)
                              ./utilities/fsl_debug_console.o (modf)
c:/nxp/mcuxpressoide_11.6.0_8187/ide/plugins/com.nxp.mcuxpresso.tools.win32_11.6.0.202112161359/tools/bin/../lib/gcc/arm-none-eabi/10.3.1/../../../../arm-none-eabi/lib/thumb/v6-m/nofp\libcr_c.a(pow.o)
                              ./utilities/fsl_debug_console.o (pow)
c:/nxp/mcuxpressoide_11.6.0_8187/ide/plugins/com.nxp.mcuxpresso.tools.win32_11.6.0.202112161359/tools/bin/../lib/gcc/arm-none-eabi/10.3.1/../../../../arm-none-eabi/lib/thumb/v6-m/nofp\libcr_c.a(printf.o)
                              c:/nxp/mcuxpressoide_11.6.0_8187/ide/plugins/com.nxp.mcuxpresso.tools.win32_11.6.0.202112161359/tools/bin/../lib/gcc/arm-none-eabi/10.3.1/../../../../arm-none-eabi/lib/thumb/v6-m/nofp\libcr_c.a(fpprintf.o) (__vfprintf)
c:/nxp/mcuxpressoide_11.6.0_8187/ide/plugins/com.nxp.mcuxpresso.tools.win32_11.6.0.202112161359/tools/bin/../lib/gcc/arm-none-eabi/10.3.1/../../../../arm-none-eabi/lib/thumb/v6-m/nofp\libcr_c.a(setvbuf.o)
                              c:/nxp/mcuxpressoide_11.6.0_8187/ide/plugins/com.nxp.mcuxpresso.tools.win32_11.6.0.202112161359/tools/bin/../lib/gcc/arm-none-eabi/10.3.1/../../../../arm-none-eabi/lib/thumb/v6-m/nofp\libcr_c.a(initio.o) (setvbuf)
c:/nxp/mcuxpressoide_11.6.0_8187/ide/plugins/com.nxp.mcuxpresso.tools.win32_11.6.0.202112161359/tools/bin/../lib/gcc/arm-none-eabi/10.3.1/../../../../arm-none-eabi/lib/thumb/v6-m/nofp\libcr_c.a(sqrt.o)
                              ./source/accelerometer.o (sqrt)
c:/nxp/mcuxpressoide_11.6.0_8187/ide/plugins/com.nxp.mcuxpresso.tools.win32_11.6.0.202112161359/tools/bin/../lib/gcc/arm-none-eabi/10.3.1/../../../../arm-none-eabi/lib/thumb/v6-m/nofp\libcr_c.a(stdlib.o)
                              ./source/command_processor.o (abs)
c:/nxp/mcuxpressoide_11.6.0_8187/ide/plugins/com.nxp.mcuxpresso.tools.win32_11.6.0.202112161359/tools/bin/../lib/gcc/arm-none-eabi/10.3.1/../../../../arm-none-eabi/lib/thumb/v6-m/nofp\libcr_c.a(strlen.o)
                              ./utilities/fsl_debug_console.o (strlen)
[...]
Memory Configuration

Name             Origin             Length             Attributes
PROGRAM_FLASH    0x00000000         0x00020000         xr
SRAM             0x1ffff000         0x00004000         xrw
*default*        0x00000000         0xffffffff

Linker script and memory map

LOAD ./utilities/fsl_debug_console.o
LOAD ./startup/startup_mkl25z4.o
LOAD ./source/Fall_Plane_detection.o
LOAD ./source/I2C.o
LOAD ./source/SysTick.o
LOAD ./source/accelerometer.o
LOAD ./source/cbfifo.o
LOAD ./source/command_processor.o
LOAD ./source/gpio.o
LOAD ./source/mtb.o
LOAD ./source/semihost_hardfault.o
LOAD ./source/test_cbfifo.o
LOAD ./source/uart.o
LOAD ./drivers/fsl_clock.o
LOAD ./drivers/fsl_common.o
LOAD ./drivers/fsl_flash.o
LOAD ./drivers/fsl_gpio.o
LOAD ./drivers/fsl_lpsci.o
LOAD ./drivers/fsl_smc.o
LOAD ./drivers/fsl_uart.o
LOAD ./board/board.o
LOAD ./board/clock_config.o
LOAD ./board/peripherals.o
LOAD ./board/pin_mux.o
LOAD ./CMSIS/system_MKL25Z4.o
START GROUP
LOAD c:/nxp/mcuxpressoide_11.6.0_8187/ide/plugins/com.nxp.mcuxpresso.tools.win32_11.6.0.202112161359/tools/bin/../lib/gcc/arm-none-eabi/10.3.1/../../../../arm-none-eabi/lib/thumb/v6-m/nofp\libcr_nohost_nf.a
LOAD c:/nxp/mcuxpressoide_11.6.0_8187/ide/plugins/com.nxp.mcuxpresso.tools.win32_11.6.0.202112161359/tools/bin/../lib/gcc/arm-none-eabi/10.3.1/../../../../arm-none-eabi/lib/thumb/v6-m/nofp\libcr_c.a
LOAD c:/nxp/mcuxpressoide_11.6.0_8187/ide/plugins/com.nxp.mcuxpresso.tools.win32_11.6.0.202112161359/tools/bin/../lib/gcc/arm-none-eabi/10.3.1/thumb/v6-m/nofp\libcr_eabihelpers.a
LOAD c:/nxp/mcuxpressoide_11.6.0_8187/ide/plugins/com.nxp.mcuxpresso.tools.win32_11.6.0.202112161359/tools/bin/../lib/gcc/arm-none-eabi/10.3.1/thumb/v6-m/nofp\libgcc.a
END GROUP
                0x00000000                __base_PROGRAM_FLASH = 0x0
                0x00000000                __base_Flash = 0x0
                0x00020000                __top_PROGRAM_FLASH = 0x20000
                0x00020000                __top_Flash = 0x20000
                0x1ffff000                __base_SRAM = 0x1ffff000
                0x1ffff000                __base_RAM = 0x1ffff000
                0x20003000                __top_SRAM = 0x20003000
                0x20003000                __top_RAM = 0x20003000

.text           0x00000000     0x793c
 FILL mask 0xff
                0x00000000                __vectors_start__ = ABSOLUTE (.)
 *(SORT_BY_ALIGNMENT(.isr_vector))
 .isr_vector    0x00000000       0xc0 ./startup/startup_mkl25z4.o
                0x00000000                g_pfnVectors
                0x00000000                __Vectors
                0x000000c0                . = ALIGN (0x4)
                0x000000c0                __section_table_start = .
                0x000000c0                __data_section_table = .
                0x000000c0        0x4 LONG 0x793c LOADADDR (.data)
                0x000000c4        0x4 LONG 0x1ffff080 ADDR (.data)
                0x000000c8        0x4 LONG 0xc SIZEOF (.data)
                0x000000cc                __data_section_table_end = .
                0x000000cc                __bss_section_table = .
                0x000000cc        0x4 LONG 0x1ffff08c ADDR (.bss)
                0x000000d0        0x4 LONG 0x458 SIZEOF (.bss)
                0x000000d4                __bss_section_table_end = .
                0x000000d4                __section_table_end = .
 *(SORT_BY_ALIGNMENT(.after_vectors*))
 .after_vectors.reset
                0x000000d4       0x4c ./startup/startup_mkl25z4.o
                0x000000d4                ResetISR
 .after_vectors.init_data
                0x00000120       0x12 ./startup/startup_mkl25z4.o
                0x00000120                data_init
 .after_vectors.init_bss
                0x00000132       0x10 ./startup/startup_mkl25z4.o
                0x00000132                bss_init
 .after_vectors
                0x00000142      0x10c ./startup/startup_mkl25z4.o
                0x00000142                NMI_Handler
                0x00000146                SVC_Handler
                0x00000148                PendSV_Handler
                0x0000014c                SPI1_DriverIRQHandler
                0x0000014c                LPTMR0_DriverIRQHandler
                0x0000014c                DMA0_DriverIRQHandler
                0x0000014c                I2C0_DriverIRQHandler
                0x0000014c                Reserved39_DriverIRQHandler
                0x0000014c                PORTD_DriverIRQHandler
                0x0000014c                DMA2_DriverIRQHandler
                0x0000014c                TPM2_DriverIRQHandler
                0x0000014c                CMP0_DriverIRQHandler
                0x0000014c                ADC0_DriverIRQHandler
                0x0000014c                TSI0_DriverIRQHandler
                0x0000014c                RTC_Seconds_DriverIRQHandler
                0x0000014c                SPI0_DriverIRQHandler
                0x0000014c                LLWU_DriverIRQHandler
                0x0000014c                MCG_DriverIRQHandler
                0x0000014c                I2C1_DriverIRQHandler
                0x0000014c                DMA1_DriverIRQHandler
                0x0000014c                PIT_DriverIRQHandler
                0x0000014c                FTFA_DriverIRQHandler
                0x0000014c                IntDefaultHandler
                0x0000014c                USB0_DriverIRQHandler
                0x0000014c                DAC0_DriverIRQHandler
                0x0000014c                RTC_DriverIRQHandler
                0x0000014c                LVD_LVW_DriverIRQHandler
                0x0000014c                TPM0_DriverIRQHandler
                0x0000014c                TPM1_DriverIRQHandler
                0x0000014c                PORTA_DriverIRQHandler
                0x0000014c                Reserved20_DriverIRQHandler
                0x0000014c                DMA3_DriverIRQHandler
                0x0000014c                Reserved45_DriverIRQHandler
                0x0000014e                DMA0_IRQHandler
                0x00000156                DMA1_IRQHandler
                0x0000015e                DMA2_IRQHandler
                0x00000166                DMA3_IRQHandler
                0x0000016e                Reserved20_IRQHandler
                0x00000176                FTFA_IRQHandler
                0x0000017e                LVD_LVW_IRQHandler
                0x00000186                LLWU_IRQHandler
                0x0000018e                I2C0_IRQHandler
                0x00000196                I2C1_IRQHandler
                0x0000019e                SPI0_IRQHandler
                0x000001a6                SPI1_IRQHandler
                0x000001be                UART2_IRQHandler
                0x000001c6                ADC0_IRQHandler
                0x000001ce                CMP0_IRQHandler
                0x000001d6                TPM0_IRQHandler
                0x000001de                TPM1_IRQHandler
                0x000001e6                TPM2_IRQHandler
                0x000001ee                RTC_IRQHandler
                0x000001f6                RTC_Seconds_IRQHandler
                0x000001fe                PIT_IRQHandler
                0x00000206                Reserved39_IRQHandler
                0x0000020e                USB0_IRQHandler
                0x00000216                DAC0_IRQHandler
                0x0000021e                TSI0_IRQHandler
                0x00000226                MCG_IRQHandler
                0x0000022e                LPTMR0_IRQHandler
                0x00000236                Reserved45_IRQHandler
                0x0000023e                PORTA_IRQHandler
                0x00000246                PORTD_IRQHandler
                0x00000400                . = 0x400
 *fill*         0x0000024e      0x1b2 ff
                0x00000400                PROVIDE (__FLASH_CONFIG_START__ = .)
 *(SORT_BY_ALIGNMENT(.FlashConfig))
 .FlashConfig   0x00000400       0x10 ./startup/startup_mkl25z4.o
                0x00000400                Flash_Config
                0x00000410                PROVIDE (__FLASH_CONFIG_END__ = .)
                0x00000001                ASSERT (! ((__FLASH_CONFIG_START__ == __FLASH_CONFIG_END__)), Linker Flash Config Support Enabled, but no .FlashConfig section provided within application)
 *(SORT_BY_ALIGNMENT(.text*))
 .text.DbgConsole_Init
                0x00000410       0xf4 ./utilities/fsl_debug_console.o
                0x00000410                DbgConsole_Init
 .text.DbgConsole_Printf
                0x00000504       0x44 ./utilities/fsl_debug_console.o
                0x00000504                DbgConsole_Printf
 .text.DbgConsole_Putchar
                0x00000548       0x34 ./utilities/fsl_debug_console.o
                0x00000548                DbgConsole_Putchar
 .text.DbgConsole_ConvertFloatRadixNumToString
                0x0000057c      0x28c ./utilities/fsl_debug_console.o
 .text.main     0x00000808       0x94 ./source/Fall_Plane_detection.o
                0x00000808                main
 .text.i2c_init
                0x0000089c       0x84 ./source/I2C.o
                0x0000089c                i2c_init
 .text.i2c_busy
                0x00000920      0x174 ./source/I2C.o
                0x00000920                i2c_busy
 .text.i2c_wait
                0x00000a94       0x6c ./source/I2C.o
                0x00000a94                i2c_wait
 .text.i2c_start
                0x00000b00       0x30 ./source/I2C.o
                0x00000b00                i2c_start
 .text.i2c_read_setup
                0x00000b30       0x68 ./source/I2C.o
                0x00000b30                i2c_read_setup
 .text.i2c_repeated_read
                0x00000b98       0x80 ./source/I2C.o
                0x00000b98                i2c_repeated_read
 .text.i2c_write_byte
                0x00000c18       0x80 ./source/I2C.o
                0x00000c18                i2c_write_byte
 .text.NVIC_SetPriority
                0x00000c98       0xdc ./source/SysTick.o
 .text.initialize_SysTick
                0x00000d74       0x30 ./source/SysTick.o
                0x00000d74                initialize_SysTick
 .text.reset_timer
                0x00000da4       0x20 ./source/SysTick.o
                0x00000da4                reset_timer
 .text.get_timer
                0x00000dc4       0x14 ./source/SysTick.o
                0x00000dc4                get_timer
 .text.SysTick_Handler
                0x00000dd8       0x18 ./source/SysTick.o
                0x00000dd8                SysTick_Handler
 .text.test_accelerometer
                0x00000df0       0x34 ./source/accelerometer.o
                0x00000df0                test_accelerometer
 .text.read_full_xyz
                0x00000e24      0x10c ./source/accelerometer.o
                0x00000e24                read_full_xyz
 .text.convert_xyz_to_roll_pitch
                0x00000f30      0x158 ./source/accelerometer.o
                0x00000f30                convert_xyz_to_roll_pitch
 .text.get_roll
                0x00001088       0x34 ./source/accelerometer.o
                0x00001088                get_roll
 .text.get_pitch
                0x000010bc       0x34 ./source/accelerometer.o
                0x000010bc                get_pitch
 .text.process_fall_detection
                0x000010f0       0x80 ./source/command_processor.o
                0x000010f0                process_fall_detection
 .text.process_accelerometer
                0x00001170       0x18 ./source/command_processor.o
                0x00001170                process_accelerometer
 .text.check_fall_LED
                0x00001188       0x2c ./source/command_processor.o
                0x00001188                check_fall_LED
 .text.send_data_to_bluetooth
                0x000011b4       0x4c ./source/command_processor.o
                0x000011b4                send_data_to_bluetooth
 .text.get_magnitude
                0x00001200       0x40 ./source/command_processor.o
                0x00001200                get_magnitude
 .text.plane_check
                0x00001240       0x88 ./source/command_processor.o
                0x00001240                plane_check
 .text.display_UI
                0x000012c8       0x3c ./source/command_processor.o
                0x000012c8                display_UI
 .text.gpio_init
                0x00001304       0xb0 ./source/gpio.o
                0x00001304                gpio_init
 .text.all_led_off
                0x000013b4       0x3c ./source/gpio.o
                0x000013b4                all_led_off
 .text.red_led_on
                0x000013f0       0x3c ./source/gpio.o
                0x000013f0                red_led_on
 .text.green_led_on
                0x0000142c       0x3c ./source/gpio.o
                0x0000142c                green_led_on
 .text.blue_led_on
                0x00001468       0x3c ./source/gpio.o
                0x00001468                blue_led_on
 .text.HardFault_Handler
                0x000014a4       0x30 ./source/semihost_hardfault.o
                0x000014a4                HardFault_Handler
 .text.test_cbfifo_compare_length
                0x000014d4       0x3c ./source/test_cbfifo.o
                0x000014d4                test_cbfifo_compare_length
 .text.test_cbfifo_compare_return
                0x00001510       0x3c ./source/test_cbfifo.o
                0x00001510                test_cbfifo_compare_return
 .text.test_cbfifo_dequeued
                0x0000154c       0x3c ./source/test_cbfifo.o
                0x0000154c                test_cbfifo_dequeued
 .text.test_cbfifo
                0x00001588      0x2e4 ./source/test_cbfifo.o
                0x00001588                test_cbfifo
 .text.NVIC_EnableIRQ
                0x0000186c       0x2c ./source/uart.o
 .text.NVIC_ClearPendingIRQ
                0x00001898       0x30 ./source/uart.o
 .text.NVIC_SetPriority
                0x000018c8       0xdc ./source/uart.o
 .text.Init_UART0
                0x000019a4      0x184 ./source/uart.o
                0x000019a4                Init_UART0
 .text.Init_Bluetooth
                0x00001b28      0x144 ./source/uart.o
                0x00001b28                Init_Bluetooth
 .text.UART0_IRQHandler
                0x00001c6c       0xd4 ./source/uart.o
                0x00001c6c                UART0_IRQHandler
 .text.UART1_IRQHandler
                0x00001d40       0x48 ./source/uart.o
                0x00001d40                UART1_IRQHandler
 .text.__sys_write
                0x00001d88       0x80 ./source/uart.o
                0x00001d88                __sys_write
 .text.transmit_data
                0x00001e08       0x30 ./source/uart.o
                0x00001e08                transmit_data
 .text.check_plane_detection
                0x00001e38       0x14 ./source/uart.o
                0x00001e38                check_plane_detection
 .text.check_fall_on
                0x00001e4c       0x14 ./source/uart.o
                0x00001e4c                check_fall_on
 .text.CLOCK_SetEr32kClock
                0x00001e60       0x34 ./drivers/fsl_clock.o
 .text.CLOCK_SetPllFllSelClock
                0x00001e94       0x38 ./drivers/fsl_clock.o
 .text.CLOCK_GetMcgExtClkFreq
                0x00001ecc       0x28 ./drivers/fsl_clock.o
 .text.CLOCK_GetFllExtRefClkFreq
                0x00001ef4       0xa8 ./drivers/fsl_clock.o
 .text.CLOCK_GetFllRefClkFreq
                0x00001f9c       0x2c ./drivers/fsl_clock.o
 .text.CLOCK_GetOscRangeFromFreq
                0x00001fc8       0x4c ./drivers/fsl_clock.o
 .text.CLOCK_GetPllFllSelClkFreq
                0x00002014       0x4c ./drivers/fsl_clock.o
                0x00002014                CLOCK_GetPllFllSelClkFreq
 .text.CLOCK_SetSimConfig
                0x00002060       0x38 ./drivers/fsl_clock.o
                0x00002060                CLOCK_SetSimConfig
 .text.CLOCK_GetFllFreq
                0x00002098       0x84 ./drivers/fsl_clock.o
                0x00002098                CLOCK_GetFllFreq
 .text.CLOCK_GetPll0Freq
                0x0000211c       0x70 ./drivers/fsl_clock.o
                0x0000211c                CLOCK_GetPll0Freq
 .text.CLOCK_SetInternalRefClkConfig
                0x0000218c      0x124 ./drivers/fsl_clock.o
                0x0000218c                CLOCK_SetInternalRefClkConfig
 .text.CLOCK_EnablePll0
                0x000022b0       0x94 ./drivers/fsl_clock.o
                0x000022b0                CLOCK_EnablePll0
 .text.CLOCK_InitOsc0
                0x00002344       0x94 ./drivers/fsl_clock.o
                0x00002344                CLOCK_InitOsc0
 .text.CLOCK_SetPbeMode
                0x000023d8       0xb0 ./drivers/fsl_clock.o
                0x000023d8                CLOCK_SetPbeMode
 .text.CLOCK_BootToPeeMode
                0x00002488       0x70 ./drivers/fsl_clock.o
                0x00002488                CLOCK_BootToPeeMode
 .text.__assertion_failed
                0x000024f8       0x1c ./drivers/fsl_common.o
                0x000024f8                __assertion_failed
 .text.CLOCK_EnableClock
                0x00002514       0x34 ./drivers/fsl_lpsci.o
 .text.LPSCI_GetInstance
                0x00002548       0x48 ./drivers/fsl_lpsci.o
                0x00002548                LPSCI_GetInstance
 .text.LPSCI_Init
                0x00002590      0x258 ./drivers/fsl_lpsci.o
                0x00002590                LPSCI_Init
 .text.LPSCI_GetDefaultConfig
                0x000027e8       0x44 ./drivers/fsl_lpsci.o
                0x000027e8                LPSCI_GetDefaultConfig
 .text.LPSCI_ClearStatusFlags
                0x0000282c       0x94 ./drivers/fsl_lpsci.o
                0x0000282c                LPSCI_ClearStatusFlags
 .text.LPSCI_WriteBlocking
                0x000028c0       0x4c ./drivers/fsl_lpsci.o
                0x000028c0                LPSCI_WriteBlocking
 .text.LPSCI_ReadBlocking
                0x0000290c       0xc0 ./drivers/fsl_lpsci.o
                0x0000290c                LPSCI_ReadBlocking
 .text.UART0_DriverIRQHandler
                0x000029cc       0x24 ./drivers/fsl_lpsci.o
                0x000029cc                UART0_DriverIRQHandler
 .text.CLOCK_EnableClock
                0x000029f0       0x34 ./drivers/fsl_uart.o
 .text.UART_GetInstance
                0x00002a24       0x54 ./drivers/fsl_uart.o
                0x00002a24                UART_GetInstance
 .text.UART_Init
                0x00002a78      0x1e0 ./drivers/fsl_uart.o
                0x00002a78                UART_Init
 .text.UART_GetDefaultConfig
                0x00002c58       0x44 ./drivers/fsl_uart.o
                0x00002c58                UART_GetDefaultConfig
 .text.UART_ReadBlocking
                0x00002c9c       0x98 ./drivers/fsl_uart.o
                0x00002c9c                UART_ReadBlocking
 .text.UART1_DriverIRQHandler
                0x00002d34       0x24 ./drivers/fsl_uart.o
                0x00002d34                UART1_DriverIRQHandler
 .text.UART2_DriverIRQHandler
                0x00002d58       0x24 ./drivers/fsl_uart.o
                0x00002d58                UART2_DriverIRQHandler
 .text.CLOCK_SetLpsci0Clock
                0x00002d7c       0x38 ./board/board.o
 .text.BOARD_InitDebugConsole
                0x00002db4       0x30 ./board/board.o
                0x00002db4                BOARD_InitDebugConsole
 .text.CLOCK_SetSimSafeDivs
                0x00002de4       0x20 ./board/clock_config.o
 .text.CLOCK_SetXtal0Freq
                0x00002e04       0x1c ./board/clock_config.o
 .text.CLOCK_CONFIG_SetFllExtRefDiv
                0x00002e20       0x3c ./board/clock_config.o
 .text.BOARD_BootClockRUN
                0x00002e5c       0x64 ./board/clock_config.o
                0x00002e5c                BOARD_BootClockRUN
 .text.CLOCK_EnableClock
                0x00002ec0       0x34 ./board/pin_mux.o
 .text.PORT_SetPinMux
                0x00002ef4       0x40 ./board/pin_mux.o
 .text.BOARD_InitPins
                0x00002f34       0x4c ./board/pin_mux.o
                0x00002f34                BOARD_InitPins
 .text.SystemInit
                0x00002f80       0x18 ./CMSIS/system_MKL25Z4.o
                0x00002f80                SystemInit
 .text.atan2    0x00002f98      0x108 c:/nxp/mcuxpressoide_11.6.0_8187/ide/plugins/com.nxp.mcuxpresso.tools.win32_11.6.0.202112161359/tools/bin/../lib/gcc/arm-none-eabi/10.3.1/../../../../arm-none-eabi/lib/thumb/v6-m/nofp\libcr_c.a(atan2.o)
                0x00002f98                atan2
 .text.sprintf  0x000030a0       0x6c c:/nxp/mcuxpressoide_11.6.0_8187/ide/plugins/com.nxp.mcuxpresso.tools.win32_11.6.0.202112161359/tools/bin/../lib/gcc/arm-none-eabi/10.3.1/../../../../arm-none-eabi/lib/thumb/v6-m/nofp\libcr_c.a(fpprintf.o)
                0x000030a0                sprintf
 .text.fp_display
                0x0000310c      0x97c c:/nxp/mcuxpressoide_11.6.0_8187/ide/plugins/com.nxp.mcuxpresso.tools.win32_11.6.0.202112161359/tools/bin/../lib/gcc/arm-none-eabi/10.3.1/../../../../arm-none-eabi/lib/thumb/v6-m/nofp\libcr_c.a(fpprintf.o)
 .text.vsnprintf
                0x00003a88       0x70 c:/nxp/mcuxpressoide_11.6.0_8187/ide/plugins/com.nxp.mcuxpresso.tools.win32_11.6.0.202112161359/tools/bin/../lib/gcc/arm-none-eabi/10.3.1/../../../../arm-none-eabi/lib/thumb/v6-m/nofp\libcr_c.a(fpprintf.o)
                0x00003a88                vsnprintf
 .text.printf   0x00003af8       0x50 c:/nxp/mcuxpressoide_11.6.0_8187/ide/plugins/com.nxp.mcuxpresso.tools.win32_11.6.0.202112161359/tools/bin/../lib/gcc/arm-none-eabi/10.3.1/../../../../arm-none-eabi/lib/thumb/v6-m/nofp\libcr_c.a(fpprintf.o)
                0x00003af8                printf
 .text._initio  0x00003b48       0x7c c:/nxp/mcuxpressoide_11.6.0_8187/ide/plugins/com.nxp.mcuxpresso.tools.win32_11.6.0.202112161359/tools/bin/../lib/gcc/arm-none-eabi/10.3.1/../../../../arm-none-eabi/lib/thumb/v6-m/nofp\libcr_c.a(initio.o)
                0x00003b48                _initio
 .text.modf     0x00003bc4       0x9c c:/nxp/mcuxpressoide_11.6.0_8187/ide/plugins/com.nxp.mcuxpresso.tools.win32_11.6.0.202112161359/tools/bin/../lib/gcc/arm-none-eabi/10.3.1/../../../../arm-none-eabi/lib/thumb/v6-m/nofp\libcr_c.a(modf.o)
                0x00003bc4                modf
 .text.pow      0x00003c60      0x544 c:/nxp/mcuxpressoide_11.6.0_8187/ide/plugins/com.nxp.mcuxpresso.tools.win32_11.6.0.202112161359/tools/bin/../lib/gcc/arm-none-eabi/10.3.1/../../../../arm-none-eabi/lib/thumb/v6-m/nofp\libcr_c.a(pow.o)
                0x00003c60                pow
 .text.__vfprintf
                0x000041a4      0xd40 c:/nxp/mcuxpressoide_11.6.0_8187/ide/plugins/com.nxp.mcuxpresso.tools.win32_11.6.0.202112161359/tools/bin/../lib/gcc/arm-none-eabi/10.3.1/../../../../arm-none-eabi/lib/thumb/v6-m/nofp\libcr_c.a(printf.o)
                0x000041a4                __vfprintf
 .text.setvbuf  0x00004ee4       0x4c c:/nxp/mcuxpressoide_11.6.0_8187/ide/plugins/com.nxp.mcuxpresso.tools.win32_11.6.0.202112161359/tools/bin/../lib/gcc/arm-none-eabi/10.3.1/../../../../arm-none-eabi/lib/thumb/v6-m/nofp\libcr_c.a(setvbuf.o)
                0x00004ee4                setvbuf
 .text.sqrt     0x00004f30      0x134 c:/nxp/mcuxpressoide_11.6.0_8187/ide/plugins/com.nxp.mcuxpresso.tools.win32_11.6.0.202112161359/tools/bin/../lib/gcc/arm-none-eabi/10.3.1/../../../../arm-none-eabi/lib/thumb/v6-m/nofp\libcr_c.a(sqrt.o)
                0x00004f30                sqrt
 .text.strlen   0x00005064       0x58 c:/nxp/mcuxpressoide_11.6.0_8187/ide/plugins/com.nxp.mcuxpresso.tools.win32_11.6.0.202112161359/tools/bin/../lib/gcc/arm-none-eabi/10.3.1/../../../../arm-none-eabi/lib/thumb/v6-m/nofp\libcr_c.a(strlen.o)
                0x00005064                strlen
 .text._deferredlazyseek
                0x000050bc       0x40 c:/nxp/mcuxpressoide_11.6.0_8187/ide/plugins/com.nxp.mcuxpresso.tools.win32_11.6.0.202112161359/tools/bin/../lib/gcc/arm-none-eabi/10.3.1/../../../../arm-none-eabi/lib/thumb/v6-m/nofp\libcr_c.a(_deferredlazyseek.o)
                0x000050bc                _deferredlazyseek
 .text.__flsbuf
                0x000050fc      0x150 c:/nxp/mcuxpressoide_11.6.0_8187/ide/plugins/com.nxp.mcuxpresso.tools.win32_11.6.0.202112161359/tools/bin/../lib/gcc/arm-none-eabi/10.3.1/../../../../arm-none-eabi/lib/thumb/v6-m/nofp\libcr_c.a(_deferredlazyseek.o)
                0x000050fc                __flsbuf
 .text._fdopen  0x0000524c       0x74 c:/nxp/mcuxpressoide_11.6.0_8187/ide/plugins/com.nxp.mcuxpresso.tools.win32_11.6.0.202112161359/tools/bin/../lib/gcc/arm-none-eabi/10.3.1/../../../../arm-none-eabi/lib/thumb/v6-m/nofp\libcr_c.a(_fdopen.o)
                0x0000524c                _fdopen
 .text._fflush  0x000052c0       0x60 c:/nxp/mcuxpressoide_11.6.0_8187/ide/plugins/com.nxp.mcuxpresso.tools.win32_11.6.0.202112161359/tools/bin/../lib/gcc/arm-none-eabi/10.3.1/../../../../arm-none-eabi/lib/thumb/v6-m/nofp\libcr_c.a(_fflush.o)
                0x000052c0                _fflush
 .text._frexpl  0x00005320       0x80 c:/nxp/mcuxpressoide_11.6.0_8187/ide/plugins/com.nxp.mcuxpresso.tools.win32_11.6.0.202112161359/tools/bin/../lib/gcc/arm-none-eabi/10.3.1/../../../../arm-none-eabi/lib/thumb/v6-m/nofp\libcr_c.a(_frexpl.o)
                0x00005320                _frexpl
 .text._ldexpl  0x000053a0       0x58 c:/nxp/mcuxpressoide_11.6.0_8187/ide/plugins/com.nxp.mcuxpresso.tools.win32_11.6.0.202112161359/tools/bin/../lib/gcc/arm-none-eabi/10.3.1/../../../../arm-none-eabi/lib/thumb/v6-m/nofp\libcr_c.a(_ldexpl.o)
                0x000053a0                _ldexpl
 .text._Cwritebuf
                0x000053f8       0x68 c:/nxp/mcuxpressoide_11.6.0_8187/ide/plugins/com.nxp.mcuxpresso.tools.win32_11.6.0.202112161359/tools/bin/../lib/gcc/arm-none-eabi/10.3.1/../../../../arm-none-eabi/lib/thumb/v6-m/nofp\libcr_c.a(_writebuf.o)
                0x000053f8                _Cwritebuf
 .text.malloc   0x00005460       0xcc c:/nxp/mcuxpressoide_11.6.0_8187/ide/plugins/com.nxp.mcuxpresso.tools.win32_11.6.0.202112161359/tools/bin/../lib/gcc/arm-none-eabi/10.3.1/../../../../arm-none-eabi/lib/thumb/v6-m/nofp\libcr_c.a(alloc.o)
                0x00005460                malloc
 .text._Csys_alloc
                0x0000552c       0x20 c:/nxp/mcuxpressoide_11.6.0_8187/ide/plugins/com.nxp.mcuxpresso.tools.win32_11.6.0.202112161359/tools/bin/../lib/gcc/arm-none-eabi/10.3.1/../../../../arm-none-eabi/lib/thumb/v6-m/nofp\libcr_c.a(alloc.o)
                0x0000552c                _Csys_alloc
 .text.atan     0x0000554c      0x204 c:/nxp/mcuxpressoide_11.6.0_8187/ide/plugins/com.nxp.mcuxpresso.tools.win32_11.6.0.202112161359/tools/bin/../lib/gcc/arm-none-eabi/10.3.1/../../../../arm-none-eabi/lib/thumb/v6-m/nofp\libcr_c.a(atan.o)
                0x0000554c                atan
 .text.fclose   0x00005750       0x5c c:/nxp/mcuxpressoide_11.6.0_8187/ide/plugins/com.nxp.mcuxpresso.tools.win32_11.6.0.202112161359/tools/bin/../lib/gcc/arm-none-eabi/10.3.1/../../../../arm-none-eabi/lib/thumb/v6-m/nofp\libcr_c.a(fclose.o)
                0x00005750                fclose
 .text.fflush   0x000057ac       0x44 c:/nxp/mcuxpressoide_11.6.0_8187/ide/plugins/com.nxp.mcuxpresso.tools.win32_11.6.0.202112161359/tools/bin/../lib/gcc/arm-none-eabi/10.3.1/../../../../arm-none-eabi/lib/thumb/v6-m/nofp\libcr_c.a(fflush.o)
                0x000057ac                fflush
 .text.frexp    0x000057f0       0x80 c:/nxp/mcuxpressoide_11.6.0_8187/ide/plugins/com.nxp.mcuxpresso.tools.win32_11.6.0.202112161359/tools/bin/../lib/gcc/arm-none-eabi/10.3.1/../../../../arm-none-eabi/lib/thumb/v6-m/nofp\libcr_c.a(frexp.o)
                0x000057f0                frexp
 .text.fseek    0x00005870       0xf0 c:/nxp/mcuxpressoide_11.6.0_8187/ide/plugins/com.nxp.mcuxpresso.tools.win32_11.6.0.202112161359/tools/bin/../lib/gcc/arm-none-eabi/10.3.1/../../../../arm-none-eabi/lib/thumb/v6-m/nofp\libcr_c.a(fseek.o)
                0x00005870                fseek
 .text.ftell    0x00005960       0x48 c:/nxp/mcuxpressoide_11.6.0_8187/ide/plugins/com.nxp.mcuxpresso.tools.win32_11.6.0.202112161359/tools/bin/../lib/gcc/arm-none-eabi/10.3.1/../../../../arm-none-eabi/lib/thumb/v6-m/nofp\libcr_c.a(ftell.o)
                0x00005960                ftell
 .text.ldexp    0x000059a8       0x58 c:/nxp/mcuxpressoide_11.6.0_8187/ide/plugins/com.nxp.mcuxpresso.tools.win32_11.6.0.202112161359/tools/bin/../lib/gcc/arm-none-eabi/10.3.1/../../../../arm-none-eabi/lib/thumb/v6-m/nofp\libcr_c.a(ldexp.o)
                0x000059a8                ldexp
 .text._sbrk    0x00005a00       0x44 c:/nxp/mcuxpressoide_11.6.0_8187/ide/plugins/com.nxp.mcuxpresso.tools.win32_11.6.0.202112161359/tools/bin/../lib/gcc/arm-none-eabi/10.3.1/../../../../arm-none-eabi/lib/thumb/v6-m/nofp\libcr_c.a(_cr_sbrk.o)
                0x00005a00                _sbrk
 .text._do_fflush
                0x00005a44       0x48 c:/nxp/mcuxpressoide_11.6.0_8187/ide/plugins/com.nxp.mcuxpresso.tools.win32_11.6.0.202112161359/tools/bin/../lib/gcc/arm-none-eabi/10.3.1/../../../../arm-none-eabi/lib/thumb/v6-m/nofp\libcr_c.a(_do_fflush.o)
                0x00005a44                _do_fflush
 .text.__check_heap_overflow
                0x00005a8c       0x18 c:/nxp/mcuxpressoide_11.6.0_8187/ide/plugins/com.nxp.mcuxpresso.tools.win32_11.6.0.202112161359/tools/bin/../lib/gcc/arm-none-eabi/10.3.1/../../../../arm-none-eabi/lib/thumb/v6-m/nofp\libcr_c.a(_cr_check_heap.o)
                0x00005a8c                __check_heap_overflow
 .text.__aeabi_dmul
                0x00005aa4      0x184 c:/nxp/mcuxpressoide_11.6.0_8187/ide/plugins/com.nxp.mcuxpresso.tools.win32_11.6.0.202112161359/tools/bin/../lib/gcc/arm-none-eabi/10.3.1/thumb/v6-m/nofp\libcr_eabihelpers.a(double.o)
                0x00005aa4                __aeabi_dmul
 .text.__aeabi_ddiv
                0x00005c28      0x14c c:/nxp/mcuxpressoide_11.6.0_8187/ide/plugins/com.nxp.mcuxpresso.tools.win32_11.6.0.202112161359/tools/bin/../lib/gcc/arm-none-eabi/10.3.1/thumb/v6-m/nofp\libcr_eabihelpers.a(double.o)
                0x00005c28                __aeabi_ddiv
 .text.__aeabi_dsub
                0x00005d74      0x1c0 c:/nxp/mcuxpressoide_11.6.0_8187/ide/plugins/com.nxp.mcuxpresso.tools.win32_11.6.0.202112161359/tools/bin/../lib/gcc/arm-none-eabi/10.3.1/thumb/v6-m/nofp\libcr_eabihelpers.a(double.o)
                0x00005d74                __aeabi_dsub
 .text.__aeabi_dadd
                0x00005f34      0x134 c:/nxp/mcuxpressoide_11.6.0_8187/ide/plugins/com.nxp.mcuxpresso.tools.win32_11.6.0.202112161359/tools/bin/../lib/gcc/arm-none-eabi/10.3.1/thumb/v6-m/nofp\libcr_eabihelpers.a(double.o)
                0x00005f34                __aeabi_dadd
 .text.__aeabi_d2f
                0x00006068       0x60 c:/nxp/mcuxpressoide_11.6.0_8187/ide/plugins/com.nxp.mcuxpresso.tools.win32_11.6.0.202112161359/tools/bin/../lib/gcc/arm-none-eabi/10.3.1/thumb/v6-m/nofp\libcr_eabihelpers.a(double.o)
                0x00006068                __aeabi_d2f
 .text.__aeabi_d2iz
                0x000060c8       0x50 c:/nxp/mcuxpressoide_11.6.0_8187/ide/plugins/com.nxp.mcuxpresso.tools.win32_11.6.0.202112161359/tools/bin/../lib/gcc/arm-none-eabi/10.3.1/thumb/v6-m/nofp\libcr_eabihelpers.a(double.o)
                0x000060c8                __aeabi_d2iz
 .text.__aeabi_d2uiz
                0x00006118       0x38 c:/nxp/mcuxpressoide_11.6.0_8187/ide/plugins/com.nxp.mcuxpresso.tools.win32_11.6.0.202112161359/tools/bin/../lib/gcc/arm-none-eabi/10.3.1/thumb/v6-m/nofp\libcr_eabihelpers.a(double.o)
                0x00006118                __aeabi_d2uiz
 .text.__aeabi_d2lz
                0x00006150       0x88 c:/nxp/mcuxpressoide_11.6.0_8187/ide/plugins/com.nxp.mcuxpresso.tools.win32_11.6.0.202112161359/tools/bin/../lib/gcc/arm-none-eabi/10.3.1/thumb/v6-m/nofp\libcr_eabihelpers.a(double.o)
                0x00006150                __aeabi_d2lz
 .text.__bhs_ul2d
                0x000061d8       0xac c:/nxp/mcuxpressoide_11.6.0_8187/ide/plugins/com.nxp.mcuxpresso.tools.win32_11.6.0.202112161359/tools/bin/../lib/gcc/arm-none-eabi/10.3.1/thumb/v6-m/nofp\libcr_eabihelpers.a(double.o)
                0x000061d8                __bhs_ul2d
 .text.__aeabi_dcmpeq
                0x00006284       0x30 c:/nxp/mcuxpressoide_11.6.0_8187/ide/plugins/com.nxp.mcuxpresso.tools.win32_11.6.0.202112161359/tools/bin/../lib/gcc/arm-none-eabi/10.3.1/thumb/v6-m/nofp\libcr_eabihelpers.a(double.o)
                0x00006284                __aeabi_dcmpeq
 .text.__aeabi_dcmplt
                0x000062b4       0x60 c:/nxp/mcuxpressoide_11.6.0_8187/ide/plugins/com.nxp.mcuxpresso.tools.win32_11.6.0.202112161359/tools/bin/../lib/gcc/arm-none-eabi/10.3.1/thumb/v6-m/nofp\libcr_eabihelpers.a(double.o)
                0x000062b4                __aeabi_dcmplt
 .text.__aeabi_dcmpgt
                0x00006314       0x5c c:/nxp/mcuxpressoide_11.6.0_8187/ide/plugins/com.nxp.mcuxpresso.tools.win32_11.6.0.202112161359/tools/bin/../lib/gcc/arm-none-eabi/10.3.1/thumb/v6-m/nofp\libcr_eabihelpers.a(double.o)
                0x00006314                __aeabi_dcmpgt
 .text.__aeabi_dcmple
                0x00006370       0x5c c:/nxp/mcuxpressoide_11.6.0_8187/ide/plugins/com.nxp.mcuxpresso.tools.win32_11.6.0.202112161359/tools/bin/../lib/gcc/arm-none-eabi/10.3.1/thumb/v6-m/nofp\libcr_eabihelpers.a(double.o)
                0x00006370                __aeabi_dcmple
 .text.__aeabi_dcmpge
                0x000063cc       0x5c c:/nxp/mcuxpressoide_11.6.0_8187/ide/plugins/com.nxp.mcuxpresso.tools.win32_11.6.0.202112161359/tools/bin/../lib/gcc/arm-none-eabi/10.3.1/thumb/v6-m/nofp\libcr_eabihelpers.a(double.o)
                0x000063cc                __aeabi_dcmpge
 .text.__aeabi_fmul
                0x00006428       0xc0 c:/nxp/mcuxpressoide_11.6.0_8187/ide/plugins/com.nxp.mcuxpresso.tools.win32_11.6.0.202112161359/tools/bin/../lib/gcc/arm-none-eabi/10.3.1/thumb/v6-m/nofp\libcr_eabihelpers.a(float.o)
                0x00006428                __aeabi_fmul
 .text.__aeabi_fsub
                0x000064e8      0x128 c:/nxp/mcuxpressoide_11.6.0_8187/ide/plugins/com.nxp.mcuxpresso.tools.win32_11.6.0.202112161359/tools/bin/../lib/gcc/arm-none-eabi/10.3.1/thumb/v6-m/nofp\libcr_eabihelpers.a(float.o)
                0x000064e8                __aeabi_fsub
 .text.__aeabi_fadd
                0x00006610       0xac c:/nxp/mcuxpressoide_11.6.0_8187/ide/plugins/com.nxp.mcuxpresso.tools.win32_11.6.0.202112161359/tools/bin/../lib/gcc/arm-none-eabi/10.3.1/thumb/v6-m/nofp\libcr_eabihelpers.a(float.o)
                0x00006610                __aeabi_fadd
 .text.__aeabi_f2d
                0x000066bc       0x40 c:/nxp/mcuxpressoide_11.6.0_8187/ide/plugins/com.nxp.mcuxpresso.tools.win32_11.6.0.202112161359/tools/bin/../lib/gcc/arm-none-eabi/10.3.1/thumb/v6-m/nofp\libcr_eabihelpers.a(float.o)
                0x000066bc                __aeabi_f2d
 .text.UART_EnableTx
                0x000066fc       0x40 ./utilities/fsl_debug_console.o
 .text.UART_EnableRx
                0x0000673c       0x40 ./utilities/fsl_debug_console.o
 .text.LPSCI_EnableTx
                0x0000677c       0x40 ./utilities/fsl_debug_console.o
 .text.LPSCI_EnableRx
                0x000067bc       0x40 ./utilities/fsl_debug_console.o
 .text.DbgConsole_PrintfPaddingCharacter
                0x000067fc       0x48 ./utilities/fsl_debug_console.o
 .text.DbgConsole_ConvertRadixNumToString
                0x00006844      0x114 ./utilities/fsl_debug_console.o
 .text.DbgConsole_PrintfFormattedData
                0x00006958      0x378 ./utilities/fsl_debug_console.o
 .text.init_accelerometer
                0x00006cd0       0x16 ./source/accelerometer.o
                0x00006cd0                init_accelerometer
 .text.cbfifo_init
                0x00006ce6       0x40 ./source/cbfifo.o
                0x00006ce6                cbfifo_init
 .text.cbfifo_enqueue
                0x00006d26       0x72 ./source/cbfifo.o
                0x00006d26                cbfifo_enqueue
 .text.cbfifo_dequeue
                0x00006d98       0x76 ./source/cbfifo.o
                0x00006d98                cbfifo_dequeue
 .text.cbfifo_length
                0x00006e0e       0x14 ./source/cbfifo.o
                0x00006e0e                cbfifo_length
 .text.cbfifo_full
                0x00006e22       0x1e ./source/cbfifo.o
                0x00006e22                cbfifo_full
 .text.cbfifo_empty
                0x00006e40       0x1a ./source/cbfifo.o
                0x00006e40                cbfifo_empty
 .text.Delay    0x00006e5a       0x26 ./source/command_processor.o
                0x00006e5a                Delay
 .text.OSC_SetExtRefClkConfig
                0x00006e80       0x3e ./drivers/fsl_clock.o
 .text.OSC_SetCapLoad
                0x00006ebe       0x42 ./drivers/fsl_clock.o
 .text.CLOCK_GetPll0RefFreq
                0x00006f00       0x10 ./drivers/fsl_clock.o
 .text.CLOCK_SetExternalRefClkConfig
                0x00006f10       0x16 ./drivers/fsl_clock.o
                0x00006f10                CLOCK_SetExternalRefClkConfig
 .text.LPSCI_GetStatusFlags
                0x00006f26       0x26 ./drivers/fsl_lpsci.o
                0x00006f26                LPSCI_GetStatusFlags
 .text.UART_GetStatusFlags
                0x00006f4c       0x26 ./drivers/fsl_uart.o
                0x00006f4c                UART_GetStatusFlags
 .text.UART_WriteBlocking
                0x00006f72       0x3c ./drivers/fsl_uart.o
                0x00006f72                UART_WriteBlocking
 .text.BOARD_InitBootClocks
                0x00006fae        0xe ./board/clock_config.o
                0x00006fae                BOARD_InitBootClocks
 .text.BOARD_InitBootPeripherals
                0x00006fbc        0xa ./board/peripherals.o
                0x00006fbc                BOARD_InitBootPeripherals
 .text.BOARD_InitBootPins
                0x00006fc6        0xe ./board/pin_mux.o
                0x00006fc6                BOARD_InitBootPins
 .text.__main   0x00006fd4        0xc c:/nxp/mcuxpressoide_11.6.0_8187/ide/plugins/com.nxp.mcuxpresso.tools.win32_11.6.0.202112161359/tools/bin/../lib/gcc/arm-none-eabi/10.3.1/../../../../arm-none-eabi/lib/thumb/v6-m/nofp\libcr_nohost_nf.a(_cr__main.o)
                0x00006fd4                __main
 .text.memcpy   0x00006fe0        0x8 c:/nxp/mcuxpressoide_11.6.0_8187/ide/plugins/com.nxp.mcuxpresso.tools.win32_11.6.0.202112161359/tools/bin/../lib/gcc/arm-none-eabi/10.3.1/../../../../arm-none-eabi/lib/thumb/v6-m/nofp\libcr_c.a(memcpy.o)
                0x00006fe0                memcpy
 .text.memset   0x00006fe8        0x8 c:/nxp/mcuxpressoide_11.6.0_8187/ide/plugins/com.nxp.mcuxpresso.tools.win32_11.6.0.202112161359/tools/bin/../lib/gcc/arm-none-eabi/10.3.1/../../../../arm-none-eabi/lib/thumb/v6-m/nofp\libcr_c.a(memset.o)
                0x00006fe8                memset
 .text.fabs     0x00006ff0       0x22 c:/nxp/mcuxpressoide_11.6.0_8187/ide/plugins/com.nxp.mcuxpresso.tools.win32_11.6.0.202112161359/tools/bin/../lib/gcc/arm-none-eabi/10.3.1/../../../../arm-none-eabi/lib/thumb/v6-m/nofp\libcr_c.a(fabs.o)
                0x00006ff0                fabs
 .text.fp_round
                0x00007012       0x4a c:/nxp/mcuxpressoide_11.6.0_8187/ide/plugins/com.nxp.mcuxpresso.tools.win32_11.6.0.202112161359/tools/bin/../lib/gcc/arm-none-eabi/10.3.1/../../../../arm-none-eabi/lib/thumb/v6-m/nofp\libcr_c.a(fpprintf.o)
 .text.pr_dec.constprop.0
                0x0000705c       0x30 c:/nxp/mcuxpressoide_11.6.0_8187/ide/plugins/com.nxp.mcuxpresso.tools.win32_11.6.0.202112161359/tools/bin/../lib/gcc/arm-none-eabi/10.3.1/../../../../arm-none-eabi/lib/thumb/v6-m/nofp\libcr_c.a(fpprintf.o)
 .text.abs      0x0000708c        0x8 c:/nxp/mcuxpressoide_11.6.0_8187/ide/plugins/com.nxp.mcuxpresso.tools.win32_11.6.0.202112161359/tools/bin/../lib/gcc/arm-none-eabi/10.3.1/../../../../arm-none-eabi/lib/thumb/v6-m/nofp\libcr_c.a(stdlib.o)
                0x0000708c                abs
 .text.free     0x00007094       0x2c c:/nxp/mcuxpressoide_11.6.0_8187/ide/plugins/com.nxp.mcuxpresso.tools.win32_11.6.0.202112161359/tools/bin/../lib/gcc/arm-none-eabi/10.3.1/../../../../arm-none-eabi/lib/thumb/v6-m/nofp\libcr_c.a(alloc.o)
                0x00007094                free
 .text.remove   0x000070c0       0x12 c:/nxp/mcuxpressoide_11.6.0_8187/ide/plugins/com.nxp.mcuxpresso.tools.win32_11.6.0.202112161359/tools/bin/../lib/gcc/arm-none-eabi/10.3.1/../../../../arm-none-eabi/lib/thumb/v6-m/nofp\libcr_c.a(remove.o)
                0x000070c0                remove
 .text.__aeabi_division_idivmod
                0x000070d2       0x78 c:/nxp/mcuxpressoide_11.6.0_8187/ide/plugins/com.nxp.mcuxpresso.tools.win32_11.6.0.202112161359/tools/bin/../lib/gcc/arm-none-eabi/10.3.1/thumb/v6-m/nofp\libcr_eabihelpers.a(division_32.o)
                0x000070d2                __aeabi_idivmod
                0x000070d2                __aeabi_idiv
                0x000070d8                __aeabi_uidivmod
                0x000070d8                __aeabi_uidiv
 .text.__aeabi_division_idiv0
                0x0000714a        0x2 c:/nxp/mcuxpressoide_11.6.0_8187/ide/plugins/com.nxp.mcuxpresso.tools.win32_11.6.0.202112161359/tools/bin/../lib/gcc/arm-none-eabi/10.3.1/thumb/v6-m/nofp\libcr_eabihelpers.a(division_idiv0.o)
                0x0000714a                __aeabi_idiv0
 .text.__bhs_ui2d
                0x0000714c       0x5e c:/nxp/mcuxpressoide_11.6.0_8187/ide/plugins/com.nxp.mcuxpresso.tools.win32_11.6.0.202112161359/tools/bin/../lib/gcc/arm-none-eabi/10.3.1/thumb/v6-m/nofp\libcr_eabihelpers.a(double.o)
                0x0000714c                __bhs_ui2d
 .text.__aeabi_i2d
                0x000071aa       0x18 c:/nxp/mcuxpressoide_11.6.0_8187/ide/plugins/com.nxp.mcuxpresso.tools.win32_11.6.0.202112161359/tools/bin/../lib/gcc/arm-none-eabi/10.3.1/thumb/v6-m/nofp\libcr_eabihelpers.a(double.o)
                0x000071aa                __aeabi_i2d
 .text.__aeabi_ui2d
                0x000071c2        0xc c:/nxp/mcuxpressoide_11.6.0_8187/ide/plugins/com.nxp.mcuxpresso.tools.win32_11.6.0.202112161359/tools/bin/../lib/gcc/arm-none-eabi/10.3.1/thumb/v6-m/nofp\libcr_eabihelpers.a(double.o)
                0x000071c2                __aeabi_ui2d
 .text.__aeabi_l2d
                0x000071ce       0x24 c:/nxp/mcuxpressoide_11.6.0_8187/ide/plugins/com.nxp.mcuxpresso.tools.win32_11.6.0.202112161359/tools/bin/../lib/gcc/arm-none-eabi/10.3.1/thumb/v6-m/nofp\libcr_eabihelpers.a(double.o)
                0x000071ce                __aeabi_l2d
 .text.__aeabi_fcmplt
                0x000071f2       0x42 c:/nxp/mcuxpressoide_11.6.0_8187/ide/plugins/com.nxp.mcuxpresso.tools.win32_11.6.0.202112161359/tools/bin/../lib/gcc/arm-none-eabi/10.3.1/thumb/v6-m/nofp\libcr_eabihelpers.a(float.o)
                0x000071f2                __aeabi_fcmplt
 .text.__aeabi_llong_lmul
                0x00007234       0x2e c:/nxp/mcuxpressoide_11.6.0_8187/ide/plugins/com.nxp.mcuxpresso.tools.win32_11.6.0.202112161359/tools/bin/../lib/gcc/arm-none-eabi/10.3.1/thumb/v6-m/nofp\libcr_eabihelpers.a(llong.o)
                0x00007234                __aeabi_lmul
 .text.__aeabi_memcpy
                0x00007262       0x2c c:/nxp/mcuxpressoide_11.6.0_8187/ide/plugins/com.nxp.mcuxpresso.tools.win32_11.6.0.202112161359/tools/bin/../lib/gcc/arm-none-eabi/10.3.1/thumb/v6-m/nofp\libcr_eabihelpers.a(memcpy.o)
                0x00007262                __aeabi_memcpy4
                0x00007262                __aeabi_memcpy8
                0x00007262                __aeabi_memcpy
 .text.__aeabi_memset_lowlevel
                0x0000728e       0x2a c:/nxp/mcuxpressoide_11.6.0_8187/ide/plugins/com.nxp.mcuxpresso.tools.win32_11.6.0.202112161359/tools/bin/../lib/gcc/arm-none-eabi/10.3.1/thumb/v6-m/nofp\libcr_eabihelpers.a(memcpy.o)
                0x0000728e                __aeabi_lowlevel_memset
 .text.__gnu_thumb1_case_shi
                0x000072b8       0x10 c:/nxp/mcuxpressoide_11.6.0_8187/ide/plugins/com.nxp.mcuxpresso.tools.win32_11.6.0.202112161359/tools/bin/../lib/gcc/arm-none-eabi/10.3.1/thumb/v6-m/nofp\libcr_eabihelpers.a(thumb1_switch_helpers.o)
                0x000072b8                __gnu_thumb1_case_shi
 .text.__sys_appexit
                0x000072c8        0x2 c:/nxp/mcuxpressoide_11.6.0_8187/ide/plugins/com.nxp.mcuxpresso.tools.win32_11.6.0.202112161359/tools/bin/../lib/gcc/arm-none-eabi/10.3.1/../../../../arm-none-eabi/lib/thumb/v6-m/nofp\libcr_nohost_nf.a(__sys_appexit.o)
                0x000072c8                __sys_appexit
                0x000072c8                __exit
 .text.__sys_close
                0x000072ca        0x6 c:/nxp/mcuxpressoide_11.6.0_8187/ide/plugins/com.nxp.mcuxpresso.tools.win32_11.6.0.202112161359/tools/bin/../lib/gcc/arm-none-eabi/10.3.1/../../../../arm-none-eabi/lib/thumb/v6-m/nofp\libcr_nohost_nf.a(__sys_close.o)
                0x000072ca                __sys_close
 .text.__sys_flen
                0x000072d0        0x6 c:/nxp/mcuxpressoide_11.6.0_8187/ide/plugins/com.nxp.mcuxpresso.tools.win32_11.6.0.202112161359/tools/bin/../lib/gcc/arm-none-eabi/10.3.1/../../../../arm-none-eabi/lib/thumb/v6-m/nofp\libcr_nohost_nf.a(__sys_flen.o)
                0x000072d0                __sys_flen
 .text.__sys_istty
                0x000072d6        0x6 c:/nxp/mcuxpressoide_11.6.0_8187/ide/plugins/com.nxp.mcuxpresso.tools.win32_11.6.0.202112161359/tools/bin/../lib/gcc/arm-none-eabi/10.3.1/../../../../arm-none-eabi/lib/thumb/v6-m/nofp\libcr_nohost_nf.a(__sys_istty.o)
                0x000072d6                __sys_istty
 .text.__sys_remove
                0x000072dc        0x6 c:/nxp/mcuxpressoide_11.6.0_8187/ide/plugins/com.nxp.mcuxpresso.tools.win32_11.6.0.202112161359/tools/bin/../lib/gcc/arm-none-eabi/10.3.1/../../../../arm-none-eabi/lib/thumb/v6-m/nofp\libcr_nohost_nf.a(__sys_remove.o)
                0x000072dc                __sys_remove
 .text.__sys_seek
                0x000072e2        0x6 c:/nxp/mcuxpressoide_11.6.0_8187/ide/plugins/com.nxp.mcuxpresso.tools.win32_11.6.0.202112161359/tools/bin/../lib/gcc/arm-none-eabi/10.3.1/../../../../arm-none-eabi/lib/thumb/v6-m/nofp\libcr_nohost_nf.a(__sys_seek.o)
                0x000072e2                __sys_seek
 .text.__sys_tmpnam
                0x000072e8        0x6 c:/nxp/mcuxpressoide_11.6.0_8187/ide/plugins/com.nxp.mcuxpresso.tools.win32_11.6.0.202112161359/tools/bin/../lib/gcc/arm-none-eabi/10.3.1/../../../../arm-none-eabi/lib/thumb/v6-m/nofp\libcr_nohost_nf.a(__sys_tmpnam.o)
                0x000072e8                __sys_tmpnam
 *(SORT_BY_ALIGNMENT(.rodata) SORT_BY_ALIGNMENT(.rodata.*) SORT_BY_ALIGNMENT(.constdata) SORT_BY_ALIGNMENT(.constdata.*))
 *fill*         0x000072ee        0x2 ff
 .rodata.a1.1   0x000072f0       0x88 c:/nxp/mcuxpressoide_11.6.0_8187/ide/plugins/com.nxp.mcuxpresso.tools.win32_11.6.0.202112161359/tools/bin/../lib/gcc/arm-none-eabi/10.3.1/../../../../arm-none-eabi/lib/thumb/v6-m/nofp\libcr_c.a(pow.o)
 .rodata.a2.0   0x00007378       0x40 c:/nxp/mcuxpressoide_11.6.0_8187/ide/plugins/com.nxp.mcuxpresso.tools.win32_11.6.0.202112161359/tools/bin/../lib/gcc/arm-none-eabi/10.3.1/../../../../arm-none-eabi/lib/thumb/v6-m/nofp\libcr_c.a(pow.o)
 .rodata.a.0    0x000073b8       0x20 c:/nxp/mcuxpressoide_11.6.0_8187/ide/plugins/com.nxp.mcuxpresso.tools.win32_11.6.0.202112161359/tools/bin/../lib/gcc/arm-none-eabi/10.3.1/../../../../arm-none-eabi/lib/thumb/v6-m/nofp\libcr_c.a(atan.o)
 .rodata.main.str1.4
                0x000073d8       0x40 ./source/Fall_Plane_detection.o
 .rodata.test_accelerometer.str1.4
                0x00007418       0x4a ./source/accelerometer.o
 *fill*         0x00007462        0x2 ff
 .rodata.process_fall_detection.str1.4
                0x00007464       0x23 ./source/command_processor.o
 *fill*         0x00007487        0x1 ff
 .rodata.plane_check.str1.4
                0x00007488       0x1a ./source/command_processor.o
 *fill*         0x000074a2        0x2 ff
 .rodata.display_UI.str1.4
                0x000074a4       0x74 ./source/command_processor.o
 .rodata.test_cbfifo.str1.4
                0x00007518      0x15c ./source/test_cbfifo.o
 .rodata.CLOCK_GetMcgExtClkFreq.str1.4
                0x00007674       0x1e ./drivers/fsl_clock.o
 *fill*         0x00007692        0x2 ff
 .rodata.CLOCK_GetPll0Freq.str1.4
                0x00007694       0x1d ./drivers/fsl_clock.o
 *fill*         0x000076b1        0x3 ff
 .rodata.CLOCK_EnablePll0.str1.4
                0x000076b4       0x19 ./drivers/fsl_clock.o
 *fill*         0x000076cd        0x3 ff
 .rodata.CLOCK_SetPbeMode.str1.4
                0x000076d0       0x1a ./drivers/fsl_clock.o
 *fill*         0x000076ea        0x2 ff
 .rodata.CLOCK_BootToPeeMode.str1.4
                0x000076ec       0x1a ./drivers/fsl_clock.o
 *fill*         0x00007706        0x2 ff
 .rodata.fllFactorTable.1
                0x00007708       0x10 ./drivers/fsl_clock.o
 .rodata.__assertion_failed.str1.4
                0x00007718        0x4 ./drivers/fsl_common.o
 .rodata.LPSCI_GetInstance.str1.4
                0x0000771c       0x36 ./drivers/fsl_lpsci.o
 *fill*         0x00007752        0x2 ff
 .rodata.LPSCI_Init.str1.4
                0x00007754       0x43 ./drivers/fsl_lpsci.o
 *fill*         0x00007797        0x1 ff
 .rodata.LPSCI_GetDefaultConfig.str1.4
                0x00007798       0x19 ./drivers/fsl_lpsci.o
 *fill*         0x000077b1        0x3 ff
 .rodata.LPSCI_WriteBlocking.str1.4
                0x000077b4       0x17 ./drivers/fsl_lpsci.o
 *fill*         0x000077cb        0x1 ff
 .rodata.LPSCI_ReadBlocking.str1.4
                0x000077cc       0x17 ./drivers/fsl_lpsci.o
 *fill*         0x000077e3        0x1 ff
 .rodata.s_uartBases
                0x000077e4        0xc ./drivers/fsl_uart.o
 .rodata.s_uartClock
                0x000077f0        0xc ./drivers/fsl_uart.o
 .rodata.UART_GetInstance.str1.4
                0x000077fc       0x2b ./drivers/fsl_uart.o
 *fill*         0x00007827        0x1 ff
 .rodata.UART_Init.str1.4
                0x00007828       0x3e ./drivers/fsl_uart.o
 *fill*         0x00007866        0x2 ff
 .rodata.UART_GetDefaultConfig.str1.4
                0x00007868       0x18 ./drivers/fsl_uart.o
 .rodata.UART_ReadBlocking.str1.4
                0x00007880       0x16 ./drivers/fsl_uart.o
 *fill*         0x00007896        0x2 ff
 .rodata.mcgConfig_BOARD_BootClockRUN
                0x00007898        0xa ./board/clock_config.o
                0x00007898                mcgConfig_BOARD_BootClockRUN
 *fill*         0x000078a2        0x2 ff
 .rodata.simConfig_BOARD_BootClockRUN
                0x000078a4        0x8 ./board/clock_config.o
                0x000078a4                simConfig_BOARD_BootClockRUN
 .rodata.oscConfig_BOARD_BootClockRUN
                0x000078ac        0x8 ./board/clock_config.o
                0x000078ac                oscConfig_BOARD_BootClockRUN
 .rodata.__num_Ciob_streams
                0x000078b4        0x4 c:/nxp/mcuxpressoide_11.6.0_8187/ide/plugins/com.nxp.mcuxpresso.tools.win32_11.6.0.202112161359/tools/bin/../lib/gcc/arm-none-eabi/10.3.1/../../../../arm-none-eabi/lib/thumb/v6-m/nofp\libcr_nohost_nf.a(__ciob.o)
                0x000078b4                __num_Ciob_streams
 .rodata.fp_display.str1.1
                0x000078b8       0x34 c:/nxp/mcuxpressoide_11.6.0_8187/ide/plugins/com.nxp.mcuxpresso.tools.win32_11.6.0.202112161359/tools/bin/../lib/gcc/arm-none-eabi/10.3.1/../../../../arm-none-eabi/lib/thumb/v6-m/nofp\libcr_c.a(fpprintf.o)
                                 0x35 (size before relaxing)
 .rodata._initio.str1.1
                0x000078ec        0x4 c:/nxp/mcuxpressoide_11.6.0_8187/ide/plugins/com.nxp.mcuxpresso.tools.win32_11.6.0.202112161359/tools/bin/../lib/gcc/arm-none-eabi/10.3.1/../../../../arm-none-eabi/lib/thumb/v6-m/nofp\libcr_c.a(initio.o)
 .rodata.__vfprintf.str1.1
                0x000078f0       0x31 c:/nxp/mcuxpressoide_11.6.0_8187/ide/plugins/com.nxp.mcuxpresso.tools.win32_11.6.0.202112161359/tools/bin/../lib/gcc/arm-none-eabi/10.3.1/../../../../arm-none-eabi/lib/thumb/v6-m/nofp\libcr_c.a(printf.o)
                                 0x38 (size before relaxing)
 .rodata._Csys_alloc.str1.1
                0x00007921       0x18 c:/nxp/mcuxpressoide_11.6.0_8187/ide/plugins/com.nxp.mcuxpresso.tools.win32_11.6.0.202112161359/tools/bin/../lib/gcc/arm-none-eabi/10.3.1/../../../../arm-none-eabi/lib/thumb/v6-m/nofp\libcr_c.a(alloc.o)
                0x0000793c                . = ALIGN (0x4)
 *fill*         0x00007939        0x3 ff
                0x0000793c                _etext = .

.glue_7         0x0000793c        0x0
 .glue_7        0x0000793c        0x0 linker stubs

.glue_7t        0x0000793c        0x0
 .glue_7t       0x0000793c        0x0 linker stubs

.vfp11_veneer   0x0000793c        0x0
 .vfp11_veneer  0x0000793c        0x0 linker stubs

.v4_bx          0x0000793c        0x0
 .v4_bx         0x0000793c        0x0 linker stubs

.iplt           0x0000793c        0x0
 .iplt          0x0000793c        0x0 ./utilities/fsl_debug_console.o

.rel.dyn        0x0000793c        0x0
 .rel.iplt      0x0000793c        0x0 ./utilities/fsl_debug_console.o

.m_usb_data
 *(SORT_BY_ALIGNMENT(m_usb_bdt))

.mtb_buffer_default
                0x1ffff000       0x80
 *(SORT_BY_ALIGNMENT(.mtb*))
 .mtb.$RAM1     0x1ffff000       0x80 ./source/mtb.o
                0x1ffff000                __mtb_buffer__

.uninit_RESERVED
                0x1ffff080        0x0
                0x1ffff080                _start_uninit_RESERVED = .
 *(SORT_BY_ALIGNMENT(.bss.$RESERVED*))
                0x1ffff080                . = ALIGN (0x4)
                0x1ffff080                _end_uninit_RESERVED = .

.data           0x1ffff080        0xc load address 0x0000793c
 FILL mask 0xff
                0x1ffff080                _data = .
                [!provide]                PROVIDE (__start_data_RAM = .)
                [!provide]                PROVIDE (__start_data_SRAM = .)
 *(SORT_BY_ALIGNMENT(vtable))
 *(SORT_BY_ALIGNMENT(.ramfunc*))
 *(SORT_BY_ALIGNMENT(CodeQuickAccess))
 *(SORT_BY_ALIGNMENT(DataQuickAccess))
 *(SORT_BY_ALIGNMENT(RamFunction))
 *(SORT_BY_ALIGNMENT(.data*))
 .data.Acc_data
                0x1ffff080        0x4 ./source/command_processor.o
                0x1ffff080                Acc_data
 .data.s_slowIrcFreq
                0x1ffff084        0x4 ./drivers/fsl_clock.o
 .data.SystemCoreClock
                0x1ffff088        0x4 ./CMSIS/system_MKL25Z4.o
                0x1ffff088                SystemCoreClock
                0x1ffff08c                . = ALIGN (0x4)
                0x1ffff08c                _edata = .
                [!provide]                PROVIDE (__end_data_RAM = .)
                [!provide]                PROVIDE (__end_data_SRAM = .)

.igot.plt       0x1ffff08c        0x0 load address 0x00007948
 .igot.plt      0x1ffff08c        0x0 ./utilities/fsl_debug_console.o

.bss            0x1ffff08c      0x458
                0x1ffff08c                _bss = .
                [!provide]                PROVIDE (__start_bss_RAM = .)
                [!provide]                PROVIDE (__start_bss_SRAM = .)
 *(SORT_BY_ALIGNMENT(.bss*))
 .bss.s_debugConsole
                0x1ffff08c       0x10 ./utilities/fsl_debug_console.o
 .bss.lock_detect
                0x1ffff09c        0x4 ./source/I2C.o
                0x1ffff09c                lock_detect
 .bss.i2c_lock  0x1ffff0a0        0x4 ./source/I2C.o
                0x1ffff0a0                i2c_lock
 .bss.Timeout_Time
                0x1ffff0a4        0x4 ./source/SysTick.o
                0x1ffff0a4                Timeout_Time
 .bss.roll      0x1ffff0a8        0x4 ./source/accelerometer.o
                0x1ffff0a8                roll
 .bss.pitch     0x1ffff0ac        0x4 ./source/accelerometer.o
                0x1ffff0ac                pitch
 .bss.previous_Z
                0x1ffff0b0        0x4 ./source/command_processor.o
                0x1ffff0b0                previous_Z
 .bss.fall_detected
                0x1ffff0b4        0x4 ./source/command_processor.o
                0x1ffff0b4                fall_detected
 .bss.change    0x1ffff0b8        0x4 ./source/command_processor.o
                0x1ffff0b8                change
 .bss.current_roll
                0x1ffff0bc        0x4 ./source/command_processor.o
                0x1ffff0bc                current_roll
 .bss.current_pitch
                0x1ffff0c0        0x4 ./source/command_processor.o
                0x1ffff0c0                current_pitch
 .bss.Acc_RAW_data
                0x1ffff0c4        0xc ./source/command_processor.o
                0x1ffff0c4                Acc_RAW_data
 .bss.Q1        0x1ffff0d0      0x10c ./source/test_cbfifo.o
                0x1ffff0d0                Q1
 .bss.total_checks
                0x1ffff1dc        0x4 ./source/test_cbfifo.o
 .bss.test_failed
                0x1ffff1e0        0x4 ./source/test_cbfifo.o
 .bss.checks_passed
                0x1ffff1e4        0x4 ./source/test_cbfifo.o
 .bss.RX_cbfifo
                0x1ffff1e8      0x10c ./source/uart.o
                0x1ffff1e8                RX_cbfifo
 .bss.TX_cbfifo
                0x1ffff2f4      0x10c ./source/uart.o
                0x1ffff2f4                TX_cbfifo
 .bss.g_xtal0Freq
                0x1ffff400        0x4 ./drivers/fsl_clock.o
                0x1ffff400                g_xtal0Freq
 .bss.s_lpsciHandle
                0x1ffff404        0x4 ./drivers/fsl_lpsci.o
 .bss.s_lpsciIsr
                0x1ffff408        0x4 ./drivers/fsl_lpsci.o
 .bss.s_uartHandle
                0x1ffff40c        0xc ./drivers/fsl_uart.o
 .bss.s_uartIsr
                0x1ffff418        0x4 ./drivers/fsl_uart.o
 .bss.errno     0x1ffff41c        0x4 c:/nxp/mcuxpressoide_11.6.0_8187/ide/plugins/com.nxp.mcuxpresso.tools.win32_11.6.0.202112161359/tools/bin/../lib/gcc/arm-none-eabi/10.3.1/../../../../arm-none-eabi/lib/thumb/v6-m/nofp\libcr_c.a(errno.o)
                0x1ffff41c                errno
 .bss.__end_of_heap
                0x1ffff420        0x4 c:/nxp/mcuxpressoide_11.6.0_8187/ide/plugins/com.nxp.mcuxpresso.tools.win32_11.6.0.202112161359/tools/bin/../lib/gcc/arm-none-eabi/10.3.1/../../../../arm-none-eabi/lib/thumb/v6-m/nofp\libcr_c.a(__init_alloc.o)
                0x1ffff420                __end_of_heap
 .bss.__heaps   0x1ffff424        0x4 c:/nxp/mcuxpressoide_11.6.0_8187/ide/plugins/com.nxp.mcuxpresso.tools.win32_11.6.0.202112161359/tools/bin/../lib/gcc/arm-none-eabi/10.3.1/../../../../arm-none-eabi/lib/thumb/v6-m/nofp\libcr_c.a(__init_alloc.o)
                0x1ffff424                __heaps
 .bss.__Ciob    0x1ffff428       0xb4 c:/nxp/mcuxpressoide_11.6.0_8187/ide/plugins/com.nxp.mcuxpresso.tools.win32_11.6.0.202112161359/tools/bin/../lib/gcc/arm-none-eabi/10.3.1/../../../../arm-none-eabi/lib/thumb/v6-m/nofp\libcr_nohost_nf.a(__ciob.o)
                0x1ffff428                __Ciob
 .bss.acc_X     0x1ffff4dc        0x2 ./source/accelerometer.o
                0x1ffff4dc                acc_X
 .bss.acc_Y     0x1ffff4de        0x2 ./source/accelerometer.o
                0x1ffff4de                acc_Y
 .bss.acc_Z     0x1ffff4e0        0x2 ./source/accelerometer.o
                0x1ffff4e0                acc_Z
 .bss.plane_detection_on
                0x1ffff4e2        0x1 ./source/uart.o
                0x1ffff4e2                plane_detection_on
 .bss.fall_detection_on
                0x1ffff4e3        0x1 ./source/uart.o
                0x1ffff4e3                fall_detection_on
 *(SORT_BY_ALIGNMENT(COMMON))
                0x1ffff4e4                . = ALIGN (0x4)
                0x1ffff4e4                _ebss = .
                [!provide]                PROVIDE (__end_bss_RAM = .)
                [!provide]                PROVIDE (__end_bss_SRAM = .)
                [!provide]                PROVIDE (end = .)

.noinit         0x1ffff4e4        0x0
                0x1ffff4e4                _noinit = .
                [!provide]                PROVIDE (__start_noinit_RAM = .)
                [!provide]                PROVIDE (__start_noinit_SRAM = .)
 *(SORT_BY_ALIGNMENT(.noinit*))
                0x1ffff4e4                . = ALIGN (0x4)
                0x1ffff4e4                _end_noinit = .
                [!provide]                PROVIDE (__end_noinit_RAM = .)
                [!provide]                PROVIDE (__end_noinit_SRAM = .)

.ARM.extab
 *(SORT_BY_ALIGNMENT(.ARM.extab*) SORT_BY_ALIGNMENT(.gnu.linkonce.armextab.*))

.ARM.exidx      0x00007948        0x0
                0x00007948                __exidx_start = .
 *(SORT_BY_ALIGNMENT(.ARM.exidx*) SORT_BY_ALIGNMENT(.gnu.linkonce.armexidx.*))
                0x00007948                __exidx_end = .
                0x00000400                _HeapSize = 0x400

.heap           0x1ffff4e4      0x400
                0x1ffff4e4                _pvHeapStart = .
                0x1ffff8e4                . = (. + _HeapSize)
 *fill*         0x1ffff4e4      0x400 
                0x1ffff8e4                . = ALIGN (0x4)
                0x1ffff8e4                _pvHeapLimit = .
                0x00000400                _StackSize = 0x400

.heap2stackfill
                0x1ffff8e4      0x400
                0x1ffffce4                . = (. + _StackSize)
 *fill*         0x1ffff8e4      0x400 

.stack          0x20002c00        0x0
                0x20002c00                _vStackBase = .
                0x20002c00                . = ALIGN (0x4)
                0x20003000                _vStackTop = (. + _StackSize)
                0x00000000                _image_start = LOADADDR (.text)
                0x00007948                _image_end = (LOADADDR (.data) + SIZEOF (.data))
                0x00007948                _image_size = (_image_end - _image_start)
OUTPUT(Fall_plane_detection.axf elf32-littlearm)
LOAD linker stubs

.debug_info     0x00000000     0x98fe
 .debug_info    0x00000000      0xf61 ./utilities/fsl_debug_console.o
 .debug_info    0x00000f61      0x4eb ./startup/startup_mkl25z4.o
 .debug_info    0x0000144c       0xa4 ./source/Fall_Plane_detection.o
 .debug_info    0x000014f0      0x531 ./source/I2C.o
 .debug_info    0x00001a21      0x58d ./source/SysTick.o
 .debug_info    0x00001fae      0x36f ./source/accelerometer.o
 .debug_info    0x0000231d      0x320 ./source/cbfifo.o
 .debug_info    0x0000263d      0x39c ./source/command_processor.o
 .debug_info    0x000029d9      0x3de ./source/gpio.o
 .debug_info    0x00002db7       0x53 ./source/mtb.o
 .debug_info    0x00002e0a       0x3c ./source/semihost_hardfault.o
 .debug_info    0x00002e46      0x2f0 ./source/test_cbfifo.o
 .debug_info    0x00003136      0x9f7 ./source/uart.o
 .debug_info    0x00003b2d     0x1a5a ./drivers/fsl_clock.o
 .debug_info    0x00005587      0x3e8 ./drivers/fsl_common.o
 .debug_info    0x0000596f     0x140d ./drivers/fsl_lpsci.o
 .debug_info    0x00006d7c     0x13ae ./drivers/fsl_uart.o
 .debug_info    0x0000812a      0x394 ./board/board.o
 .debug_info    0x000084be      0xabc ./board/clock_config.o
 .debug_info    0x00008f7a       0x3c ./board/peripherals.o
 .debug_info    0x00008fb6      0x547 ./board/pin_mux.o
 .debug_info    0x000094fd      0x401 ./CMSIS/system_MKL25Z4.o

.debug_abbrev   0x00000000     0x2202
 .debug_abbrev  0x00000000      0x2a5 ./utilities/fsl_debug_console.o
 .debug_abbrev  0x000002a5      0x198 ./startup/startup_mkl25z4.o
 .debug_abbrev  0x0000043d       0x5a ./source/Fall_Plane_detection.o
 .debug_abbrev  0x00000497      0x179 ./source/I2C.o
 .debug_abbrev  0x00000610      0x194 ./source/SysTick.o
 .debug_abbrev  0x000007a4      0x10d ./source/accelerometer.o
 .debug_abbrev  0x000008b1      0x1c1 ./source/cbfifo.o
 .debug_abbrev  0x00000a72      0x114 ./source/command_processor.o
 .debug_abbrev  0x00000b86       0xdd ./source/gpio.o
 .debug_abbrev  0x00000c63       0x46 ./source/mtb.o
 .debug_abbrev  0x00000ca9       0x31 ./source/semihost_hardfault.o
 .debug_abbrev  0x00000cda      0x13d ./source/test_cbfifo.o
 .debug_abbrev  0x00000e17      0x26d ./source/uart.o
 .debug_abbrev  0x00001084      0x357 ./drivers/fsl_clock.o
 .debug_abbrev  0x000013db      0x25b ./drivers/fsl_common.o
 .debug_abbrev  0x00001636      0x2d7 ./drivers/fsl_lpsci.o
 .debug_abbrev  0x0000190d      0x2f1 ./drivers/fsl_uart.o
 .debug_abbrev  0x00001bfe      0x11b ./board/board.o
 .debug_abbrev  0x00001d19      0x201 ./board/clock_config.o
 .debug_abbrev  0x00001f1a       0x31 ./board/peripherals.o
 .debug_abbrev  0x00001f4b      0x189 ./board/pin_mux.o
 .debug_abbrev  0x000020d4      0x12e ./CMSIS/system_MKL25Z4.o

.debug_aranges  0x00000000      0xa30
 .debug_aranges
                0x00000000       0x98 ./utilities/fsl_debug_console.o
 .debug_aranges
                0x00000098      0x160 ./startup/startup_mkl25z4.o
 .debug_aranges
                0x000001f8       0x20 ./source/Fall_Plane_detection.o
 .debug_aranges
                0x00000218       0x58 ./source/I2C.o
 .debug_aranges
                0x00000270       0x40 ./source/SysTick.o
 .debug_aranges
                0x000002b0       0x48 ./source/accelerometer.o
 .debug_aranges
                0x000002f8       0x48 ./source/cbfifo.o
 .debug_aranges
                0x00000340       0x58 ./source/command_processor.o
 .debug_aranges
                0x00000398       0x40 ./source/gpio.o
 .debug_aranges
                0x000003d8       0x18 ./source/mtb.o
 .debug_aranges
                0x000003f0       0x20 ./source/semihost_hardfault.o
 .debug_aranges
                0x00000410       0x48 ./source/test_cbfifo.o
 .debug_aranges
                0x00000458       0x80 ./source/uart.o
 .debug_aranges
                0x000004d8      0x1d8 ./drivers/fsl_clock.o
 .debug_aranges
                0x000006b0       0x38 ./drivers/fsl_common.o
 .debug_aranges
                0x000006e8      0x118 ./drivers/fsl_lpsci.o
 .debug_aranges
                0x00000800      0x130 ./drivers/fsl_uart.o
 .debug_aranges
                0x00000930       0x28 ./board/board.o
 .debug_aranges
                0x00000958       0x58 ./board/clock_config.o
 .debug_aranges
                0x000009b0       0x20 ./board/peripherals.o
 .debug_aranges
                0x000009d0       0x38 ./board/pin_mux.o
 .debug_aranges
                0x00000a08       0x28 ./CMSIS/system_MKL25Z4.o

.debug_ranges   0x00000000      0x8c8
 .debug_ranges  0x00000000       0x88 ./utilities/fsl_debug_console.o
 .debug_ranges  0x00000088      0x150 ./startup/startup_mkl25z4.o
 .debug_ranges  0x000001d8       0x10 ./source/Fall_Plane_detection.o
 .debug_ranges  0x000001e8       0x48 ./source/I2C.o
 .debug_ranges  0x00000230       0x30 ./source/SysTick.o
 .debug_ranges  0x00000260       0x38 ./source/accelerometer.o
 .debug_ranges  0x00000298       0x38 ./source/cbfifo.o
 .debug_ranges  0x000002d0       0x48 ./source/command_processor.o
 .debug_ranges  0x00000318       0x30 ./source/gpio.o
 .debug_ranges  0x00000348       0x10 ./source/semihost_hardfault.o
 .debug_ranges  0x00000358       0x38 ./source/test_cbfifo.o
 .debug_ranges  0x00000390       0x70 ./source/uart.o
 .debug_ranges  0x00000400      0x1c8 ./drivers/fsl_clock.o
 .debug_ranges  0x000005c8       0x28 ./drivers/fsl_common.o
 .debug_ranges  0x000005f0      0x108 ./drivers/fsl_lpsci.o
 .debug_ranges  0x000006f8      0x120 ./drivers/fsl_uart.o
 .debug_ranges  0x00000818       0x18 ./board/board.o
 .debug_ranges  0x00000830       0x48 ./board/clock_config.o
 .debug_ranges  0x00000878       0x10 ./board/peripherals.o
 .debug_ranges  0x00000888       0x28 ./board/pin_mux.o
 .debug_ranges  0x000008b0       0x18 ./CMSIS/system_MKL25Z4.o

.debug_macro    0x00000000     0xea0f
 .debug_macro   0x00000000      0x127 ./utilities/fsl_debug_console.o
 .debug_macro   0x00000127      0xa7e ./utilities/fsl_debug_console.o
 .debug_macro   0x00000ba5       0x10 ./utilities/fsl_debug_console.o
 .debug_macro   0x00000bb5       0x16 ./utilities/fsl_debug_console.o
 .debug_macro   0x00000bcb       0x10 ./utilities/fsl_debug_console.o
 .debug_macro   0x00000bdb      0x12e ./utilities/fsl_debug_console.o
 .debug_macro   0x00000d09       0x28 ./utilities/fsl_debug_console.o
 .debug_macro   0x00000d31       0xc4 ./utilities/fsl_debug_console.o
 .debug_macro   0x00000df5       0x16 ./utilities/fsl_debug_console.o
 .debug_macro   0x00000e0b       0x22 ./utilities/fsl_debug_console.o
 .debug_macro   0x00000e2d      0x5b3 ./utilities/fsl_debug_console.o
 .debug_macro   0x000013e0       0x10 ./utilities/fsl_debug_console.o
 .debug_macro   0x000013f0       0x3f ./utilities/fsl_debug_console.o
 .debug_macro   0x0000142f       0x3a ./utilities/fsl_debug_console.o
 .debug_macro   0x00001469       0x26 ./utilities/fsl_debug_console.o
 .debug_macro   0x0000148f      0x329 ./utilities/fsl_debug_console.o
 .debug_macro   0x000017b8       0x30 ./utilities/fsl_debug_console.o
 .debug_macro   0x000017e8     0x51e2 ./utilities/fsl_debug_console.o
 .debug_macro   0x000069ca     0x1352 ./utilities/fsl_debug_console.o
 .debug_macro   0x00007d1c       0x3a ./utilities/fsl_debug_console.o
 .debug_macro   0x00007d56       0xf4 ./utilities/fsl_debug_console.o
 .debug_macro   0x00007e4a       0x35 ./utilities/fsl_debug_console.o
 .debug_macro   0x00007e7f       0x2e ./utilities/fsl_debug_console.o
 .debug_macro   0x00007ead       0x10 ./utilities/fsl_debug_console.o
 .debug_macro   0x00007ebd       0x10 ./utilities/fsl_debug_console.o
 .debug_macro   0x00007ecd       0x29 ./startup/startup_mkl25z4.o
 .debug_macro   0x00007ef6      0x1c4 ./source/Fall_Plane_detection.o
 .debug_macro   0x000080ba       0xa0 ./source/Fall_Plane_detection.o
 .debug_macro   0x0000815a       0x16 ./source/Fall_Plane_detection.o
 .debug_macro   0x00008170       0x10 ./source/Fall_Plane_detection.o
 .debug_macro   0x00008180      0x112 ./source/Fall_Plane_detection.o
 .debug_macro   0x00008292       0x34 ./source/Fall_Plane_detection.o
 .debug_macro   0x000082c6       0x40 ./source/Fall_Plane_detection.o
 .debug_macro   0x00008306       0x58 ./source/Fall_Plane_detection.o
 .debug_macro   0x0000835e       0x22 ./source/Fall_Plane_detection.o
 .debug_macro   0x00008380       0x3a ./source/Fall_Plane_detection.o
 .debug_macro   0x000083ba       0x1c ./source/Fall_Plane_detection.o
 .debug_macro   0x000083d6       0x97 ./source/I2C.o
 .debug_macro   0x0000846d       0x3f ./source/I2C.o
 .debug_macro   0x000084ac       0x34 ./source/I2C.o
 .debug_macro   0x000084e0     0x51e2 ./source/I2C.o
 .debug_macro   0x0000d6c2       0x40 ./source/I2C.o
 .debug_macro   0x0000d702      0x163 ./source/SysTick.o
 .debug_macro   0x0000d865      0x16f ./source/accelerometer.o
 .debug_macro   0x0000d9d4       0x34 ./source/accelerometer.o
 .debug_macro   0x0000da08       0xf0 ./source/cbfifo.o
 .debug_macro   0x0000daf8       0x9a ./source/cbfifo.o
 .debug_macro   0x0000db92      0x1e8 ./source/command_processor.o
 .debug_macro   0x0000dd7a       0x1c ./source/command_processor.o
 .debug_macro   0x0000dd96      0x14a ./source/gpio.o
 .debug_macro   0x0000dee0       0x2f ./source/mtb.o
 .debug_macro   0x0000df0f       0x82 ./source/mtb.o
 .debug_macro   0x0000df91       0x10 ./source/mtb.o
 .debug_macro   0x0000dfa1       0x11 ./source/semihost_hardfault.o
 .debug_macro   0x0000dfb2       0xe3 ./source/test_cbfifo.o
 .debug_macro   0x0000e095      0x100 ./source/uart.o
 .debug_macro   0x0000e195      0x196 ./drivers/fsl_clock.o
 .debug_macro   0x0000e32b       0x1c ./drivers/fsl_clock.o
 .debug_macro   0x0000e347       0xef ./drivers/fsl_common.o
 .debug_macro   0x0000e436       0xec ./drivers/fsl_lpsci.o
 .debug_macro   0x0000e522       0xf2 ./drivers/fsl_uart.o
 .debug_macro   0x0000e614      0x112 ./board/board.o
 .debug_macro   0x0000e726      0x123 ./board/clock_config.o
 .debug_macro   0x0000e849       0x1b ./board/peripherals.o
 .debug_macro   0x0000e864      0x107 ./board/pin_mux.o
 .debug_macro   0x0000e96b       0x10 ./board/pin_mux.o
 .debug_macro   0x0000e97b       0x94 ./CMSIS/system_MKL25Z4.o

.debug_line     0x00000000     0x7b32
 .debug_line    0x00000000      0xdb9 ./utilities/fsl_debug_console.o
 .debug_line    0x00000db9      0x1ed ./startup/startup_mkl25z4.o
 .debug_line    0x00000fa6      0x4b1 ./source/Fall_Plane_detection.o
 .debug_line    0x00001457      0x3c1 ./source/I2C.o
 .debug_line    0x00001818      0x4ac ./source/SysTick.o
 .debug_line    0x00001cc4      0x585 ./source/accelerometer.o
 .debug_line    0x00002249      0x38d ./source/cbfifo.o
 .debug_line    0x000025d6      0x5da ./source/command_processor.o
 .debug_line    0x00002bb0      0x44b ./source/gpio.o
 .debug_line    0x00002ffb       0xd1 ./source/mtb.o
 .debug_line    0x000030cc       0x59 ./source/semihost_hardfault.o
 .debug_line    0x00003125      0x46b ./source/test_cbfifo.o
 .debug_line    0x00003590      0x57d ./source/uart.o
 .debug_line    0x00003b0d     0x12f0 ./drivers/fsl_clock.o
 .debug_line    0x00004dfd      0x414 ./drivers/fsl_common.o
 .debug_line    0x00005211      0xd69 ./drivers/fsl_lpsci.o
 .debug_line    0x00005f7a      0xd58 ./drivers/fsl_uart.o
 .debug_line    0x00006cd2      0x388 ./board/board.o
 .debug_line    0x0000705a      0x3e1 ./board/clock_config.o
 .debug_line    0x0000743b       0x5c ./board/peripherals.o
 .debug_line    0x00007497      0x368 ./board/pin_mux.o
 .debug_line    0x000077ff      0x333 ./CMSIS/system_MKL25Z4.o

.debug_str      0x00000000    0x3685d
 .debug_str     0x00000000    0x313db ./utilities/fsl_debug_console.o
                              0x3167a (size before relaxing)
 .debug_str     0x000313db      0x3cd ./startup/startup_mkl25z4.o
                               0x30b5 (size before relaxing)
 .debug_str     0x000317a8     0x1037 ./source/Fall_Plane_detection.o
                              0x31527 (size before relaxing)
 .debug_str     0x000327df      0x1a7 ./source/I2C.o
                              0x28ef1 (size before relaxing)
 .debug_str     0x00032986      0x2e4 ./source/SysTick.o
                              0x31823 (size before relaxing)
 .debug_str     0x00032c6a       0x8d ./source/accelerometer.o
                              0x31d87 (size before relaxing)
 .debug_str     0x00032cf7      0x111 ./source/cbfifo.o
                              0x29073 (size before relaxing)
 .debug_str     0x00032e08      0x1b1 ./source/command_processor.o
                              0x3195d (size before relaxing)
 .debug_str     0x00032fb9       0x73 ./source/gpio.o
                              0x3128d (size before relaxing)
 .debug_str     0x0003302c      0x532 ./source/mtb.o
                               0x31d5 (size before relaxing)
 .debug_str     0x0003355e       0x1f ./source/semihost_hardfault.o
                               0x2cc2 (size before relaxing)
 .debug_str     0x0003357d       0xe9 ./source/test_cbfifo.o
                              0x29096 (size before relaxing)
 .debug_str     0x00033666      0x193 ./source/uart.o
                              0x29495 (size before relaxing)
 .debug_str     0x000337f9     0x1789 ./drivers/fsl_clock.o
                              0x3218a (size before relaxing)
 .debug_str     0x00034f82       0xe1 ./drivers/fsl_common.o
                              0x30758 (size before relaxing)
 .debug_str     0x00035063      0x95a ./drivers/fsl_lpsci.o
                              0x31779 (size before relaxing)
 .debug_str     0x000359bd      0x832 ./drivers/fsl_uart.o
                              0x3179c (size before relaxing)
 .debug_str     0x000361ef       0x4c ./board/board.o
                              0x30f51 (size before relaxing)
 .debug_str     0x0003623b      0x3c1 ./board/clock_config.o
                              0x310bb (size before relaxing)
 .debug_str     0x000365fc       0x31 ./board/peripherals.o
                               0x2cd3 (size before relaxing)
 .debug_str     0x0003662d      0x1e1 ./board/pin_mux.o
                              0x30802 (size before relaxing)
 .debug_str     0x0003680e       0x4f ./CMSIS/system_MKL25Z4.o
                              0x2fb04 (size before relaxing)

.comment        0x00000000       0x49
 .comment       0x00000000       0x49 ./utilities/fsl_debug_console.o
                                 0x4a (size before relaxing)
 .comment       0x00000049       0x4a ./startup/startup_mkl25z4.o
 .comment       0x00000049       0x4a ./source/Fall_Plane_detection.o
 .comment       0x00000049       0x4a ./source/I2C.o
 .comment       0x00000049       0x4a ./source/SysTick.o
 .comment       0x00000049       0x4a ./source/accelerometer.o
 .comment       0x00000049       0x4a ./source/cbfifo.o
 .comment       0x00000049       0x4a ./source/command_processor.o
 .comment       0x00000049       0x4a ./source/gpio.o
 .comment       0x00000049       0x4a ./source/mtb.o
 .comment       0x00000049       0x4a ./source/semihost_hardfault.o
 .comment       0x00000049       0x4a ./source/test_cbfifo.o
 .comment       0x00000049       0x4a ./source/uart.o
 .comment       0x00000049       0x4a ./drivers/fsl_clock.o
 .comment       0x00000049       0x4a ./drivers/fsl_common.o
 .comment       0x00000049       0x4a ./drivers/fsl_lpsci.o
 .comment       0x00000049       0x4a ./drivers/fsl_uart.o
 .comment       0x00000049       0x4a ./board/board.o
 .comment       0x00000049       0x4a ./board/clock_config.o
 .comment       0x00000049       0x4a ./board/peripherals.o
 .comment       0x00000049       0x4a ./board/pin_mux.o
 .comment       0x00000049       0x4a ./CMSIS/system_MKL25Z4.o
 .comment       0x00000049       0x4a c:/nxp/mcuxpressoide_11.6.0_8187/ide/plugins/com.nxp.mcuxpresso.tools.win32_11.6.0.202112161359/tools/bin/../lib/gcc/arm-none-eabi/10.3.1/../../../../arm-none-eabi/lib/thumb/v6-m/nofp\libcr_nohost_nf.a(_cr__main.o)
 .comment       0x00000049       0x4a c:/nxp/mcuxpressoide_11.6.0_8187/ide/plugins/com.nxp.mcuxpresso.tools.win32_11.6.0.202112161359/tools/bin/../lib/gcc/arm-none-eabi/10.3.1/../../../../arm-none-eabi/lib/thumb/v6-m/nofp\libcr_c.a(memcpy.o)
 .comment       0x00000049       0x4a c:/nxp/mcuxpressoide_11.6.0_8187/ide/plugins/com.nxp.mcuxpresso.tools.win32_11.6.0.202112161359/tools/bin/../lib/gcc/arm-none-eabi/10.3.1/../../../../arm-none-eabi/lib/thumb/v6-m/nofp\libcr_c.a(memset.o)
 .comment       0x00000049       0x4a c:/nxp/mcuxpressoide_11.6.0_8187/ide/plugins/com.nxp.mcuxpresso.tools.win32_11.6.0.202112161359/tools/bin/../lib/gcc/arm-none-eabi/10.3.1/../../../../arm-none-eabi/lib/thumb/v6-m/nofp\libcr_c.a(atan2.o)
 .comment       0x00000049       0x4a c:/nxp/mcuxpressoide_11.6.0_8187/ide/plugins/com.nxp.mcuxpresso.tools.win32_11.6.0.202112161359/tools/bin/../lib/gcc/arm-none-eabi/10.3.1/../../../../arm-none-eabi/lib/thumb/v6-m/nofp\libcr_c.a(errno.o)
 .comment       0x00000049       0x4a c:/nxp/mcuxpressoide_11.6.0_8187/ide/plugins/com.nxp.mcuxpresso.tools.win32_11.6.0.202112161359/tools/bin/../lib/gcc/arm-none-eabi/10.3.1/../../../../arm-none-eabi/lib/thumb/v6-m/nofp\libcr_c.a(fabs.o)
 .comment       0x00000049       0x4a c:/nxp/mcuxpressoide_11.6.0_8187/ide/plugins/com.nxp.mcuxpresso.tools.win32_11.6.0.202112161359/tools/bin/../lib/gcc/arm-none-eabi/10.3.1/../../../../arm-none-eabi/lib/thumb/v6-m/nofp\libcr_c.a(fpprintf.o)
 .comment       0x00000049       0x4a c:/nxp/mcuxpressoide_11.6.0_8187/ide/plugins/com.nxp.mcuxpresso.tools.win32_11.6.0.202112161359/tools/bin/../lib/gcc/arm-none-eabi/10.3.1/../../../../arm-none-eabi/lib/thumb/v6-m/nofp\libcr_c.a(initio.o)
 .comment       0x00000049       0x4a c:/nxp/mcuxpressoide_11.6.0_8187/ide/plugins/com.nxp.mcuxpresso.tools.win32_11.6.0.202112161359/tools/bin/../lib/gcc/arm-none-eabi/10.3.1/../../../../arm-none-eabi/lib/thumb/v6-m/nofp\libcr_c.a(modf.o)
 .comment       0x00000049       0x4a c:/nxp/mcuxpressoide_11.6.0_8187/ide/plugins/com.nxp.mcuxpresso.tools.win32_11.6.0.202112161359/tools/bin/../lib/gcc/arm-none-eabi/10.3.1/../../../../arm-none-eabi/lib/thumb/v6-m/nofp\libcr_c.a(pow.o)
 .comment       0x00000049       0x4a c:/nxp/mcuxpressoide_11.6.0_8187/ide/plugins/com.nxp.mcuxpresso.tools.win32_11.6.0.202112161359/tools/bin/../lib/gcc/arm-none-eabi/10.3.1/../../../../arm-none-eabi/lib/thumb/v6-m/nofp\libcr_c.a(printf.o)
 .comment       0x00000049       0x4a c:/nxp/mcuxpressoide_11.6.0_8187/ide/plugins/com.nxp.mcuxpresso.tools.win32_11.6.0.202112161359/tools/bin/../lib/gcc/arm-none-eabi/10.3.1/../../../../arm-none-eabi/lib/thumb/v6-m/nofp\libcr_c.a(setvbuf.o)
 .comment       0x00000049       0x4a c:/nxp/mcuxpressoide_11.6.0_8187/ide/plugins/com.nxp.mcuxpresso.tools.win32_11.6.0.202112161359/tools/bin/../lib/gcc/arm-none-eabi/10.3.1/../../../../arm-none-eabi/lib/thumb/v6-m/nofp\libcr_c.a(sqrt.o)
 .comment       0x00000049       0x4a c:/nxp/mcuxpressoide_11.6.0_8187/ide/plugins/com.nxp.mcuxpresso.tools.win32_11.6.0.202112161359/tools/bin/../lib/gcc/arm-none-eabi/10.3.1/../../../../arm-none-eabi/lib/thumb/v6-m/nofp\libcr_c.a(stdlib.o)
 .comment       0x00000049       0x4a c:/nxp/mcuxpressoide_11.6.0_8187/ide/plugins/com.nxp.mcuxpresso.tools.win32_11.6.0.202112161359/tools/bin/../lib/gcc/arm-none-eabi/10.3.1/../../../../arm-none-eabi/lib/thumb/v6-m/nofp\libcr_c.a(strlen.o)
 .comment       0x00000049       0x4a c:/nxp/mcuxpressoide_11.6.0_8187/ide/plugins/com.nxp.mcuxpresso.tools.win32_11.6.0.202112161359/tools/bin/../lib/gcc/arm-none-eabi/10.3.1/../../../../arm-none-eabi/lib/thumb/v6-m/nofp\libcr_c.a(_deferredlazyseek.o)
 .comment       0x00000049       0x4a c:/nxp/mcuxpressoide_11.6.0_8187/ide/plugins/com.nxp.mcuxpresso.tools.win32_11.6.0.202112161359/tools/bin/../lib/gcc/arm-none-eabi/10.3.1/../../../../arm-none-eabi/lib/thumb/v6-m/nofp\libcr_c.a(_fdopen.o)
 .comment       0x00000049       0x4a c:/nxp/mcuxpressoide_11.6.0_8187/ide/plugins/com.nxp.mcuxpresso.tools.win32_11.6.0.202112161359/tools/bin/../lib/gcc/arm-none-eabi/10.3.1/../../../../arm-none-eabi/lib/thumb/v6-m/nofp\libcr_c.a(_fflush.o)
 .comment       0x00000049       0x4a c:/nxp/mcuxpressoide_11.6.0_8187/ide/plugins/com.nxp.mcuxpresso.tools.win32_11.6.0.202112161359/tools/bin/../lib/gcc/arm-none-eabi/10.3.1/../../../../arm-none-eabi/lib/thumb/v6-m/nofp\libcr_c.a(_frexpl.o)
 .comment       0x00000049       0x4a c:/nxp/mcuxpressoide_11.6.0_8187/ide/plugins/com.nxp.mcuxpresso.tools.win32_11.6.0.202112161359/tools/bin/../lib/gcc/arm-none-eabi/10.3.1/../../../../arm-none-eabi/lib/thumb/v6-m/nofp\libcr_c.a(_ldexpl.o)
 .comment       0x00000049       0x4a c:/nxp/mcuxpressoide_11.6.0_8187/ide/plugins/com.nxp.mcuxpresso.tools.win32_11.6.0.202112161359/tools/bin/../lib/gcc/arm-none-eabi/10.3.1/../../../../arm-none-eabi/lib/thumb/v6-m/nofp\libcr_c.a(_writebuf.o)
 .comment       0x00000049       0x4a c:/nxp/mcuxpressoide_11.6.0_8187/ide/plugins/com.nxp.mcuxpresso.tools.win32_11.6.0.202112161359/tools/bin/../lib/gcc/arm-none-eabi/10.3.1/../../../../arm-none-eabi/lib/thumb/v6-m/nofp\libcr_c.a(alloc.o)
 .comment       0x00000049       0x4a c:/nxp/mcuxpressoide_11.6.0_8187/ide/plugins/com.nxp.mcuxpresso.tools.win32_11.6.0.202112161359/tools/bin/../lib/gcc/arm-none-eabi/10.3.1/../../../../arm-none-eabi/lib/thumb/v6-m/nofp\libcr_c.a(atan.o)
 .comment       0x00000049       0x4a c:/nxp/mcuxpressoide_11.6.0_8187/ide/plugins/com.nxp.mcuxpresso.tools.win32_11.6.0.202112161359/tools/bin/../lib/gcc/arm-none-eabi/10.3.1/../../../../arm-none-eabi/lib/thumb/v6-m/nofp\libcr_c.a(fclose.o)
 .comment       0x00000049       0x4a c:/nxp/mcuxpressoide_11.6.0_8187/ide/plugins/com.nxp.mcuxpresso.tools.win32_11.6.0.202112161359/tools/bin/../lib/gcc/arm-none-eabi/10.3.1/../../../../arm-none-eabi/lib/thumb/v6-m/nofp\libcr_c.a(fflush.o)
 .comment       0x00000049       0x4a c:/nxp/mcuxpressoide_11.6.0_8187/ide/plugins/com.nxp.mcuxpresso.tools.win32_11.6.0.202112161359/tools/bin/../lib/gcc/arm-none-eabi/10.3.1/../../../../arm-none-eabi/lib/thumb/v6-m/nofp\libcr_c.a(frexp.o)
 .comment       0x00000049       0x4a c:/nxp/mcuxpressoide_11.6.0_8187/ide/plugins/com.nxp.mcuxpresso.tools.win32_11.6.0.202112161359/tools/bin/../lib/gcc/arm-none-eabi/10.3.1/../../../../arm-none-eabi/lib/thumb/v6-m/nofp\libcr_c.a(fseek.o)
 .comment       0x00000049       0x4a c:/nxp/mcuxpressoide_11.6.0_8187/ide/plugins/com.nxp.mcuxpresso.tools.win32_11.6.0.202112161359/tools/bin/../lib/gcc/arm-none-eabi/10.3.1/../../../../arm-none-eabi/lib/thumb/v6-m/nofp\libcr_c.a(ftell.o)
 .comment       0x00000049       0x4a c:/nxp/mcuxpressoide_11.6.0_8187/ide/plugins/com.nxp.mcuxpresso.tools.win32_11.6.0.202112161359/tools/bin/../lib/gcc/arm-none-eabi/10.3.1/../../../../arm-none-eabi/lib/thumb/v6-m/nofp\libcr_c.a(ldexp.o)
 .comment       0x00000049       0x4a c:/nxp/mcuxpressoide_11.6.0_8187/ide/plugins/com.nxp.mcuxpresso.tools.win32_11.6.0.202112161359/tools/bin/../lib/gcc/arm-none-eabi/10.3.1/../../../../arm-none-eabi/lib/thumb/v6-m/nofp\libcr_c.a(remove.o)
 .comment       0x00000049       0x4a c:/nxp/mcuxpressoide_11.6.0_8187/ide/plugins/com.nxp.mcuxpresso.tools.win32_11.6.0.202112161359/tools/bin/../lib/gcc/arm-none-eabi/10.3.1/../../../../arm-none-eabi/lib/thumb/v6-m/nofp\libcr_c.a(__init_alloc.o)
 .comment       0x00000049       0x4a c:/nxp/mcuxpressoide_11.6.0_8187/ide/plugins/com.nxp.mcuxpresso.tools.win32_11.6.0.202112161359/tools/bin/../lib/gcc/arm-none-eabi/10.3.1/../../../../arm-none-eabi/lib/thumb/v6-m/nofp\libcr_c.a(_cr_sbrk.o)
 .comment       0x00000049       0x4a c:/nxp/mcuxpressoide_11.6.0_8187/ide/plugins/com.nxp.mcuxpresso.tools.win32_11.6.0.202112161359/tools/bin/../lib/gcc/arm-none-eabi/10.3.1/../../../../arm-none-eabi/lib/thumb/v6-m/nofp\libcr_c.a(_do_fflush.o)
 .comment       0x00000049       0x4a c:/nxp/mcuxpressoide_11.6.0_8187/ide/plugins/com.nxp.mcuxpresso.tools.win32_11.6.0.202112161359/tools/bin/../lib/gcc/arm-none-eabi/10.3.1/../../../../arm-none-eabi/lib/thumb/v6-m/nofp\libcr_c.a(_cr_check_heap.o)
 .comment       0x00000049       0x4a c:/nxp/mcuxpressoide_11.6.0_8187/ide/plugins/com.nxp.mcuxpresso.tools.win32_11.6.0.202112161359/tools/bin/../lib/gcc/arm-none-eabi/10.3.1/thumb/v6-m/nofp\libcr_eabihelpers.a(double.o)
 .comment       0x00000049       0x4a c:/nxp/mcuxpressoide_11.6.0_8187/ide/plugins/com.nxp.mcuxpresso.tools.win32_11.6.0.202112161359/tools/bin/../lib/gcc/arm-none-eabi/10.3.1/thumb/v6-m/nofp\libcr_eabihelpers.a(float.o)
 .comment       0x00000049       0x4a c:/nxp/mcuxpressoide_11.6.0_8187/ide/plugins/com.nxp.mcuxpresso.tools.win32_11.6.0.202112161359/tools/bin/../lib/gcc/arm-none-eabi/10.3.1/../../../../arm-none-eabi/lib/thumb/v6-m/nofp\libcr_nohost_nf.a(__ciob.o)
 .comment       0x00000049       0x4a c:/nxp/mcuxpressoide_11.6.0_8187/ide/plugins/com.nxp.mcuxpresso.tools.win32_11.6.0.202112161359/tools/bin/../lib/gcc/arm-none-eabi/10.3.1/../../../../arm-none-eabi/lib/thumb/v6-m/nofp\libcr_nohost_nf.a(__sys_appexit.o)
 .comment       0x00000049       0x4a c:/nxp/mcuxpressoide_11.6.0_8187/ide/plugins/com.nxp.mcuxpresso.tools.win32_11.6.0.202112161359/tools/bin/../lib/gcc/arm-none-eabi/10.3.1/../../../../arm-none-eabi/lib/thumb/v6-m/nofp\libcr_nohost_nf.a(__sys_close.o)
 .comment       0x00000049       0x4a c:/nxp/mcuxpressoide_11.6.0_8187/ide/plugins/com.nxp.mcuxpresso.tools.win32_11.6.0.202112161359/tools/bin/../lib/gcc/arm-none-eabi/10.3.1/../../../../arm-none-eabi/lib/thumb/v6-m/nofp\libcr_nohost_nf.a(__sys_flen.o)
 .comment       0x00000049       0x4a c:/nxp/mcuxpressoide_11.6.0_8187/ide/plugins/com.nxp.mcuxpresso.tools.win32_11.6.0.202112161359/tools/bin/../lib/gcc/arm-none-eabi/10.3.1/../../../../arm-none-eabi/lib/thumb/v6-m/nofp\libcr_nohost_nf.a(__sys_istty.o)
 .comment       0x00000049       0x4a c:/nxp/mcuxpressoide_11.6.0_8187/ide/plugins/com.nxp.mcuxpresso.tools.win32_11.6.0.202112161359/tools/bin/../lib/gcc/arm-none-eabi/10.3.1/../../../../arm-none-eabi/lib/thumb/v6-m/nofp\libcr_nohost_nf.a(__sys_remove.o)
 .comment       0x00000049       0x4a c:/nxp/mcuxpressoide_11.6.0_8187/ide/plugins/com.nxp.mcuxpresso.tools.win32_11.6.0.202112161359/tools/bin/../lib/gcc/arm-none-eabi/10.3.1/../../../../arm-none-eabi/lib/thumb/v6-m/nofp\libcr_nohost_nf.a(__sys_seek.o)
 .comment       0x00000049       0x4a c:/nxp/mcuxpressoide_11.6.0_8187/ide/plugins/com.nxp.mcuxpresso.tools.win32_11.6.0.202112161359/tools/bin/../lib/gcc/arm-none-eabi/10.3.1/../../../../arm-none-eabi/lib/thumb/v6-m/nofp\libcr_nohost_nf.a(__sys_tmpnam.o)

.ARM.attributes
                0x00000000       0x2a
 .ARM.attributes
                0x00000000       0x2c ./utilities/fsl_debug_console.o
 .ARM.attributes
                0x0000002c       0x2c ./startup/startup_mkl25z4.o
 .ARM.attributes
                0x00000058       0x2c ./source/Fall_Plane_detection.o
 .ARM.attributes
                0x00000084       0x2c ./source/I2C.o
 .ARM.attributes
                0x000000b0       0x2c ./source/SysTick.o
 .ARM.attributes
                0x000000dc       0x2c ./source/accelerometer.o
 .ARM.attributes
                0x00000108       0x2c ./source/cbfifo.o
 .ARM.attributes
                0x00000134       0x2c ./source/command_processor.o
 .ARM.attributes
                0x00000160       0x2c ./source/gpio.o
 .ARM.attributes
                0x0000018c       0x2c ./source/mtb.o
 .ARM.attributes
                0x000001b8       0x2c ./source/semihost_hardfault.o
 .ARM.attributes
                0x000001e4       0x2c ./source/test_cbfifo.o
 .ARM.attributes
                0x00000210       0x2c ./source/uart.o
 .ARM.attributes
                0x0000023c       0x2c ./drivers/fsl_clock.o
 .ARM.attributes
                0x00000268       0x2c ./drivers/fsl_common.o
 .ARM.attributes
                0x00000294       0x2c ./drivers/fsl_lpsci.o
 .ARM.attributes
                0x000002c0       0x2c ./drivers/fsl_uart.o
 .ARM.attributes
                0x000002ec       0x2c ./board/board.o
 .ARM.attributes
                0x00000318       0x2c ./board/clock_config.o
 .ARM.attributes
                0x00000344       0x2c ./board/peripherals.o
 .ARM.attributes
                0x00000370       0x2c ./board/pin_mux.o
 .ARM.attributes
                0x0000039c       0x2c ./CMSIS/system_MKL25Z4.o
 .ARM.attributes
                0x000003c8       0x2c c:/nxp/mcuxpressoide_11.6.0_8187/ide/plugins/com.nxp.mcuxpresso.tools.win32_11.6.0.202112161359/tools/bin/../lib/gcc/arm-none-eabi/10.3.1/../../../../arm-none-eabi/lib/thumb/v6-m/nofp\libcr_nohost_nf.a(_cr__main.o)
 .ARM.attributes
                0x000003f4       0x2c c:/nxp/mcuxpressoide_11.6.0_8187/ide/plugins/com.nxp.mcuxpresso.tools.win32_11.6.0.202112161359/tools/bin/../lib/gcc/arm-none-eabi/10.3.1/../../../../arm-none-eabi/lib/thumb/v6-m/nofp\libcr_c.a(memcpy.o)
 .ARM.attributes
                0x00000420       0x2c c:/nxp/mcuxpressoide_11.6.0_8187/ide/plugins/com.nxp.mcuxpresso.tools.win32_11.6.0.202112161359/tools/bin/../lib/gcc/arm-none-eabi/10.3.1/../../../../arm-none-eabi/lib/thumb/v6-m/nofp\libcr_c.a(memset.o)
 .ARM.attributes
                0x0000044c       0x2c c:/nxp/mcuxpressoide_11.6.0_8187/ide/plugins/com.nxp.mcuxpresso.tools.win32_11.6.0.202112161359/tools/bin/../lib/gcc/arm-none-eabi/10.3.1/../../../../arm-none-eabi/lib/thumb/v6-m/nofp\libcr_c.a(atan2.o)
 .ARM.attributes
                0x00000478       0x2c c:/nxp/mcuxpressoide_11.6.0_8187/ide/plugins/com.nxp.mcuxpresso.tools.win32_11.6.0.202112161359/tools/bin/../lib/gcc/arm-none-eabi/10.3.1/../../../../arm-none-eabi/lib/thumb/v6-m/nofp\libcr_c.a(errno.o)
 .ARM.attributes
                0x000004a4       0x2c c:/nxp/mcuxpressoide_11.6.0_8187/ide/plugins/com.nxp.mcuxpresso.tools.win32_11.6.0.202112161359/tools/bin/../lib/gcc/arm-none-eabi/10.3.1/../../../../arm-none-eabi/lib/thumb/v6-m/nofp\libcr_c.a(fabs.o)
 .ARM.attributes
                0x000004d0       0x2c c:/nxp/mcuxpressoide_11.6.0_8187/ide/plugins/com.nxp.mcuxpresso.tools.win32_11.6.0.202112161359/tools/bin/../lib/gcc/arm-none-eabi/10.3.1/../../../../arm-none-eabi/lib/thumb/v6-m/nofp\libcr_c.a(fpprintf.o)
 .ARM.attributes
                0x000004fc       0x2c c:/nxp/mcuxpressoide_11.6.0_8187/ide/plugins/com.nxp.mcuxpresso.tools.win32_11.6.0.202112161359/tools/bin/../lib/gcc/arm-none-eabi/10.3.1/../../../../arm-none-eabi/lib/thumb/v6-m/nofp\libcr_c.a(initio.o)
 .ARM.attributes
                0x00000528       0x2c c:/nxp/mcuxpressoide_11.6.0_8187/ide/plugins/com.nxp.mcuxpresso.tools.win32_11.6.0.202112161359/tools/bin/../lib/gcc/arm-none-eabi/10.3.1/../../../../arm-none-eabi/lib/thumb/v6-m/nofp\libcr_c.a(modf.o)
 .ARM.attributes
                0x00000554       0x2c c:/nxp/mcuxpressoide_11.6.0_8187/ide/plugins/com.nxp.mcuxpresso.tools.win32_11.6.0.202112161359/tools/bin/../lib/gcc/arm-none-eabi/10.3.1/../../../../arm-none-eabi/lib/thumb/v6-m/nofp\libcr_c.a(pow.o)
 .ARM.attributes
                0x00000580       0x2c c:/nxp/mcuxpressoide_11.6.0_8187/ide/plugins/com.nxp.mcuxpresso.tools.win32_11.6.0.202112161359/tools/bin/../lib/gcc/arm-none-eabi/10.3.1/../../../../arm-none-eabi/lib/thumb/v6-m/nofp\libcr_c.a(printf.o)
 .ARM.attributes
                0x000005ac       0x2c c:/nxp/mcuxpressoide_11.6.0_8187/ide/plugins/com.nxp.mcuxpresso.tools.win32_11.6.0.202112161359/tools/bin/../lib/gcc/arm-none-eabi/10.3.1/../../../../arm-none-eabi/lib/thumb/v6-m/nofp\libcr_c.a(setvbuf.o)
 .ARM.attributes
                0x000005d8       0x2c c:/nxp/mcuxpressoide_11.6.0_8187/ide/plugins/com.nxp.mcuxpresso.tools.win32_11.6.0.202112161359/tools/bin/../lib/gcc/arm-none-eabi/10.3.1/../../../../arm-none-eabi/lib/thumb/v6-m/nofp\libcr_c.a(sqrt.o)
 .ARM.attributes
                0x00000604       0x2c c:/nxp/mcuxpressoide_11.6.0_8187/ide/plugins/com.nxp.mcuxpresso.tools.win32_11.6.0.202112161359/tools/bin/../lib/gcc/arm-none-eabi/10.3.1/../../../../arm-none-eabi/lib/thumb/v6-m/nofp\libcr_c.a(stdlib.o)
 .ARM.attributes
                0x00000630       0x2c c:/nxp/mcuxpressoide_11.6.0_8187/ide/plugins/com.nxp.mcuxpresso.tools.win32_11.6.0.202112161359/tools/bin/../lib/gcc/arm-none-eabi/10.3.1/../../../../arm-none-eabi/lib/thumb/v6-m/nofp\libcr_c.a(strlen.o)
 .ARM.attributes
                0x0000065c       0x2c c:/nxp/mcuxpressoide_11.6.0_8187/ide/plugins/com.nxp.mcuxpresso.tools.win32_11.6.0.202112161359/tools/bin/../lib/gcc/arm-none-eabi/10.3.1/../../../../arm-none-eabi/lib/thumb/v6-m/nofp\libcr_c.a(_deferredlazyseek.o)
 .ARM.attributes
                0x00000688       0x2c c:/nxp/mcuxpressoide_11.6.0_8187/ide/plugins/com.nxp.mcuxpresso.tools.win32_11.6.0.202112161359/tools/bin/../lib/gcc/arm-none-eabi/10.3.1/../../../../arm-none-eabi/lib/thumb/v6-m/nofp\libcr_c.a(_fdopen.o)
 .ARM.attributes
                0x000006b4       0x2c c:/nxp/mcuxpressoide_11.6.0_8187/ide/plugins/com.nxp.mcuxpresso.tools.win32_11.6.0.202112161359/tools/bin/../lib/gcc/arm-none-eabi/10.3.1/../../../../arm-none-eabi/lib/thumb/v6-m/nofp\libcr_c.a(_fflush.o)
 .ARM.attributes
                0x000006e0       0x2c c:/nxp/mcuxpressoide_11.6.0_8187/ide/plugins/com.nxp.mcuxpresso.tools.win32_11.6.0.202112161359/tools/bin/../lib/gcc/arm-none-eabi/10.3.1/../../../../arm-none-eabi/lib/thumb/v6-m/nofp\libcr_c.a(_frexpl.o)
 .ARM.attributes