Archive member included to satisfy reference by file (symbol)

c:/nxp/mcuxpressoide_11.6.0_8187/ide/plugins/com.nxp.mcuxpresso.tools.win32_11.6.0.202112161359/tools/bin/../lib/gcc/arm-none-eabi/10.3.1/../../../../arm-none-eabi/lib/thumb/v6-m/nofp\libcr_nohost_nf.a(_cr__main.o)
                              ./startup/startup_mkl25z4.o (__main)
c:/nxp/mcuxpressoide_11.6.0_8187/ide/plugins/com.nxp.mcuxpresso.tools.win32_11.6.0.202112161359/tools/bin/../lib/gcc/arm-none-eabi/10.3.1/../../../../arm-none-eabi/lib/thumb/v6-m/nofp\libcr_c.a(memcpy.o)
                              ./drivers/fsl_flash.o (memcpy)
c:/nxp/mcuxpressoide_11.6.0_8187/ide/plugins/com.nxp.mcuxpresso.tools.win32_11.6.0.202112161359/tools/bin/../lib/gcc/arm-none-eabi/10.3.1/../../../../arm-none-eabi/lib/thumb/v6-m/nofp\libcr_c.a(memset.o)
                              ./drivers/fsl_flash.o (memset)
c:/nxp/mcuxpressoide_11.6.0_8187/ide/plugins/com.nxp.mcuxpresso.tools.win32_11.6.0.202112161359/tools/bin/../lib/gcc/arm-none-eabi/10.3.1/../../../../arm-none-eabi/lib/thumb/v6-m/nofp\libcr_c.a(atan2.o)
                              ./source/accelerometer.o (atan2)
c:/nxp/mcuxpressoide_11.6.0_8187/ide/plugins/com.nxp.mcuxpresso.tools.win32_11.6.0.202112161359/tools/bin/../lib/gcc/arm-none-eabi/10.3.1/../../../../arm-none-eabi/lib/thumb/v6-m/nofp\libcr_c.a(errno.o)
                              c:/nxp/mcuxpressoide_11.6.0_8187/ide/plugins/com.nxp.mcuxpresso.tools.win32_11.6.0.202112161359/tools/bin/../lib/gcc/arm-none-eabi/10.3.1/../../../../arm-none-eabi/lib/thumb/v6-m/nofp\libcr_c.a(atan2.o) (errno)
c:/nxp/mcuxpressoide_11.6.0_8187/ide/plugins/com.nxp.mcuxpresso.tools.win32_11.6.0.202112161359/tools/bin/../lib/gcc/arm-none-eabi/10.3.1/../../../../arm-none-eabi/lib/thumb/v6-m/nofp\libcr_c.a(fabs.o)
                              ./source/accelerometer.o (fabs)
c:/nxp/mcuxpressoide_11.6.0_8187/ide/plugins/com.nxp.mcuxpresso.tools.win32_11.6.0.202112161359/tools/bin/../lib/gcc/arm-none-eabi/10.3.1/../../../../arm-none-eabi/lib/thumb/v6-m/nofp\libcr_c.a(fpprintf.o)
                              ./source/Fall_Plane_detection.o (printf)
c:/nxp/mcuxpressoide_11.6.0_8187/ide/plugins/com.nxp.mcuxpresso.tools.win32_11.6.0.202112161359/tools/bin/../lib/gcc/arm-none-eabi/10.3.1/../../../../arm-none-eabi/lib/thumb/v6-m/nofp\libcr_c.a(initio.o)
                              c:/nxp/mcuxpressoide_11.6.0_8187/ide/plugins/com.nxp.mcuxpresso.tools.win32_11.6.0.202112161359/tools/bin/../lib/gcc/arm-none-eabi/10.3.1/../../../../arm-none-eabi/lib/thumb/v6-m/nofp\libcr_nohost_nf.a(_cr__main.o) (_initio)
c:/nxp/mcuxpressoide_11.6.0_8187/ide/plugins/com.nxp.mcuxpresso.tools.win32_11.6.0.202112161359/tools/bin/../lib/gcc/arm-none-eabi/10.3.1/../../../../arm-none-eabi/lib/thumb/v6-m/nofp\libcr_c.a(modf.o)
                              ./utilities/fsl_debug_console.o (modf)
c:/nxp/mcuxpressoide_11.6.0_8187/ide/plugins/com.nxp.mcuxpresso.tools.win32_11.6.0.202112161359/tools/bin/../lib/gcc/arm-none-eabi/10.3.1/../../../../arm-none-eabi/lib/thumb/v6-m/nofp\libcr_c.a(pow.o)
                              ./utilities/fsl_debug_console.o (pow)
c:/nxp/mcuxpressoide_11.6.0_8187/ide/plugins/com.nxp.mcuxpresso.tools.win32_11.6.0.202112161359/tools/bin/../lib/gcc/arm-none-eabi/10.3.1/../../../../arm-none-eabi/lib/thumb/v6-m/nofp\libcr_c.a(printf.o)
                              c:/nxp/mcuxpressoide_11.6.0_8187/ide/plugins/com.nxp.mcuxpresso.tools.win32_11.6.0.202112161359/tools/bin/../lib/gcc/arm-none-eabi/10.3.1/../../../../arm-none-eabi/lib/thumb/v6-m/nofp\libcr_c.a(fpprintf.o) (__vfprintf)
c:/nxp/mcuxpressoide_11.6.0_8187/ide/plugins/com.nxp.mcuxpresso.tools.win32_11.6.0.202112161359/tools/bin/../lib/gcc/arm-none-eabi/10.3.1/../../../../arm-none-eabi/lib/thumb/v6-m/nofp\libcr_c.a(setvbuf.o)
                              c:/nxp/mcuxpressoide_11.6.0_8187/ide/plugins/com.nxp.mcuxpresso.tools.win32_11.6.0.202112161359/tools/bin/../lib/gcc/arm-none-eabi/10.3.1/../../../../arm-none-eabi/lib/thumb/v6-m/nofp\libcr_c.a(initio.o) (setvbuf)
c:/nxp/mcuxpressoide_11.6.0_8187/ide/plugins/com.nxp.mcuxpresso.tools.win32_11.6.0.202112161359/tools/bin/../lib/gcc/arm-none-eabi/10.3.1/../../../../arm-none-eabi/lib/thumb/v6-m/nofp\libcr_c.a(sqrt.o)
                              ./source/accelerometer.o (sqrt)
c:/nxp/mcuxpressoide_11.6.0_8187/ide/plugins/com.nxp.mcuxpresso.tools.win32_11.6.0.202112161359/tools/bin/../lib/gcc/arm-none-eabi/10.3.1/../../../../arm-none-eabi/lib/thumb/v6-m/nofp\libcr_c.a(stdlib.o)
                              ./source/Fall_Plane_detection.o (abs)
c:/nxp/mcuxpressoide_11.6.0_8187/ide/plugins/com.nxp.mcuxpresso.tools.win32_11.6.0.202112161359/tools/bin/../lib/gcc/arm-none-eabi/10.3.1/../../../../arm-none-eabi/lib/thumb/v6-m/nofp\libcr_c.a(strlen.o)
                              ./utilities/fsl_debug_console.o (strlen)
[...]
Memory Configuration

Name             Origin             Length             Attributes
PROGRAM_FLASH    0x00000000         0x00020000         xr
SRAM             0x1ffff000         0x00004000         xrw
*default*        0x00000000         0xffffffff

Linker script and memory map

LOAD ./utilities/fsl_debug_console.o
LOAD ./startup/startup_mkl25z4.o
LOAD ./source/Fall_Plane_detection.o
LOAD ./source/I2C.o
LOAD ./source/SysTick.o
LOAD ./source/accelerometer.o
LOAD ./source/cbfifo.o
LOAD ./source/gpio.o
LOAD ./source/mtb.o
LOAD ./source/semihost_hardfault.o
LOAD ./source/uart.o
LOAD ./drivers/fsl_clock.o
LOAD ./drivers/fsl_common.o
LOAD ./drivers/fsl_flash.o
LOAD ./drivers/fsl_gpio.o
LOAD ./drivers/fsl_lpsci.o
LOAD ./drivers/fsl_smc.o
LOAD ./drivers/fsl_uart.o
LOAD ./board/board.o
LOAD ./board/clock_config.o
LOAD ./board/peripherals.o
LOAD ./board/pin_mux.o
LOAD ./CMSIS/system_MKL25Z4.o
START GROUP
LOAD c:/nxp/mcuxpressoide_11.6.0_8187/ide/plugins/com.nxp.mcuxpresso.tools.win32_11.6.0.202112161359/tools/bin/../lib/gcc/arm-none-eabi/10.3.1/../../../../arm-none-eabi/lib/thumb/v6-m/nofp\libcr_nohost_nf.a
LOAD c:/nxp/mcuxpressoide_11.6.0_8187/ide/plugins/com.nxp.mcuxpresso.tools.win32_11.6.0.202112161359/tools/bin/../lib/gcc/arm-none-eabi/10.3.1/../../../../arm-none-eabi/lib/thumb/v6-m/nofp\libcr_c.a
LOAD c:/nxp/mcuxpressoide_11.6.0_8187/ide/plugins/com.nxp.mcuxpresso.tools.win32_11.6.0.202112161359/tools/bin/../lib/gcc/arm-none-eabi/10.3.1/thumb/v6-m/nofp\libcr_eabihelpers.a
LOAD c:/nxp/mcuxpressoide_11.6.0_8187/ide/plugins/com.nxp.mcuxpresso.tools.win32_11.6.0.202112161359/tools/bin/../lib/gcc/arm-none-eabi/10.3.1/thumb/v6-m/nofp\libgcc.a
END GROUP
                0x00000000                __base_PROGRAM_FLASH = 0x0
                0x00000000                __base_Flash = 0x0
                0x00020000                __top_PROGRAM_FLASH = 0x20000
                0x00020000                __top_Flash = 0x20000
                0x1ffff000                __base_SRAM = 0x1ffff000
                0x1ffff000                __base_RAM = 0x1ffff000
                0x20003000                __top_SRAM = 0x20003000
                0x20003000                __top_RAM = 0x20003000

.text           0x00000000     0x73a0
 FILL mask 0xff
                0x00000000                __vectors_start__ = ABSOLUTE (.)
 *(SORT_BY_ALIGNMENT(.isr_vector))
 .isr_vector    0x00000000       0xc0 ./startup/startup_mkl25z4.o
                0x00000000                g_pfnVectors
                0x00000000                __Vectors
                0x000000c0                . = ALIGN (0x4)
                0x000000c0                __section_table_start = .
                0x000000c0                __data_section_table = .
                0x000000c0        0x4 LONG 0x73a0 LOADADDR (.data)
                0x000000c4        0x4 LONG 0x1ffff080 ADDR (.data)
                0x000000c8        0x4 LONG 0xc SIZEOF (.data)
                0x000000cc                __data_section_table_end = .
                0x000000cc                __bss_section_table = .
                0x000000cc        0x4 LONG 0x1ffff08c ADDR (.bss)
                0x000000d0        0x4 LONG 0x340 SIZEOF (.bss)
                0x000000d4                __bss_section_table_end = .
                0x000000d4                __section_table_end = .
 *(SORT_BY_ALIGNMENT(.after_vectors*))
 .after_vectors.reset
                0x000000d4       0x4c ./startup/startup_mkl25z4.o
                0x000000d4                ResetISR
 .after_vectors.init_data
                0x00000120       0x12 ./startup/startup_mkl25z4.o
                0x00000120                data_init
 .after_vectors.init_bss
                0x00000132       0x10 ./startup/startup_mkl25z4.o
                0x00000132                bss_init
 .after_vectors
                0x00000142      0x10c ./startup/startup_mkl25z4.o
                0x00000142                NMI_Handler
                0x00000146                SVC_Handler
                0x00000148                PendSV_Handler
                0x0000014c                SPI1_DriverIRQHandler
                0x0000014c                LPTMR0_DriverIRQHandler
                0x0000014c                DMA0_DriverIRQHandler
                0x0000014c                I2C0_DriverIRQHandler
                0x0000014c                Reserved39_DriverIRQHandler
                0x0000014c                PORTD_DriverIRQHandler
                0x0000014c                DMA2_DriverIRQHandler
                0x0000014c                TPM2_DriverIRQHandler
                0x0000014c                CMP0_DriverIRQHandler
                0x0000014c                ADC0_DriverIRQHandler
                0x0000014c                TSI0_DriverIRQHandler
                0x0000014c                RTC_Seconds_DriverIRQHandler
                0x0000014c                SPI0_DriverIRQHandler
                0x0000014c                LLWU_DriverIRQHandler
                0x0000014c                MCG_DriverIRQHandler
                0x0000014c                I2C1_DriverIRQHandler
                0x0000014c                DMA1_DriverIRQHandler
                0x0000014c                PIT_DriverIRQHandler
                0x0000014c                FTFA_DriverIRQHandler
                0x0000014c                IntDefaultHandler
                0x0000014c                USB0_DriverIRQHandler
                0x0000014c                DAC0_DriverIRQHandler
                0x0000014c                RTC_DriverIRQHandler
                0x0000014c                LVD_LVW_DriverIRQHandler
                0x0000014c                TPM0_DriverIRQHandler
                0x0000014c                TPM1_DriverIRQHandler
                0x0000014c                PORTA_DriverIRQHandler
                0x0000014c                Reserved20_DriverIRQHandler
                0x0000014c                DMA3_DriverIRQHandler
                0x0000014c                Reserved45_DriverIRQHandler
                0x0000014e                DMA0_IRQHandler
                0x00000156                DMA1_IRQHandler
                0x0000015e                DMA2_IRQHandler
                0x00000166                DMA3_IRQHandler
                0x0000016e                Reserved20_IRQHandler
                0x00000176                FTFA_IRQHandler
                0x0000017e                LVD_LVW_IRQHandler
                0x00000186                LLWU_IRQHandler
                0x0000018e                I2C0_IRQHandler
                0x00000196                I2C1_IRQHandler
                0x0000019e                SPI0_IRQHandler
                0x000001a6                SPI1_IRQHandler
                0x000001be                UART2_IRQHandler
                0x000001c6                ADC0_IRQHandler
                0x000001ce                CMP0_IRQHandler
                0x000001d6                TPM0_IRQHandler
                0x000001de                TPM1_IRQHandler
                0x000001e6                TPM2_IRQHandler
                0x000001ee                RTC_IRQHandler
                0x000001f6                RTC_Seconds_IRQHandler
                0x000001fe                PIT_IRQHandler
                0x00000206                Reserved39_IRQHandler
                0x0000020e                USB0_IRQHandler
                0x00000216                DAC0_IRQHandler
                0x0000021e                TSI0_IRQHandler
                0x00000226                MCG_IRQHandler
                0x0000022e                LPTMR0_IRQHandler
                0x00000236                Reserved45_IRQHandler
                0x0000023e                PORTA_IRQHandler
                0x00000246                PORTD_IRQHandler
                0x00000400                . = 0x400
 *fill*         0x0000024e      0x1b2 ff
                0x00000400                PROVIDE (__FLASH_CONFIG_START__ = .)
 *(SORT_BY_ALIGNMENT(.FlashConfig))
 .FlashConfig   0x00000400       0x10 ./startup/startup_mkl25z4.o
                0x00000400                Flash_Config
                0x00000410                PROVIDE (__FLASH_CONFIG_END__ = .)
                0x00000001                ASSERT (! ((__FLASH_CONFIG_START__ == __FLASH_CONFIG_END__)), Linker Flash Config Support Enabled, but no .FlashConfig section provided within application)
 *(SORT_BY_ALIGNMENT(.text*))
 .text.DbgConsole_Init
                0x00000410       0xf4 ./utilities/fsl_debug_console.o
                0x00000410                DbgConsole_Init
 .text.DbgConsole_Printf
                0x00000504       0x44 ./utilities/fsl_debug_console.o
                0x00000504                DbgConsole_Printf
 .text.DbgConsole_Putchar
                0x00000548       0x34 ./utilities/fsl_debug_console.o
                0x00000548                DbgConsole_Putchar
 .text.DbgConsole_ConvertFloatRadixNumToString
                0x0000057c      0x28c ./utilities/fsl_debug_console.o
 .text.main     0x00000808       0x64 ./source/Fall_Plane_detection.o
                0x00000808                main
 .text.process_fall_detection
                0x0000086c       0x80 ./source/Fall_Plane_detection.o
                0x0000086c                process_fall_detection
 .text.check_fall_LED
                0x000008ec       0x2c ./source/Fall_Plane_detection.o
                0x000008ec                check_fall_LED
 .text.send_data_to_bluetooth
                0x00000918       0x4c ./source/Fall_Plane_detection.o
                0x00000918                send_data_to_bluetooth
 .text.get_magnitude
                0x00000964       0x40 ./source/Fall_Plane_detection.o
                0x00000964                get_magnitude
 .text.plane_check
                0x000009a4       0x88 ./source/Fall_Plane_detection.o
                0x000009a4                plane_check
 .text.display_UI
                0x00000a2c       0x48 ./source/Fall_Plane_detection.o
                0x00000a2c                display_UI
 .text.i2c_init
                0x00000a74       0x84 ./source/I2C.o
                0x00000a74                i2c_init
 .text.i2c_busy
                0x00000af8      0x174 ./source/I2C.o
                0x00000af8                i2c_busy
 .text.i2c_wait
                0x00000c6c       0x6c ./source/I2C.o
                0x00000c6c                i2c_wait
 .text.i2c_start
                0x00000cd8       0x30 ./source/I2C.o
                0x00000cd8                i2c_start
 .text.i2c_read_setup
                0x00000d08       0x68 ./source/I2C.o
                0x00000d08                i2c_read_setup
 .text.i2c_repeated_read
                0x00000d70       0x80 ./source/I2C.o
                0x00000d70                i2c_repeated_read
 .text.i2c_write_byte
                0x00000df0       0x80 ./source/I2C.o
                0x00000df0                i2c_write_byte
 .text.NVIC_SetPriority
                0x00000e70       0xdc ./source/SysTick.o
 .text.initialize_SysTick
                0x00000f4c       0x30 ./source/SysTick.o
                0x00000f4c                initialize_SysTick
 .text.reset_timer
                0x00000f7c       0x20 ./source/SysTick.o
                0x00000f7c                reset_timer
 .text.get_timer
                0x00000f9c       0x14 ./source/SysTick.o
                0x00000f9c                get_timer
 .text.SysTick_Handler
                0x00000fb0       0x18 ./source/SysTick.o
                0x00000fb0                SysTick_Handler
 .text.test_accelerometer
                0x00000fc8       0x34 ./source/accelerometer.o
                0x00000fc8                test_accelerometer
 .text.read_full_xyz
                0x00000ffc      0x10c ./source/accelerometer.o
                0x00000ffc                read_full_xyz
 .text.convert_xyz_to_roll_pitch
                0x00001108      0x158 ./source/accelerometer.o
                0x00001108                convert_xyz_to_roll_pitch
 .text.get_roll
                0x00001260       0x34 ./source/accelerometer.o
                0x00001260                get_roll
 .text.get_pitch
                0x00001294       0x34 ./source/accelerometer.o
                0x00001294                get_pitch
 .text.gpio_init
                0x000012c8       0xb0 ./source/gpio.o
                0x000012c8                gpio_init
 .text.all_led_off
                0x00001378       0x3c ./source/gpio.o
                0x00001378                all_led_off
 .text.red_led_on
                0x000013b4       0x3c ./source/gpio.o
                0x000013b4                red_led_on
 .text.green_led_on
                0x000013f0       0x3c ./source/gpio.o
                0x000013f0                green_led_on
 .text.blue_led_on
                0x0000142c       0x3c ./source/gpio.o
                0x0000142c                blue_led_on
 .text.HardFault_Handler
                0x00001468       0x30 ./source/semihost_hardfault.o
                0x00001468                HardFault_Handler
 .text.NVIC_EnableIRQ
                0x00001498       0x2c ./source/uart.o
 .text.NVIC_ClearPendingIRQ
                0x000014c4       0x30 ./source/uart.o
 .text.NVIC_SetPriority
                0x000014f4       0xdc ./source/uart.o
 .text.Init_UART0
                0x000015d0      0x184 ./source/uart.o
                0x000015d0                Init_UART0
 .text.Init_Bluetooth
                0x00001754      0x144 ./source/uart.o
                0x00001754                Init_Bluetooth
 .text.UART0_IRQHandler
                0x00001898       0xd4 ./source/uart.o
                0x00001898                UART0_IRQHandler
 .text.UART1_IRQHandler
                0x0000196c       0x48 ./source/uart.o
                0x0000196c                UART1_IRQHandler
 .text.__sys_write
                0x000019b4       0x80 ./source/uart.o
                0x000019b4                __sys_write
 .text.transmit_data
                0x00001a34       0x30 ./source/uart.o
                0x00001a34                transmit_data
 .text.check_plane_detection
                0x00001a64       0x14 ./source/uart.o
                0x00001a64                check_plane_detection
 .text.check_fall_on
                0x00001a78       0x14 ./source/uart.o
                0x00001a78                check_fall_on
 .text.CLOCK_SetEr32kClock
                0x00001a8c       0x34 ./drivers/fsl_clock.o
 .text.CLOCK_SetPllFllSelClock
                0x00001ac0       0x38 ./drivers/fsl_clock.o
 .text.CLOCK_GetMcgExtClkFreq
                0x00001af8       0x28 ./drivers/fsl_clock.o
 .text.CLOCK_GetFllExtRefClkFreq
                0x00001b20       0xa8 ./drivers/fsl_clock.o
 .text.CLOCK_GetFllRefClkFreq
                0x00001bc8       0x2c ./drivers/fsl_clock.o
 .text.CLOCK_GetOscRangeFromFreq
                0x00001bf4       0x4c ./drivers/fsl_clock.o
 .text.CLOCK_GetPllFllSelClkFreq
                0x00001c40       0x4c ./drivers/fsl_clock.o
                0x00001c40                CLOCK_GetPllFllSelClkFreq
 .text.CLOCK_SetSimConfig
                0x00001c8c       0x38 ./drivers/fsl_clock.o
                0x00001c8c                CLOCK_SetSimConfig
 .text.CLOCK_GetFllFreq
                0x00001cc4       0x84 ./drivers/fsl_clock.o
                0x00001cc4                CLOCK_GetFllFreq
 .text.CLOCK_GetPll0Freq
                0x00001d48       0x70 ./drivers/fsl_clock.o
                0x00001d48                CLOCK_GetPll0Freq
 .text.CLOCK_SetInternalRefClkConfig
                0x00001db8      0x124 ./drivers/fsl_clock.o
                0x00001db8                CLOCK_SetInternalRefClkConfig
 .text.CLOCK_EnablePll0
                0x00001edc       0x94 ./drivers/fsl_clock.o
                0x00001edc                CLOCK_EnablePll0
 .text.CLOCK_InitOsc0
                0x00001f70       0x94 ./drivers/fsl_clock.o
                0x00001f70                CLOCK_InitOsc0
 .text.CLOCK_SetPbeMode
                0x00002004       0xb0 ./drivers/fsl_clock.o
                0x00002004                CLOCK_SetPbeMode
 .text.CLOCK_BootToPeeMode
                0x000020b4       0x70 ./drivers/fsl_clock.o
                0x000020b4                CLOCK_BootToPeeMode
 .text.__assertion_failed
                0x00002124       0x1c ./drivers/fsl_common.o
                0x00002124                __assertion_failed
 .text.CLOCK_EnableClock
                0x00002140       0x34 ./drivers/fsl_lpsci.o
 .text.LPSCI_GetInstance
                0x00002174       0x48 ./drivers/fsl_lpsci.o
                0x00002174                LPSCI_GetInstance
 .text.LPSCI_Init
                0x000021bc      0x258 ./drivers/fsl_lpsci.o
                0x000021bc                LPSCI_Init
 .text.LPSCI_GetDefaultConfig
                0x00002414       0x44 ./drivers/fsl_lpsci.o
                0x00002414                LPSCI_GetDefaultConfig
 .text.LPSCI_ClearStatusFlags
                0x00002458       0x94 ./drivers/fsl_lpsci.o
                0x00002458                LPSCI_ClearStatusFlags
 .text.LPSCI_WriteBlocking
                0x000024ec       0x4c ./drivers/fsl_lpsci.o
                0x000024ec                LPSCI_WriteBlocking
 .text.LPSCI_ReadBlocking
                0x00002538       0xc0 ./drivers/fsl_lpsci.o
                0x00002538                LPSCI_ReadBlocking
 .text.UART0_DriverIRQHandler
                0x000025f8       0x24 ./drivers/fsl_lpsci.o
                0x000025f8                UART0_DriverIRQHandler
 .text.CLOCK_EnableClock
                0x0000261c       0x34 ./drivers/fsl_uart.o
 .text.UART_GetInstance
                0x00002650       0x54 ./drivers/fsl_uart.o
                0x00002650                UART_GetInstance
 .text.UART_Init
                0x000026a4      0x1e0 ./drivers/fsl_uart.o
                0x000026a4                UART_Init
 .text.UART_GetDefaultConfig
                0x00002884       0x44 ./drivers/fsl_uart.o
                0x00002884                UART_GetDefaultConfig
 .text.UART_ReadBlocking
                0x000028c8       0x98 ./drivers/fsl_uart.o
                0x000028c8                UART_ReadBlocking
 .text.UART1_DriverIRQHandler
                0x00002960       0x24 ./drivers/fsl_uart.o
                0x00002960                UART1_DriverIRQHandler
 .text.UART2_DriverIRQHandler
                0x00002984       0x24 ./drivers/fsl_uart.o
                0x00002984                UART2_DriverIRQHandler
 .text.CLOCK_SetLpsci0Clock
                0x000029a8       0x38 ./board/board.o
 .text.BOARD_InitDebugConsole
                0x000029e0       0x30 ./board/board.o
                0x000029e0                BOARD_InitDebugConsole
 .text.CLOCK_SetSimSafeDivs
                0x00002a10       0x20 ./board/clock_config.o
 .text.CLOCK_SetXtal0Freq
                0x00002a30       0x1c ./board/clock_config.o
 .text.CLOCK_CONFIG_SetFllExtRefDiv
                0x00002a4c       0x3c ./board/clock_config.o
 .text.BOARD_BootClockRUN
                0x00002a88       0x64 ./board/clock_config.o
                0x00002a88                BOARD_BootClockRUN
 .text.CLOCK_EnableClock
                0x00002aec       0x34 ./board/pin_mux.o
 .text.PORT_SetPinMux
                0x00002b20       0x40 ./board/pin_mux.o
 .text.BOARD_InitPins
                0x00002b60       0x4c ./board/pin_mux.o
                0x00002b60                BOARD_InitPins
 .text.SystemInit
                0x00002bac       0x18 ./CMSIS/system_MKL25Z4.o
                0x00002bac                SystemInit
 .text.atan2    0x00002bc4      0x108 c:/nxp/mcuxpressoide_11.6.0_8187/ide/plugins/com.nxp.mcuxpresso.tools.win32_11.6.0.202112161359/tools/bin/../lib/gcc/arm-none-eabi/10.3.1/../../../../arm-none-eabi/lib/thumb/v6-m/nofp\libcr_c.a(atan2.o)
                0x00002bc4                atan2
 .text.sprintf  0x00002ccc       0x6c c:/nxp/mcuxpressoide_11.6.0_8187/ide/plugins/com.nxp.mcuxpresso.tools.win32_11.6.0.202112161359/tools/bin/../lib/gcc/arm-none-eabi/10.3.1/../../../../arm-none-eabi/lib/thumb/v6-m/nofp\libcr_c.a(fpprintf.o)
                0x00002ccc                sprintf
 .text.fp_display
                0x00002d38      0x97c c:/nxp/mcuxpressoide_11.6.0_8187/ide/plugins/com.nxp.mcuxpresso.tools.win32_11.6.0.202112161359/tools/bin/../lib/gcc/arm-none-eabi/10.3.1/../../../../arm-none-eabi/lib/thumb/v6-m/nofp\libcr_c.a(fpprintf.o)
 .text.vsnprintf
                0x000036b4       0x70 c:/nxp/mcuxpressoide_11.6.0_8187/ide/plugins/com.nxp.mcuxpresso.tools.win32_11.6.0.202112161359/tools/bin/../lib/gcc/arm-none-eabi/10.3.1/../../../../arm-none-eabi/lib/thumb/v6-m/nofp\libcr_c.a(fpprintf.o)
                0x000036b4                vsnprintf
 .text.printf   0x00003724       0x50 c:/nxp/mcuxpressoide_11.6.0_8187/ide/plugins/com.nxp.mcuxpresso.tools.win32_11.6.0.202112161359/tools/bin/../lib/gcc/arm-none-eabi/10.3.1/../../../../arm-none-eabi/lib/thumb/v6-m/nofp\libcr_c.a(fpprintf.o)
                0x00003724                printf
 .text._initio  0x00003774       0x7c c:/nxp/mcuxpressoide_11.6.0_8187/ide/plugins/com.nxp.mcuxpresso.tools.win32_11.6.0.202112161359/tools/bin/../lib/gcc/arm-none-eabi/10.3.1/../../../../arm-none-eabi/lib/thumb/v6-m/nofp\libcr_c.a(initio.o)
                0x00003774                _initio
 .text.modf     0x000037f0       0x9c c:/nxp/mcuxpressoide_11.6.0_8187/ide/plugins/com.nxp.mcuxpresso.tools.win32_11.6.0.202112161359/tools/bin/../lib/gcc/arm-none-eabi/10.3.1/../../../../arm-none-eabi/lib/thumb/v6-m/nofp\libcr_c.a(modf.o)
                0x000037f0                modf
 .text.pow      0x0000388c      0x544 c:/nxp/mcuxpressoide_11.6.0_8187/ide/plugins/com.nxp.mcuxpresso.tools.win32_11.6.0.202112161359/tools/bin/../lib/gcc/arm-none-eabi/10.3.1/../../../../arm-none-eabi/lib/thumb/v6-m/nofp\libcr_c.a(pow.o)
                0x0000388c                pow
 .text.__vfprintf
                0x00003dd0      0xd40 c:/nxp/mcuxpressoide_11.6.0_8187/ide/plugins/com.nxp.mcuxpresso.tools.win32_11.6.0.202112161359/tools/bin/../lib/gcc/arm-none-eabi/10.3.1/../../../../arm-none-eabi/lib/thumb/v6-m/nofp\libcr_c.a(printf.o)
                0x00003dd0                __vfprintf
 .text.setvbuf  0x00004b10       0x4c c:/nxp/mcuxpressoide_11.6.0_8187/ide/plugins/com.nxp.mcuxpresso.tools.win32_11.6.0.202112161359/tools/bin/../lib/gcc/arm-none-eabi/10.3.1/../../../../arm-none-eabi/lib/thumb/v6-m/nofp\libcr_c.a(setvbuf.o)
                0x00004b10                setvbuf
 .text.sqrt     0x00004b5c      0x134 c:/nxp/mcuxpressoide_11.6.0_8187/ide/plugins/com.nxp.mcuxpresso.tools.win32_11.6.0.202112161359/tools/bin/../lib/gcc/arm-none-eabi/10.3.1/../../../../arm-none-eabi/lib/thumb/v6-m/nofp\libcr_c.a(sqrt.o)
                0x00004b5c                sqrt
 .text.strlen   0x00004c90       0x58 c:/nxp/mcuxpressoide_11.6.0_8187/ide/plugins/com.nxp.mcuxpresso.tools.win32_11.6.0.202112161359/tools/bin/../lib/gcc/arm-none-eabi/10.3.1/../../../../arm-none-eabi/lib/thumb/v6-m/nofp\libcr_c.a(strlen.o)
                0x00004c90                strlen
 .text._deferredlazyseek
                0x00004ce8       0x40 c:/nxp/mcuxpressoide_11.6.0_8187/ide/plugins/com.nxp.mcuxpresso.tools.win32_11.6.0.202112161359/tools/bin/../lib/gcc/arm-none-eabi/10.3.1/../../../../arm-none-eabi/lib/thumb/v6-m/nofp\libcr_c.a(_deferredlazyseek.o)
                0x00004ce8                _deferredlazyseek
 .text.__flsbuf
                0x00004d28      0x150 c:/nxp/mcuxpressoide_11.6.0_8187/ide/plugins/com.nxp.mcuxpresso.tools.win32_11.6.0.202112161359/tools/bin/../lib/gcc/arm-none-eabi/10.3.1/../../../../arm-none-eabi/lib/thumb/v6-m/nofp\libcr_c.a(_deferredlazyseek.o)
                0x00004d28                __flsbuf
 .text._fdopen  0x00004e78       0x74 c:/nxp/mcuxpressoide_11.6.0_8187/ide/plugins/com.nxp.mcuxpresso.tools.win32_11.6.0.202112161359/tools/bin/../lib/gcc/arm-none-eabi/10.3.1/../../../../arm-none-eabi/lib/thumb/v6-m/nofp\libcr_c.a(_fdopen.o)
                0x00004e78                _fdopen
 .text._fflush  0x00004eec       0x60 c:/nxp/mcuxpressoide_11.6.0_8187/ide/plugins/com.nxp.mcuxpresso.tools.win32_11.6.0.202112161359/tools/bin/../lib/gcc/arm-none-eabi/10.3.1/../../../../arm-none-eabi/lib/thumb/v6-m/nofp\libcr_c.a(_fflush.o)
                0x00004eec                _fflush
 .text._frexpl  0x00004f4c       0x80 c:/nxp/mcuxpressoide_11.6.0_8187/ide/plugins/com.nxp.mcuxpresso.tools.win32_11.6.0.202112161359/tools/bin/../lib/gcc/arm-none-eabi/10.3.1/../../../../arm-none-eabi/lib/thumb/v6-m/nofp\libcr_c.a(_frexpl.o)
                0x00004f4c                _frexpl
 .text._ldexpl  0x00004fcc       0x58 c:/nxp/mcuxpressoide_11.6.0_8187/ide/plugins/com.nxp.mcuxpresso.tools.win32_11.6.0.202112161359/tools/bin/../lib/gcc/arm-none-eabi/10.3.1/../../../../arm-none-eabi/lib/thumb/v6-m/nofp\libcr_c.a(_ldexpl.o)
                0x00004fcc                _ldexpl
 .text._Cwritebuf
                0x00005024       0x68 c:/nxp/mcuxpressoide_11.6.0_8187/ide/plugins/com.nxp.mcuxpresso.tools.win32_11.6.0.202112161359/tools/bin/../lib/gcc/arm-none-eabi/10.3.1/../../../../arm-none-eabi/lib/thumb/v6-m/nofp\libcr_c.a(_writebuf.o)
                0x00005024                _Cwritebuf
 .text.malloc   0x0000508c       0xcc c:/nxp/mcuxpressoide_11.6.0_8187/ide/plugins/com.nxp.mcuxpresso.tools.win32_11.6.0.202112161359/tools/bin/../lib/gcc/arm-none-eabi/10.3.1/../../../../arm-none-eabi/lib/thumb/v6-m/nofp\libcr_c.a(alloc.o)
                0x0000508c                malloc
 .text._Csys_alloc
                0x00005158       0x20 c:/nxp/mcuxpressoide_11.6.0_8187/ide/plugins/com.nxp.mcuxpresso.tools.win32_11.6.0.202112161359/tools/bin/../lib/gcc/arm-none-eabi/10.3.1/../../../../arm-none-eabi/lib/thumb/v6-m/nofp\libcr_c.a(alloc.o)
                0x00005158                _Csys_alloc
 .text.atan     0x00005178      0x204 c:/nxp/mcuxpressoide_11.6.0_8187/ide/plugins/com.nxp.mcuxpresso.tools.win32_11.6.0.202112161359/tools/bin/../lib/gcc/arm-none-eabi/10.3.1/../../../../arm-none-eabi/lib/thumb/v6-m/nofp\libcr_c.a(atan.o)
                0x00005178                atan
 .text.fclose   0x0000537c       0x5c c:/nxp/mcuxpressoide_11.6.0_8187/ide/plugins/com.nxp.mcuxpresso.tools.win32_11.6.0.202112161359/tools/bin/../lib/gcc/arm-none-eabi/10.3.1/../../../../arm-none-eabi/lib/thumb/v6-m/nofp\libcr_c.a(fclose.o)
                0x0000537c                fclose
 .text.fflush   0x000053d8       0x44 c:/nxp/mcuxpressoide_11.6.0_8187/ide/plugins/com.nxp.mcuxpresso.tools.win32_11.6.0.202112161359/tools/bin/../lib/gcc/arm-none-eabi/10.3.1/../../../../arm-none-eabi/lib/thumb/v6-m/nofp\libcr_c.a(fflush.o)
                0x000053d8                fflush
 .text.frexp    0x0000541c       0x80 c:/nxp/mcuxpressoide_11.6.0_8187/ide/plugins/com.nxp.mcuxpresso.tools.win32_11.6.0.202112161359/tools/bin/../lib/gcc/arm-none-eabi/10.3.1/../../../../arm-none-eabi/lib/thumb/v6-m/nofp\libcr_c.a(frexp.o)
                0x0000541c                frexp
 .text.fseek    0x0000549c       0xf0 c:/nxp/mcuxpressoide_11.6.0_8187/ide/plugins/com.nxp.mcuxpresso.tools.win32_11.6.0.202112161359/tools/bin/../lib/gcc/arm-none-eabi/10.3.1/../../../../arm-none-eabi/lib/thumb/v6-m/nofp\libcr_c.a(fseek.o)
                0x0000549c                fseek
 .text.ftell    0x0000558c       0x48 c:/nxp/mcuxpressoide_11.6.0_8187/ide/plugins/com.nxp.mcuxpresso.tools.win32_11.6.0.202112161359/tools/bin/../lib/gcc/arm-none-eabi/10.3.1/../../../../arm-none-eabi/lib/thumb/v6-m/nofp\libcr_c.a(ftell.o)
                0x0000558c                ftell
 .text.ldexp    0x000055d4       0x58 c:/nxp/mcuxpressoide_11.6.0_8187/ide/plugins/com.nxp.mcuxpresso.tools.win32_11.6.0.202112161359/tools/bin/../lib/gcc/arm-none-eabi/10.3.1/../../../../arm-none-eabi/lib/thumb/v6-m/nofp\libcr_c.a(ldexp.o)
                0x000055d4                ldexp
 .text._sbrk    0x0000562c       0x44 c:/nxp/mcuxpressoide_11.6.0_8187/ide/plugins/com.nxp.mcuxpresso.tools.win32_11.6.0.202112161359/tools/bin/../lib/gcc/arm-none-eabi/10.3.1/../../../../arm-none-eabi/lib/thumb/v6-m/nofp\libcr_c.a(_cr_sbrk.o)
                0x0000562c                _sbrk
 .text._do_fflush
                0x00005670       0x48 c:/nxp/mcuxpressoide_11.6.0_8187/ide/plugins/com.nxp.mcuxpresso.tools.win32_11.6.0.202112161359/tools/bin/../lib/gcc/arm-none-eabi/10.3.1/../../../../arm-none-eabi/lib/thumb/v6-m/nofp\libcr_c.a(_do_fflush.o)
                0x00005670                _do_fflush
 .text.__check_heap_overflow
                0x000056b8       0x18 c:/nxp/mcuxpressoide_11.6.0_8187/ide/plugins/com.nxp.mcuxpresso.tools.win32_11.6.0.202112161359/tools/bin/../lib/gcc/arm-none-eabi/10.3.1/../../../../arm-none-eabi/lib/thumb/v6-m/nofp\libcr_c.a(_cr_check_heap.o)
                0x000056b8                __check_heap_overflow
 .text.__aeabi_dmul
                0x000056d0      0x184 c:/nxp/mcuxpressoide_11.6.0_8187/ide/plugins/com.nxp.mcuxpresso.tools.win32_11.6.0.202112161359/tools/bin/../lib/gcc/arm-none-eabi/10.3.1/thumb/v6-m/nofp\libcr_eabihelpers.a(double.o)
                0x000056d0                __aeabi_dmul
 .text.__aeabi_ddiv
                0x00005854      0x14c c:/nxp/mcuxpressoide_11.6.0_8187/ide/plugins/com.nxp.mcuxpresso.tools.win32_11.6.0.202112161359/tools/bin/../lib/gcc/arm-none-eabi/10.3.1/thumb/v6-m/nofp\libcr_eabihelpers.a(double.o)
                0x00005854                __aeabi_ddiv
 .text.__aeabi_dsub
                0x000059a0      0x1c0 c:/nxp/mcuxpressoide_11.6.0_8187/ide/plugins/com.nxp.mcuxpresso.tools.win32_11.6.0.202112161359/tools/bin/../lib/gcc/arm-none-eabi/10.3.1/thumb/v6-m/nofp\libcr_eabihelpers.a(double.o)
                0x000059a0                __aeabi_dsub
 .text.__aeabi_dadd
                0x00005b60      0x134 c:/nxp/mcuxpressoide_11.6.0_8187/ide/plugins/com.nxp.mcuxpresso.tools.win32_11.6.0.202112161359/tools/bin/../lib/gcc/arm-none-eabi/10.3.1/thumb/v6-m/nofp\libcr_eabihelpers.a(double.o)
                0x00005b60                __aeabi_dadd
 .text.__aeabi_d2f
                0x00005c94       0x60 c:/nxp/mcuxpressoide_11.6.0_8187/ide/plugins/com.nxp.mcuxpresso.tools.win32_11.6.0.202112161359/tools/bin/../lib/gcc/arm-none-eabi/10.3.1/thumb/v6-m/nofp\libcr_eabihelpers.a(double.o)
                0x00005c94                __aeabi_d2f
 .text.__aeabi_d2iz
                0x00005cf4       0x50 c:/nxp/mcuxpressoide_11.6.0_8187/ide/plugins/com.nxp.mcuxpresso.tools.win32_11.6.0.202112161359/tools/bin/../lib/gcc/arm-none-eabi/10.3.1/thumb/v6-m/nofp\libcr_eabihelpers.a(double.o)
                0x00005cf4                __aeabi_d2iz
 .text.__aeabi_d2uiz
                0x00005d44       0x38 c:/nxp/mcuxpressoide_11.6.0_8187/ide/plugins/com.nxp.mcuxpresso.tools.win32_11.6.0.202112161359/tools/bin/../lib/gcc/arm-none-eabi/10.3.1/thumb/v6-m/nofp\libcr_eabihelpers.a(double.o)
                0x00005d44                __aeabi_d2uiz
 .text.__aeabi_d2lz
                0x00005d7c       0x88 c:/nxp/mcuxpressoide_11.6.0_8187/ide/plugins/com.nxp.mcuxpresso.tools.win32_11.6.0.202112161359/tools/bin/../lib/gcc/arm-none-eabi/10.3.1/thumb/v6-m/nofp\libcr_eabihelpers.a(double.o)
                0x00005d7c                __aeabi_d2lz
 .text.__bhs_ul2d
                0x00005e04       0xac c:/nxp/mcuxpressoide_11.6.0_8187/ide/plugins/com.nxp.mcuxpresso.tools.win32_11.6.0.202112161359/tools/bin/../lib/gcc/arm-none-eabi/10.3.1/thumb/v6-m/nofp\libcr_eabihelpers.a(double.o)
                0x00005e04                __bhs_ul2d
 .text.__aeabi_dcmpeq
                0x00005eb0       0x30 c:/nxp/mcuxpressoide_11.6.0_8187/ide/plugins/com.nxp.mcuxpresso.tools.win32_11.6.0.202112161359/tools/bin/../lib/gcc/arm-none-eabi/10.3.1/thumb/v6-m/nofp\libcr_eabihelpers.a(double.o)
                0x00005eb0                __aeabi_dcmpeq
 .text.__aeabi_dcmplt
                0x00005ee0       0x60 c:/nxp/mcuxpressoide_11.6.0_8187/ide/plugins/com.nxp.mcuxpresso.tools.win32_11.6.0.202112161359/tools/bin/../lib/gcc/arm-none-eabi/10.3.1/thumb/v6-m/nofp\libcr_eabihelpers.a(double.o)
                0x00005ee0                __aeabi_dcmplt
 .text.__aeabi_dcmpgt
                0x00005f40       0x5c c:/nxp/mcuxpressoide_11.6.0_8187/ide/plugins/com.nxp.mcuxpresso.tools.win32_11.6.0.202112161359/tools/bin/../lib/gcc/arm-none-eabi/10.3.1/thumb/v6-m/nofp\libcr_eabihelpers.a(double.o)
                0x00005f40                __aeabi_dcmpgt
 .text.__aeabi_dcmple
                0x00005f9c       0x5c c:/nxp/mcuxpressoide_11.6.0_8187/ide/plugins/com.nxp.mcuxpresso.tools.win32_11.6.0.202112161359/tools/bin/../lib/gcc/arm-none-eabi/10.3.1/thumb/v6-m/nofp\libcr_eabihelpers.a(double.o)
                0x00005f9c                __aeabi_dcmple
 .text.__aeabi_dcmpge
                0x00005ff8       0x5c c:/nxp/mcuxpressoide_11.6.0_8187/ide/plugins/com.nxp.mcuxpresso.tools.win32_11.6.0.202112161359/tools/bin/../lib/gcc/arm-none-eabi/10.3.1/thumb/v6-m/nofp\libcr_eabihelpers.a(double.o)
                0x00005ff8                __aeabi_dcmpge
 .text.__aeabi_fmul
                0x00006054       0xc0 c:/nxp/mcuxpressoide_11.6.0_8187/ide/plugins/com.nxp.mcuxpresso.tools.win32_11.6.0.202112161359/tools/bin/../lib/gcc/arm-none-eabi/10.3.1/thumb/v6-m/nofp\libcr_eabihelpers.a(float.o)
                0x00006054                __aeabi_fmul
 .text.__aeabi_fsub
                0x00006114      0x128 c:/nxp/mcuxpressoide_11.6.0_8187/ide/plugins/com.nxp.mcuxpresso.tools.win32_11.6.0.202112161359/tools/bin/../lib/gcc/arm-none-eabi/10.3.1/thumb/v6-m/nofp\libcr_eabihelpers.a(float.o)
                0x00006114                __aeabi_fsub
 .text.__aeabi_fadd
                0x0000623c       0xac c:/nxp/mcuxpressoide_11.6.0_8187/ide/plugins/com.nxp.mcuxpresso.tools.win32_11.6.0.202112161359/tools/bin/../lib/gcc/arm-none-eabi/10.3.1/thumb/v6-m/nofp\libcr_eabihelpers.a(float.o)
                0x0000623c                __aeabi_fadd
 .text.__aeabi_f2d
                0x000062e8       0x40 c:/nxp/mcuxpressoide_11.6.0_8187/ide/plugins/com.nxp.mcuxpresso.tools.win32_11.6.0.202112161359/tools/bin/../lib/gcc/arm-none-eabi/10.3.1/thumb/v6-m/nofp\libcr_eabihelpers.a(float.o)
                0x000062e8                __aeabi_f2d
 .text.UART_EnableTx
                0x00006328       0x40 ./utilities/fsl_debug_console.o
 .text.UART_EnableRx
                0x00006368       0x40 ./utilities/fsl_debug_console.o
 .text.LPSCI_EnableTx
                0x000063a8       0x40 ./utilities/fsl_debug_console.o
 .text.LPSCI_EnableRx
                0x000063e8       0x40 ./utilities/fsl_debug_console.o
 .text.DbgConsole_PrintfPaddingCharacter
                0x00006428       0x48 ./utilities/fsl_debug_console.o
 .text.DbgConsole_ConvertRadixNumToString
                0x00006470      0x114 ./utilities/fsl_debug_console.o
 .text.DbgConsole_PrintfFormattedData
                0x00006584      0x378 ./utilities/fsl_debug_console.o
 .text.Delay    0x000068fc       0x26 ./source/Fall_Plane_detection.o
                0x000068fc                Delay
 .text.init_accelerometer
                0x00006922       0x16 ./source/accelerometer.o
                0x00006922                init_accelerometer
 .text.cbfifo_init
                0x00006938       0x40 ./source/cbfifo.o
                0x00006938                cbfifo_init
 .text.cbfifo_enqueue
                0x00006978       0x72 ./source/cbfifo.o
                0x00006978                cbfifo_enqueue
 .text.cbfifo_dequeue
                0x000069ea       0x76 ./source/cbfifo.o
                0x000069ea                cbfifo_dequeue
 .text.cbfifo_full
                0x00006a60       0x1e ./source/cbfifo.o
                0x00006a60                cbfifo_full
 .text.cbfifo_empty
                0x00006a7e       0x1a ./source/cbfifo.o
                0x00006a7e                cbfifo_empty
 .text.OSC_SetExtRefClkConfig
                0x00006a98       0x3e ./drivers/fsl_clock.o
 .text.OSC_SetCapLoad
                0x00006ad6       0x42 ./drivers/fsl_clock.o
 .text.CLOCK_GetPll0RefFreq
                0x00006b18       0x10 ./drivers/fsl_clock.o
 .text.CLOCK_SetExternalRefClkConfig
                0x00006b28       0x16 ./drivers/fsl_clock.o
                0x00006b28                CLOCK_SetExternalRefClkConfig
 .text.LPSCI_GetStatusFlags
                0x00006b3e       0x26 ./drivers/fsl_lpsci.o
                0x00006b3e                LPSCI_GetStatusFlags
 .text.UART_GetStatusFlags
                0x00006b64       0x26 ./drivers/fsl_uart.o
                0x00006b64                UART_GetStatusFlags
 .text.UART_WriteBlocking
                0x00006b8a       0x3c ./drivers/fsl_uart.o
                0x00006b8a                UART_WriteBlocking
 .text.BOARD_InitBootClocks
                0x00006bc6        0xe ./board/clock_config.o
                0x00006bc6                BOARD_InitBootClocks
 .text.BOARD_InitBootPeripherals
                0x00006bd4        0xa ./board/peripherals.o
                0x00006bd4                BOARD_InitBootPeripherals
 .text.BOARD_InitBootPins
                0x00006bde        0xe ./board/pin_mux.o
                0x00006bde                BOARD_InitBootPins
 .text.__main   0x00006bec        0xc c:/nxp/mcuxpressoide_11.6.0_8187/ide/plugins/com.nxp.mcuxpresso.tools.win32_11.6.0.202112161359/tools/bin/../lib/gcc/arm-none-eabi/10.3.1/../../../../arm-none-eabi/lib/thumb/v6-m/nofp\libcr_nohost_nf.a(_cr__main.o)
                0x00006bec                __main
 .text.memset   0x00006bf8        0x8 c:/nxp/mcuxpressoide_11.6.0_8187/ide/plugins/com.nxp.mcuxpresso.tools.win32_11.6.0.202112161359/tools/bin/../lib/gcc/arm-none-eabi/10.3.1/../../../../arm-none-eabi/lib/thumb/v6-m/nofp\libcr_c.a(memset.o)
                0x00006bf8                memset
 .text.fabs     0x00006c00       0x22 c:/nxp/mcuxpressoide_11.6.0_8187/ide/plugins/com.nxp.mcuxpresso.tools.win32_11.6.0.202112161359/tools/bin/../lib/gcc/arm-none-eabi/10.3.1/../../../../arm-none-eabi/lib/thumb/v6-m/nofp\libcr_c.a(fabs.o)
                0x00006c00                fabs
 .text.fp_round
                0x00006c22       0x4a c:/nxp/mcuxpressoide_11.6.0_8187/ide/plugins/com.nxp.mcuxpresso.tools.win32_11.6.0.202112161359/tools/bin/../lib/gcc/arm-none-eabi/10.3.1/../../../../arm-none-eabi/lib/thumb/v6-m/nofp\libcr_c.a(fpprintf.o)
 .text.pr_dec.constprop.0
                0x00006c6c       0x30 c:/nxp/mcuxpressoide_11.6.0_8187/ide/plugins/com.nxp.mcuxpresso.tools.win32_11.6.0.202112161359/tools/bin/../lib/gcc/arm-none-eabi/10.3.1/../../../../arm-none-eabi/lib/thumb/v6-m/nofp\libcr_c.a(fpprintf.o)
 .text.abs      0x00006c9c        0x8 c:/nxp/mcuxpressoide_11.6.0_8187/ide/plugins/com.nxp.mcuxpresso.tools.win32_11.6.0.202112161359/tools/bin/../lib/gcc/arm-none-eabi/10.3.1/../../../../arm-none-eabi/lib/thumb/v6-m/nofp\libcr_c.a(stdlib.o)
                0x00006c9c                abs
 .text.free     0x00006ca4       0x2c c:/nxp/mcuxpressoide_11.6.0_8187/ide/plugins/com.nxp.mcuxpresso.tools.win32_11.6.0.202112161359/tools/bin/../lib/gcc/arm-none-eabi/10.3.1/../../../../arm-none-eabi/lib/thumb/v6-m/nofp\libcr_c.a(alloc.o)
                0x00006ca4                free
 .text.remove   0x00006cd0       0x12 c:/nxp/mcuxpressoide_11.6.0_8187/ide/plugins/com.nxp.mcuxpresso.tools.win32_11.6.0.202112161359/tools/bin/../lib/gcc/arm-none-eabi/10.3.1/../../../../arm-none-eabi/lib/thumb/v6-m/nofp\libcr_c.a(remove.o)
                0x00006cd0                remove
 .text.__aeabi_division_idivmod
                0x00006ce2       0x78 c:/nxp/mcuxpressoide_11.6.0_8187/ide/plugins/com.nxp.mcuxpresso.tools.win32_11.6.0.202112161359/tools/bin/../lib/gcc/arm-none-eabi/10.3.1/thumb/v6-m/nofp\libcr_eabihelpers.a(division_32.o)
                0x00006ce2                __aeabi_idivmod
                0x00006ce2                __aeabi_idiv
                0x00006ce8                __aeabi_uidivmod
                0x00006ce8                __aeabi_uidiv
 .text.__aeabi_division_idiv0
                0x00006d5a        0x2 c:/nxp/mcuxpressoide_11.6.0_8187/ide/plugins/com.nxp.mcuxpresso.tools.win32_11.6.0.202112161359/tools/bin/../lib/gcc/arm-none-eabi/10.3.1/thumb/v6-m/nofp\libcr_eabihelpers.a(division_idiv0.o)
                0x00006d5a                __aeabi_idiv0
 .text.__bhs_ui2d
                0x00006d5c       0x5e c:/nxp/mcuxpressoide_11.6.0_8187/ide/plugins/com.nxp.mcuxpresso.tools.win32_11.6.0.202112161359/tools/bin/../lib/gcc/arm-none-eabi/10.3.1/thumb/v6-m/nofp\libcr_eabihelpers.a(double.o)
                0x00006d5c                __bhs_ui2d
 .text.__aeabi_i2d
                0x00006dba       0x18 c:/nxp/mcuxpressoide_11.6.0_8187/ide/plugins/com.nxp.mcuxpresso.tools.win32_11.6.0.202112161359/tools/bin/../lib/gcc/arm-none-eabi/10.3.1/thumb/v6-m/nofp\libcr_eabihelpers.a(double.o)
                0x00006dba                __aeabi_i2d
 .text.__aeabi_ui2d
                0x00006dd2        0xc c:/nxp/mcuxpressoide_11.6.0_8187/ide/plugins/com.nxp.mcuxpresso.tools.win32_11.6.0.202112161359/tools/bin/../lib/gcc/arm-none-eabi/10.3.1/thumb/v6-m/nofp\libcr_eabihelpers.a(double.o)
                0x00006dd2                __aeabi_ui2d
 .text.__aeabi_l2d
                0x00006dde       0x24 c:/nxp/mcuxpressoide_11.6.0_8187/ide/plugins/com.nxp.mcuxpresso.tools.win32_11.6.0.202112161359/tools/bin/../lib/gcc/arm-none-eabi/10.3.1/thumb/v6-m/nofp\libcr_eabihelpers.a(double.o)
                0x00006dde                __aeabi_l2d
 .text.__aeabi_fcmplt
                0x00006e02       0x42 c:/nxp/mcuxpressoide_11.6.0_8187/ide/plugins/com.nxp.mcuxpresso.tools.win32_11.6.0.202112161359/tools/bin/../lib/gcc/arm-none-eabi/10.3.1/thumb/v6-m/nofp\libcr_eabihelpers.a(float.o)
                0x00006e02                __aeabi_fcmplt
 .text.__aeabi_llong_lmul
                0x00006e44       0x2e c:/nxp/mcuxpressoide_11.6.0_8187/ide/plugins/com.nxp.mcuxpresso.tools.win32_11.6.0.202112161359/tools/bin/../lib/gcc/arm-none-eabi/10.3.1/thumb/v6-m/nofp\libcr_eabihelpers.a(llong.o)
                0x00006e44                __aeabi_lmul
 .text.__aeabi_memset_lowlevel
                0x00006e72       0x2a c:/nxp/mcuxpressoide_11.6.0_8187/ide/plugins/com.nxp.mcuxpresso.tools.win32_11.6.0.202112161359/tools/bin/../lib/gcc/arm-none-eabi/10.3.1/thumb/v6-m/nofp\libcr_eabihelpers.a(memcpy.o)
                0x00006e72                __aeabi_lowlevel_memset
 .text.__gnu_thumb1_case_shi
                0x00006e9c       0x10 c:/nxp/mcuxpressoide_11.6.0_8187/ide/plugins/com.nxp.mcuxpresso.tools.win32_11.6.0.202112161359/tools/bin/../lib/gcc/arm-none-eabi/10.3.1/thumb/v6-m/nofp\libcr_eabihelpers.a(thumb1_switch_helpers.o)
                0x00006e9c                __gnu_thumb1_case_shi
 .text.__sys_appexit
                0x00006eac        0x2 c:/nxp/mcuxpressoide_11.6.0_8187/ide/plugins/com.nxp.mcuxpresso.tools.win32_11.6.0.202112161359/tools/bin/../lib/gcc/arm-none-eabi/10.3.1/../../../../arm-none-eabi/lib/thumb/v6-m/nofp\libcr_nohost_nf.a(__sys_appexit.o)
                0x00006eac                __sys_appexit
                0x00006eac                __exit
 .text.__sys_close
                0x00006eae        0x6 c:/nxp/mcuxpressoide_11.6.0_8187/ide/plugins/com.nxp.mcuxpresso.tools.win32_11.6.0.202112161359/tools/bin/../lib/gcc/arm-none-eabi/10.3.1/../../../../arm-none-eabi/lib/thumb/v6-m/nofp\libcr_nohost_nf.a(__sys_close.o)
                0x00006eae                __sys_close
 .text.__sys_flen
                0x00006eb4        0x6 c:/nxp/mcuxpressoide_11.6.0_8187/ide/plugins/com.nxp.mcuxpresso.tools.win32_11.6.0.202112161359/tools/bin/../lib/gcc/arm-none-eabi/10.3.1/../../../../arm-none-eabi/lib/thumb/v6-m/nofp\libcr_nohost_nf.a(__sys_flen.o)
                0x00006eb4                __sys_flen
 .text.__sys_istty
                0x00006eba        0x6 c:/nxp/mcuxpressoide_11.6.0_8187/ide/plugins/com.nxp.mcuxpresso.tools.win32_11.6.0.202112161359/tools/bin/../lib/gcc/arm-none-eabi/10.3.1/../../../../arm-none-eabi/lib/thumb/v6-m/nofp\libcr_nohost_nf.a(__sys_istty.o)
                0x00006eba                __sys_istty
 .text.__sys_remove
                0x00006ec0        0x6 c:/nxp/mcuxpressoide_11.6.0_8187/ide/plugins/com.nxp.mcuxpresso.tools.win32_11.6.0.202112161359/tools/bin/../lib/gcc/arm-none-eabi/10.3.1/../../../../arm-none-eabi/lib/thumb/v6-m/nofp\libcr_nohost_nf.a(__sys_remove.o)
                0x00006ec0                __sys_remove
 .text.__sys_seek
                0x00006ec6        0x6 c:/nxp/mcuxpressoide_11.6.0_8187/ide/plugins/com.nxp.mcuxpresso.tools.win32_11.6.0.202112161359/tools/bin/../lib/gcc/arm-none-eabi/10.3.1/../../../../arm-none-eabi/lib/thumb/v6-m/nofp\libcr_nohost_nf.a(__sys_seek.o)
                0x00006ec6                __sys_seek
 .text.__sys_tmpnam
                0x00006ecc        0x6 c:/nxp/mcuxpressoide_11.6.0_8187/ide/plugins/com.nxp.mcuxpresso.tools.win32_11.6.0.202112161359/tools/bin/../lib/gcc/arm-none-eabi/10.3.1/../../../../arm-none-eabi/lib/thumb/v6-m/nofp\libcr_nohost_nf.a(__sys_tmpnam.o)
                0x00006ecc                __sys_tmpnam
 *(SORT_BY_ALIGNMENT(.rodata) SORT_BY_ALIGNMENT(.rodata.*) SORT_BY_ALIGNMENT(.constdata) SORT_BY_ALIGNMENT(.constdata.*))
 *fill*         0x00006ed2        0x6 ff
 .rodata.a1.1   0x00006ed8       0x88 c:/nxp/mcuxpressoide_11.6.0_8187/ide/plugins/com.nxp.mcuxpresso.tools.win32_11.6.0.202112161359/tools/bin/../lib/gcc/arm-none-eabi/10.3.1/../../../../arm-none-eabi/lib/thumb/v6-m/nofp\libcr_c.a(pow.o)
 .rodata.a2.0   0x00006f60       0x40 c:/nxp/mcuxpressoide_11.6.0_8187/ide/plugins/com.nxp.mcuxpresso.tools.win32_11.6.0.202112161359/tools/bin/../lib/gcc/arm-none-eabi/10.3.1/../../../../arm-none-eabi/lib/thumb/v6-m/nofp\libcr_c.a(pow.o)
 .rodata.a.0    0x00006fa0       0x20 c:/nxp/mcuxpressoide_11.6.0_8187/ide/plugins/com.nxp.mcuxpresso.tools.win32_11.6.0.202112161359/tools/bin/../lib/gcc/arm-none-eabi/10.3.1/../../../../arm-none-eabi/lib/thumb/v6-m/nofp\libcr_c.a(atan.o)
 .rodata.process_fall_detection.str1.4
                0x00006fc0       0x23 ./source/Fall_Plane_detection.o
 *fill*         0x00006fe3        0x1 ff
 .rodata.plane_check.str1.4
                0x00006fe4       0x1a ./source/Fall_Plane_detection.o
 *fill*         0x00006ffe        0x2 ff
 .rodata.display_UI.str1.4
                0x00007000       0x8c ./source/Fall_Plane_detection.o
 .rodata.test_accelerometer.str1.4
                0x0000708c       0x4a ./source/accelerometer.o
 *fill*         0x000070d6        0x2 ff
 .rodata.CLOCK_GetMcgExtClkFreq.str1.4
                0x000070d8       0x1e ./drivers/fsl_clock.o
 *fill*         0x000070f6        0x2 ff
 .rodata.CLOCK_GetPll0Freq.str1.4
                0x000070f8       0x1d ./drivers/fsl_clock.o
 *fill*         0x00007115        0x3 ff
 .rodata.CLOCK_EnablePll0.str1.4
                0x00007118       0x19 ./drivers/fsl_clock.o
 *fill*         0x00007131        0x3 ff
 .rodata.CLOCK_SetPbeMode.str1.4
                0x00007134       0x1a ./drivers/fsl_clock.o
 *fill*         0x0000714e        0x2 ff
 .rodata.CLOCK_BootToPeeMode.str1.4
                0x00007150       0x1a ./drivers/fsl_clock.o
 *fill*         0x0000716a        0x2 ff
 .rodata.fllFactorTable.1
                0x0000716c       0x10 ./drivers/fsl_clock.o
 .rodata.__assertion_failed.str1.4
                0x0000717c        0x4 ./drivers/fsl_common.o
 .rodata.LPSCI_GetInstance.str1.4
                0x00007180       0x36 ./drivers/fsl_lpsci.o
 *fill*         0x000071b6        0x2 ff
 .rodata.LPSCI_Init.str1.4
                0x000071b8       0x43 ./drivers/fsl_lpsci.o
 *fill*         0x000071fb        0x1 ff
 .rodata.LPSCI_GetDefaultConfig.str1.4
                0x000071fc       0x19 ./drivers/fsl_lpsci.o
 *fill*         0x00007215        0x3 ff
 .rodata.LPSCI_WriteBlocking.str1.4
                0x00007218       0x17 ./drivers/fsl_lpsci.o
 *fill*         0x0000722f        0x1 ff
 .rodata.LPSCI_ReadBlocking.str1.4
                0x00007230       0x17 ./drivers/fsl_lpsci.o
 *fill*         0x00007247        0x1 ff
 .rodata.s_uartBases
                0x00007248        0xc ./drivers/fsl_uart.o
 .rodata.s_uartClock
                0x00007254        0xc ./drivers/fsl_uart.o
 .rodata.UART_GetInstance.str1.4
                0x00007260       0x2b ./drivers/fsl_uart.o
 *fill*         0x0000728b        0x1 ff
 .rodata.UART_Init.str1.4
                0x0000728c       0x3e ./drivers/fsl_uart.o
 *fill*         0x000072ca        0x2 ff
 .rodata.UART_GetDefaultConfig.str1.4
                0x000072cc       0x18 ./drivers/fsl_uart.o
 .rodata.UART_ReadBlocking.str1.4
                0x000072e4       0x16 ./drivers/fsl_uart.o
 *fill*         0x000072fa        0x2 ff
 .rodata.mcgConfig_BOARD_BootClockRUN
                0x000072fc        0xa ./board/clock_config.o
                0x000072fc                mcgConfig_BOARD_BootClockRUN
 *fill*         0x00007306        0x2 ff
 .rodata.simConfig_BOARD_BootClockRUN
                0x00007308        0x8 ./board/clock_config.o
                0x00007308                simConfig_BOARD_BootClockRUN
 .rodata.oscConfig_BOARD_BootClockRUN
                0x00007310        0x8 ./board/clock_config.o
                0x00007310                oscConfig_BOARD_BootClockRUN
 .rodata.__num_Ciob_streams
                0x00007318        0x4 c:/nxp/mcuxpressoide_11.6.0_8187/ide/plugins/com.nxp.mcuxpresso.tools.win32_11.6.0.202112161359/tools/bin/../lib/gcc/arm-none-eabi/10.3.1/../../../../arm-none-eabi/lib/thumb/v6-m/nofp\libcr_nohost_nf.a(__ciob.o)
                0x00007318                __num_Ciob_streams
 .rodata.fp_display.str1.1
                0x0000731c       0x34 c:/nxp/mcuxpressoide_11.6.0_8187/ide/plugins/com.nxp.mcuxpresso.tools.win32_11.6.0.202112161359/tools/bin/../lib/gcc/arm-none-eabi/10.3.1/../../../../arm-none-eabi/lib/thumb/v6-m/nofp\libcr_c.a(fpprintf.o)
                                 0x35 (size before relaxing)
 .rodata._initio.str1.1
                0x00007350        0x4 c:/nxp/mcuxpressoide_11.6.0_8187/ide/plugins/com.nxp.mcuxpresso.tools.win32_11.6.0.202112161359/tools/bin/../lib/gcc/arm-none-eabi/10.3.1/../../../../arm-none-eabi/lib/thumb/v6-m/nofp\libcr_c.a(initio.o)
 .rodata.__vfprintf.str1.1
                0x00007354       0x31 c:/nxp/mcuxpressoide_11.6.0_8187/ide/plugins/com.nxp.mcuxpresso.tools.win32_11.6.0.202112161359/tools/bin/../lib/gcc/arm-none-eabi/10.3.1/../../../../arm-none-eabi/lib/thumb/v6-m/nofp\libcr_c.a(printf.o)
                                 0x38 (size before relaxing)
 .rodata._Csys_alloc.str1.1
                0x00007385       0x18 c:/nxp/mcuxpressoide_11.6.0_8187/ide/plugins/com.nxp.mcuxpresso.tools.win32_11.6.0.202112161359/tools/bin/../lib/gcc/arm-none-eabi/10.3.1/../../../../arm-none-eabi/lib/thumb/v6-m/nofp\libcr_c.a(alloc.o)
                0x000073a0                . = ALIGN (0x4)
 *fill*         0x0000739d        0x3 ff
                0x000073a0                _etext = .

.glue_7         0x000073a0        0x0
 .glue_7        0x000073a0        0x0 linker stubs

.glue_7t        0x000073a0        0x0
 .glue_7t       0x000073a0        0x0 linker stubs

.vfp11_veneer   0x000073a0        0x0
 .vfp11_veneer  0x000073a0        0x0 linker stubs

.v4_bx          0x000073a0        0x0
 .v4_bx         0x000073a0        0x0 linker stubs

.iplt           0x000073a0        0x0
 .iplt          0x000073a0        0x0 ./utilities/fsl_debug_console.o

.rel.dyn        0x000073a0        0x0
 .rel.iplt      0x000073a0        0x0 ./utilities/fsl_debug_console.o

.m_usb_data
 *(SORT_BY_ALIGNMENT(m_usb_bdt))

.mtb_buffer_default
                0x1ffff000       0x80
 *(SORT_BY_ALIGNMENT(.mtb*))
 .mtb.$RAM1     0x1ffff000       0x80 ./source/mtb.o
                0x1ffff000                __mtb_buffer__

.uninit_RESERVED
                0x1ffff080        0x0
                0x1ffff080                _start_uninit_RESERVED = .
 *(SORT_BY_ALIGNMENT(.bss.$RESERVED*))
                0x1ffff080                . = ALIGN (0x4)
                0x1ffff080                _end_uninit_RESERVED = .

.data           0x1ffff080        0xc load address 0x000073a0
 FILL mask 0xff
                0x1ffff080                _data = .
                [!provide]                PROVIDE (__start_data_RAM = .)
                [!provide]                PROVIDE (__start_data_SRAM = .)
 *(SORT_BY_ALIGNMENT(vtable))
 *(SORT_BY_ALIGNMENT(.ramfunc*))
 *(SORT_BY_ALIGNMENT(CodeQuickAccess))
 *(SORT_BY_ALIGNMENT(DataQuickAccess))
 *(SORT_BY_ALIGNMENT(RamFunction))
 *(SORT_BY_ALIGNMENT(.data*))
 .data.Acc_data
                0x1ffff080        0x4 ./source/Fall_Plane_detection.o
                0x1ffff080                Acc_data
 .data.s_slowIrcFreq
                0x1ffff084        0x4 ./drivers/fsl_clock.o
 .data.SystemCoreClock
                0x1ffff088        0x4 ./CMSIS/system_MKL25Z4.o
                0x1ffff088                SystemCoreClock
                0x1ffff08c                . = ALIGN (0x4)
                0x1ffff08c                _edata = .
                [!provide]                PROVIDE (__end_data_RAM = .)
                [!provide]                PROVIDE (__end_data_SRAM = .)

.igot.plt       0x1ffff08c        0x0 load address 0x000073ac
 .igot.plt      0x1ffff08c        0x0 ./utilities/fsl_debug_console.o

.bss            0x1ffff08c      0x340
                0x1ffff08c                _bss = .
                [!provide]                PROVIDE (__start_bss_RAM = .)
                [!provide]                PROVIDE (__start_bss_SRAM = .)
 *(SORT_BY_ALIGNMENT(.bss*))
 .bss.s_debugConsole
                0x1ffff08c       0x10 ./utilities/fsl_debug_console.o
 .bss.Acc_RAW_data
                0x1ffff09c        0xc ./source/Fall_Plane_detection.o
                0x1ffff09c                Acc_RAW_data
 .bss.previous_Z
                0x1ffff0a8        0x4 ./source/Fall_Plane_detection.o
                0x1ffff0a8                previous_Z
 .bss.fall_detected
                0x1ffff0ac        0x4 ./source/Fall_Plane_detection.o
                0x1ffff0ac                fall_detected
 .bss.change    0x1ffff0b0        0x4 ./source/Fall_Plane_detection.o
                0x1ffff0b0                change
 .bss.current_roll
                0x1ffff0b4        0x4 ./source/Fall_Plane_detection.o
                0x1ffff0b4                current_roll
 .bss.current_pitch
                0x1ffff0b8        0x4 ./source/Fall_Plane_detection.o
                0x1ffff0b8                current_pitch
 .bss.lock_detect
                0x1ffff0bc        0x4 ./source/I2C.o
                0x1ffff0bc                lock_detect
 .bss.i2c_lock  0x1ffff0c0        0x4 ./source/I2C.o
                0x1ffff0c0                i2c_lock
 .bss.Timeout_Time
                0x1ffff0c4        0x4 ./source/SysTick.o
                0x1ffff0c4                Timeout_Time
 .bss.roll      0x1ffff0c8        0x4 ./source/accelerometer.o
                0x1ffff0c8                roll
 .bss.pitch     0x1ffff0cc        0x4 ./source/accelerometer.o
                0x1ffff0cc                pitch
 .bss.RX_cbfifo
                0x1ffff0d0      0x10c ./source/uart.o
                0x1ffff0d0                RX_cbfifo
 .bss.TX_cbfifo
                0x1ffff1dc      0x10c ./source/uart.o
                0x1ffff1dc                TX_cbfifo
 .bss.g_xtal0Freq
                0x1ffff2e8        0x4 ./drivers/fsl_clock.o
                0x1ffff2e8                g_xtal0Freq
 .bss.s_lpsciHandle
                0x1ffff2ec        0x4 ./drivers/fsl_lpsci.o
 .bss.s_lpsciIsr
                0x1ffff2f0        0x4 ./drivers/fsl_lpsci.o
 .bss.s_uartHandle
                0x1ffff2f4        0xc ./drivers/fsl_uart.o
 .bss.s_uartIsr
                0x1ffff300        0x4 ./drivers/fsl_uart.o
 .bss.errno     0x1ffff304        0x4 c:/nxp/mcuxpressoide_11.6.0_8187/ide/plugins/com.nxp.mcuxpresso.tools.win32_11.6.0.202112161359/tools/bin/../lib/gcc/arm-none-eabi/10.3.1/../../../../arm-none-eabi/lib/thumb/v6-m/nofp\libcr_c.a(errno.o)
                0x1ffff304                errno
 .bss.__end_of_heap
                0x1ffff308        0x4 c:/nxp/mcuxpressoide_11.6.0_8187/ide/plugins/com.nxp.mcuxpresso.tools.win32_11.6.0.202112161359/tools/bin/../lib/gcc/arm-none-eabi/10.3.1/../../../../arm-none-eabi/lib/thumb/v6-m/nofp\libcr_c.a(__init_alloc.o)
                0x1ffff308                __end_of_heap
 .bss.__heaps   0x1ffff30c        0x4 c:/nxp/mcuxpressoide_11.6.0_8187/ide/plugins/com.nxp.mcuxpresso.tools.win32_11.6.0.202112161359/tools/bin/../lib/gcc/arm-none-eabi/10.3.1/../../../../arm-none-eabi/lib/thumb/v6-m/nofp\libcr_c.a(__init_alloc.o)
                0x1ffff30c                __heaps
 .bss.__Ciob    0x1ffff310       0xb4 c:/nxp/mcuxpressoide_11.6.0_8187/ide/plugins/com.nxp.mcuxpresso.tools.win32_11.6.0.202112161359/tools/bin/../lib/gcc/arm-none-eabi/10.3.1/../../../../arm-none-eabi/lib/thumb/v6-m/nofp\libcr_nohost_nf.a(__ciob.o)
                0x1ffff310                __Ciob
 .bss.acc_X     0x1ffff3c4        0x2 ./source/accelerometer.o
                0x1ffff3c4                acc_X
 .bss.acc_Y     0x1ffff3c6        0x2 ./source/accelerometer.o
                0x1ffff3c6                acc_Y
 .bss.acc_Z     0x1ffff3c8        0x2 ./source/accelerometer.o
                0x1ffff3c8                acc_Z
 .bss.plane_detection_on
                0x1ffff3ca        0x1 ./source/uart.o
                0x1ffff3ca                plane_detection_on
 .bss.fall_detection_on
                0x1ffff3cb        0x1 ./source/uart.o
                0x1ffff3cb                fall_detection_on
 *(SORT_BY_ALIGNMENT(COMMON))
                0x1ffff3cc                . = ALIGN (0x4)
                0x1ffff3cc                _ebss = .
                [!provide]                PROVIDE (__end_bss_RAM = .)
                [!provide]                PROVIDE (__end_bss_SRAM = .)
                [!provide]                PROVIDE (end = .)

.noinit         0x1ffff3cc        0x0
                0x1ffff3cc                _noinit = .
                [!provide]                PROVIDE (__start_noinit_RAM = .)
                [!provide]                PROVIDE (__start_noinit_SRAM = .)
 *(SORT_BY_ALIGNMENT(.noinit*))
                0x1ffff3cc                . = ALIGN (0x4)
                0x1ffff3cc                _end_noinit = .
                [!provide]                PROVIDE (__end_noinit_RAM = .)
                [!provide]                PROVIDE (__end_noinit_SRAM = .)

.ARM.extab
 *(SORT_BY_ALIGNMENT(.ARM.extab*) SORT_BY_ALIGNMENT(.gnu.linkonce.armextab.*))

.ARM.exidx      0x000073ac        0x0
                0x000073ac                __exidx_start = .
 *(SORT_BY_ALIGNMENT(.ARM.exidx*) SORT_BY_ALIGNMENT(.gnu.linkonce.armexidx.*))
                0x000073ac                __exidx_end = .
                0x00000400                _HeapSize = 0x400

.heap           0x1ffff3cc      0x400
                0x1ffff3cc                _pvHeapStart = .
                0x1ffff7cc                . = (. + _HeapSize)
 *fill*         0x1ffff3cc      0x400 
                0x1ffff7cc                . = ALIGN (0x4)
                0x1ffff7cc                _pvHeapLimit = .
                0x00000400                _StackSize = 0x400

.heap2stackfill
                0x1ffff7cc      0x400
                0x1ffffbcc                . = (. + _StackSize)
 *fill*         0x1ffff7cc      0x400 

.stack          0x20002c00        0x0
                0x20002c00                _vStackBase = .
                0x20002c00                . = ALIGN (0x4)
                0x20003000                _vStackTop = (. + _StackSize)
                0x00000000                _image_start = LOADADDR (.text)
                0x000073ac                _image_end = (LOADADDR (.data) + SIZEOF (.data))
                0x000073ac                _image_size = (_image_end - _image_start)
OUTPUT(Wireless_air_mouse.axf elf32-littlearm)
LOAD linker stubs

.debug_info     0x00000000     0x9588
 .debug_info    0x00000000      0xf61 ./utilities/fsl_debug_console.o
 .debug_info    0x00000f61      0x4eb ./startup/startup_mkl25z4.o
 .debug_info    0x0000144c      0x3be ./source/Fall_Plane_detection.o
 .debug_info    0x0000180a      0x531 ./source/I2C.o
 .debug_info    0x00001d3b      0x58d ./source/SysTick.o
 .debug_info    0x000022c8      0x36b ./source/accelerometer.o
 .debug_info    0x00002633      0x320 ./source/cbfifo.o
 .debug_info    0x00002953      0x3de ./source/gpio.o
 .debug_info    0x00002d31       0x53 ./source/mtb.o
 .debug_info    0x00002d84       0x3c ./source/semihost_hardfault.o
 .debug_info    0x00002dc0      0x9f7 ./source/uart.o
 .debug_info    0x000037b7     0x1a5a ./drivers/fsl_clock.o
 .debug_info    0x00005211      0x3e8 ./drivers/fsl_common.o
 .debug_info    0x000055f9     0x140d ./drivers/fsl_lpsci.o
 .debug_info    0x00006a06     0x13ae ./drivers/fsl_uart.o
 .debug_info    0x00007db4      0x394 ./board/board.o
 .debug_info    0x00008148      0xabc ./board/clock_config.o
 .debug_info    0x00008c04       0x3c ./board/peripherals.o
 .debug_info    0x00008c40      0x547 ./board/pin_mux.o
 .debug_info    0x00009187      0x401 ./CMSIS/system_MKL25Z4.o

.debug_abbrev   0x00000000     0x209f
 .debug_abbrev  0x00000000      0x2a5 ./utilities/fsl_debug_console.o
 .debug_abbrev  0x000002a5      0x198 ./startup/startup_mkl25z4.o
 .debug_abbrev  0x0000043d      0x130 ./source/Fall_Plane_detection.o
 .debug_abbrev  0x0000056d      0x179 ./source/I2C.o
 .debug_abbrev  0x000006e6      0x194 ./source/SysTick.o
 .debug_abbrev  0x0000087a      0x125 ./source/accelerometer.o
 .debug_abbrev  0x0000099f      0x1c1 ./source/cbfifo.o
 .debug_abbrev  0x00000b60       0xdd ./source/gpio.o
 .debug_abbrev  0x00000c3d       0x46 ./source/mtb.o
 .debug_abbrev  0x00000c83       0x31 ./source/semihost_hardfault.o
 .debug_abbrev  0x00000cb4      0x26d ./source/uart.o
 .debug_abbrev  0x00000f21      0x357 ./drivers/fsl_clock.o
 .debug_abbrev  0x00001278      0x25b ./drivers/fsl_common.o
 .debug_abbrev  0x000014d3      0x2d7 ./drivers/fsl_lpsci.o
 .debug_abbrev  0x000017aa      0x2f1 ./drivers/fsl_uart.o
 .debug_abbrev  0x00001a9b      0x11b ./board/board.o
 .debug_abbrev  0x00001bb6      0x201 ./board/clock_config.o
 .debug_abbrev  0x00001db7       0x31 ./board/peripherals.o
 .debug_abbrev  0x00001de8      0x189 ./board/pin_mux.o
 .debug_abbrev  0x00001f71      0x12e ./CMSIS/system_MKL25Z4.o

.debug_aranges  0x00000000      0x9c8
 .debug_aranges
                0x00000000       0x98 ./utilities/fsl_debug_console.o
 .debug_aranges
                0x00000098      0x160 ./startup/startup_mkl25z4.o
 .debug_aranges
                0x000001f8       0x58 ./source/Fall_Plane_detection.o
 .debug_aranges
                0x00000250       0x58 ./source/I2C.o
 .debug_aranges
                0x000002a8       0x40 ./source/SysTick.o
 .debug_aranges
                0x000002e8       0x48 ./source/accelerometer.o
 .debug_aranges
                0x00000330       0x48 ./source/cbfifo.o
 .debug_aranges
                0x00000378       0x40 ./source/gpio.o
 .debug_aranges
                0x000003b8       0x18 ./source/mtb.o
 .debug_aranges
                0x000003d0       0x20 ./source/semihost_hardfault.o
 .debug_aranges
                0x000003f0       0x80 ./source/uart.o
 .debug_aranges
                0x00000470      0x1d8 ./drivers/fsl_clock.o
 .debug_aranges
                0x00000648       0x38 ./drivers/fsl_common.o
 .debug_aranges
                0x00000680      0x118 ./drivers/fsl_lpsci.o
 .debug_aranges
                0x00000798      0x130 ./drivers/fsl_uart.o
 .debug_aranges
                0x000008c8       0x28 ./board/board.o
 .debug_aranges
                0x000008f0       0x58 ./board/clock_config.o
 .debug_aranges
                0x00000948       0x20 ./board/peripherals.o
 .debug_aranges
                0x00000968       0x38 ./board/pin_mux.o
 .debug_aranges
                0x000009a0       0x28 ./CMSIS/system_MKL25Z4.o

.debug_ranges   0x00000000      0x880
 .debug_ranges  0x00000000       0x88 ./utilities/fsl_debug_console.o
 .debug_ranges  0x00000088      0x150 ./startup/startup_mkl25z4.o
 .debug_ranges  0x000001d8       0x48 ./source/Fall_Plane_detection.o
 .debug_ranges  0x00000220       0x48 ./source/I2C.o
 .debug_ranges  0x00000268       0x30 ./source/SysTick.o
 .debug_ranges  0x00000298       0x38 ./source/accelerometer.o
 .debug_ranges  0x000002d0       0x38 ./source/cbfifo.o
 .debug_ranges  0x00000308       0x30 ./source/gpio.o
 .debug_ranges  0x00000338       0x10 ./source/semihost_hardfault.o
 .debug_ranges  0x00000348       0x70 ./source/uart.o
 .debug_ranges  0x000003b8      0x1c8 ./drivers/fsl_clock.o
 .debug_ranges  0x00000580       0x28 ./drivers/fsl_common.o
 .debug_ranges  0x000005a8      0x108 ./drivers/fsl_lpsci.o
 .debug_ranges  0x000006b0      0x120 ./drivers/fsl_uart.o
 .debug_ranges  0x000007d0       0x18 ./board/board.o
 .debug_ranges  0x000007e8       0x48 ./board/clock_config.o
 .debug_ranges  0x00000830       0x10 ./board/peripherals.o
 .debug_ranges  0x00000840       0x28 ./board/pin_mux.o
 .debug_ranges  0x00000868       0x18 ./CMSIS/system_MKL25Z4.o

.debug_macro    0x00000000     0xe71d
 .debug_macro   0x00000000      0x127 ./utilities/fsl_debug_console.o
 .debug_macro   0x00000127      0xa7e ./utilities/fsl_debug_console.o
 .debug_macro   0x00000ba5       0x10 ./utilities/fsl_debug_console.o
 .debug_macro   0x00000bb5       0x16 ./utilities/fsl_debug_console.o
 .debug_macro   0x00000bcb       0x10 ./utilities/fsl_debug_console.o
 .debug_macro   0x00000bdb      0x12e ./utilities/fsl_debug_console.o
 .debug_macro   0x00000d09       0x28 ./utilities/fsl_debug_console.o
 .debug_macro   0x00000d31       0xc4 ./utilities/fsl_debug_console.o
 .debug_macro   0x00000df5       0x16 ./utilities/fsl_debug_console.o
 .debug_macro   0x00000e0b       0x22 ./utilities/fsl_debug_console.o
 .debug_macro   0x00000e2d      0x5b3 ./utilities/fsl_debug_console.o
 .debug_macro   0x000013e0       0x10 ./utilities/fsl_debug_console.o
 .debug_macro   0x000013f0       0x3f ./utilities/fsl_debug_console.o
 .debug_macro   0x0000142f       0x3a ./utilities/fsl_debug_console.o
 .debug_macro   0x00001469       0x26 ./utilities/fsl_debug_console.o
 .debug_macro   0x0000148f      0x329 ./utilities/fsl_debug_console.o
 .debug_macro   0x000017b8       0x30 ./utilities/fsl_debug_console.o
 .debug_macro   0x000017e8     0x51e2 ./utilities/fsl_debug_console.o
 .debug_macro   0x000069ca     0x1352 ./utilities/fsl_debug_console.o
 .debug_macro   0x00007d1c       0x3a ./utilities/fsl_debug_console.o
 .debug_macro   0x00007d56       0xf4 ./utilities/fsl_debug_console.o
 .debug_macro   0x00007e4a       0x35 ./utilities/fsl_debug_console.o
 .debug_macro   0x00007e7f       0x2e ./utilities/fsl_debug_console.o
 .debug_macro   0x00007ead       0x10 ./utilities/fsl_debug_console.o
 .debug_macro   0x00007ebd       0x10 ./utilities/fsl_debug_console.o
 .debug_macro   0x00007ecd       0x29 ./startup/startup_mkl25z4.o
 .debug_macro   0x00007ef6      0x1d5 ./source/Fall_Plane_detection.o
 .debug_macro   0x000080cb       0xa0 ./source/Fall_Plane_detection.o
 .debug_macro   0x0000816b       0x16 ./source/Fall_Plane_detection.o
 .debug_macro   0x00008181       0x10 ./source/Fall_Plane_detection.o
 .debug_macro   0x00008191      0x112 ./source/Fall_Plane_detection.o
 .debug_macro   0x000082a3       0x34 ./source/Fall_Plane_detection.o
 .debug_macro   0x000082d7       0x40 ./source/Fall_Plane_detection.o
 .debug_macro   0x00008317       0x58 ./source/Fall_Plane_detection.o
 .debug_macro   0x0000836f       0x22 ./source/Fall_Plane_detection.o
 .debug_macro   0x00008391       0x3a ./source/Fall_Plane_detection.o
 .debug_macro   0x000083cb       0x97 ./source/I2C.o
 .debug_macro   0x00008462       0x3f ./source/I2C.o
 .debug_macro   0x000084a1       0x34 ./source/I2C.o
 .debug_macro   0x000084d5     0x51e2 ./source/I2C.o
 .debug_macro   0x0000d6b7       0x40 ./source/I2C.o
 .debug_macro   0x0000d6f7      0x163 ./source/SysTick.o
 .debug_macro   0x0000d85a      0x16f ./source/accelerometer.o
 .debug_macro   0x0000d9c9       0x34 ./source/accelerometer.o
 .debug_macro   0x0000d9fd       0xf0 ./source/cbfifo.o
 .debug_macro   0x0000daed       0x9a ./source/cbfifo.o
 .debug_macro   0x0000db87      0x14a ./source/gpio.o
 .debug_macro   0x0000dcd1       0x2f ./source/mtb.o
 .debug_macro   0x0000dd00       0x82 ./source/mtb.o
 .debug_macro   0x0000dd82       0x10 ./source/mtb.o
 .debug_macro   0x0000dd92       0x11 ./source/semihost_hardfault.o
 .debug_macro   0x0000dda3      0x100 ./source/uart.o
 .debug_macro   0x0000dea3      0x196 ./drivers/fsl_clock.o
 .debug_macro   0x0000e039       0x1c ./drivers/fsl_clock.o
 .debug_macro   0x0000e055       0xef ./drivers/fsl_common.o
 .debug_macro   0x0000e144       0xec ./drivers/fsl_lpsci.o
 .debug_macro   0x0000e230       0xf2 ./drivers/fsl_uart.o
 .debug_macro   0x0000e322      0x112 ./board/board.o
 .debug_macro   0x0000e434      0x123 ./board/clock_config.o
 .debug_macro   0x0000e557       0x1b ./board/peripherals.o
 .debug_macro   0x0000e572      0x107 ./board/pin_mux.o
 .debug_macro   0x0000e679       0x10 ./board/pin_mux.o
 .debug_macro   0x0000e689       0x94 ./CMSIS/system_MKL25Z4.o

.debug_line     0x00000000     0x71f9
 .debug_line    0x00000000      0xdb5 ./utilities/fsl_debug_console.o
 .debug_line    0x00000db5      0x1ed ./startup/startup_mkl25z4.o
 .debug_line    0x00000fa2      0x5fc ./source/Fall_Plane_detection.o
 .debug_line    0x0000159e      0x3bf ./source/I2C.o
 .debug_line    0x0000195d      0x4a4 ./source/SysTick.o
 .debug_line    0x00001e01      0x57a ./source/accelerometer.o
 .debug_line    0x0000237b      0x38b ./source/cbfifo.o
 .debug_line    0x00002706      0x443 ./source/gpio.o
 .debug_line    0x00002b49       0xd1 ./source/mtb.o
 .debug_line    0x00002c1a       0x59 ./source/semihost_hardfault.o
 .debug_line    0x00002c73      0x57b ./source/uart.o
 .debug_line    0x000031ee     0x12ee ./drivers/fsl_clock.o
 .debug_line    0x000044dc      0x40e ./drivers/fsl_common.o
 .debug_line    0x000048ea      0xd67 ./drivers/fsl_lpsci.o
 .debug_line    0x00005651      0xd56 ./drivers/fsl_uart.o
 .debug_line    0x000063a7      0x382 ./board/board.o
 .debug_line    0x00006729      0x3dd ./board/clock_config.o
 .debug_line    0x00006b06       0x5c ./board/peripherals.o
 .debug_line    0x00006b62      0x364 ./board/pin_mux.o
 .debug_line    0x00006ec6      0x333 ./CMSIS/system_MKL25Z4.o

.debug_str      0x00000000    0x366be
 .debug_str     0x00000000    0x313d9 ./utilities/fsl_debug_console.o
                              0x31678 (size before relaxing)
 .debug_str     0x000313d9      0x3cd ./startup/startup_mkl25z4.o
                               0x30b3 (size before relaxing)
 .debug_str     0x000317a6     0x1134 ./source/Fall_Plane_detection.o
                              0x31aad (size before relaxing)
 .debug_str     0x000328da      0x1a7 ./source/I2C.o
                              0x28eef (size before relaxing)
 .debug_str     0x00032a81      0x2e4 ./source/SysTick.o
                              0x31821 (size before relaxing)
 .debug_str     0x00032d65       0x8d ./source/accelerometer.o
                              0x31d85 (size before relaxing)
 .debug_str     0x00032df2      0x111 ./source/cbfifo.o
                              0x29071 (size before relaxing)
 .debug_str     0x00032f03       0x73 ./source/gpio.o
                              0x3128b (size before relaxing)
 .debug_str     0x00032f76      0x532 ./source/mtb.o
                               0x31d3 (size before relaxing)
 .debug_str     0x000334a8       0x1f ./source/semihost_hardfault.o
                               0x2cc0 (size before relaxing)
 .debug_str     0x000334c7      0x193 ./source/uart.o
                              0x29493 (size before relaxing)
 .debug_str     0x0003365a     0x1789 ./drivers/fsl_clock.o
                              0x32188 (size before relaxing)
 .debug_str     0x00034de3       0xe1 ./drivers/fsl_common.o
                              0x30756 (size before relaxing)
 .debug_str     0x00034ec4      0x95a ./drivers/fsl_lpsci.o
                              0x31777 (size before relaxing)
 .debug_str     0x0003581e      0x832 ./drivers/fsl_uart.o
                              0x3179a (size before relaxing)
 .debug_str     0x00036050       0x4c ./board/board.o
                              0x30f4f (size before relaxing)
 .debug_str     0x0003609c      0x3c1 ./board/clock_config.o
                              0x310b9 (size before relaxing)
 .debug_str     0x0003645d       0x31 ./board/peripherals.o
                               0x2cd1 (size before relaxing)
 .debug_str     0x0003648e      0x1e1 ./board/pin_mux.o
                              0x30800 (size before relaxing)
 .debug_str     0x0003666f       0x4f ./CMSIS/system_MKL25Z4.o
                              0x2fb02 (size before relaxing)

.comment        0x00000000       0x49
 .comment       0x00000000       0x49 ./utilities/fsl_debug_console.o
                                 0x4a (size before relaxing)
 .comment       0x00000049       0x4a ./startup/startup_mkl25z4.o
 .comment       0x00000049       0x4a ./source/Fall_Plane_detection.o
 .comment       0x00000049       0x4a ./source/I2C.o
 .comment       0x00000049       0x4a ./source/SysTick.o
 .comment       0x00000049       0x4a ./source/accelerometer.o
 .comment       0x00000049       0x4a ./source/cbfifo.o
 .comment       0x00000049       0x4a ./source/gpio.o
 .comment       0x00000049       0x4a ./source/mtb.o
 .comment       0x00000049       0x4a ./source/semihost_hardfault.o
 .comment       0x00000049       0x4a ./source/uart.o
 .comment       0x00000049       0x4a ./drivers/fsl_clock.o
 .comment       0x00000049       0x4a ./drivers/fsl_common.o
 .comment       0x00000049       0x4a ./drivers/fsl_lpsci.o
 .comment       0x00000049       0x4a ./drivers/fsl_uart.o
 .comment       0x00000049       0x4a ./board/board.o
 .comment       0x00000049       0x4a ./board/clock_config.o
 .comment       0x00000049       0x4a ./board/peripherals.o
 .comment       0x00000049       0x4a ./board/pin_mux.o
 .comment       0x00000049       0x4a ./CMSIS/system_MKL25Z4.o
 .comment       0x00000049       0x4a c:/nxp/mcuxpressoide_11.6.0_8187/ide/plugins/com.nxp.mcuxpresso.tools.win32_11.6.0.202112161359/tools/bin/../lib/gcc/arm-none-eabi/10.3.1/../../../../arm-none-eabi/lib/thumb/v6-m/nofp\libcr_nohost_nf.a(_cr__main.o)
 .comment       0x00000049       0x4a c:/nxp/mcuxpressoide_11.6.0_8187/ide/plugins/com.nxp.mcuxpresso.tools.win32_11.6.0.202112161359/tools/bin/../lib/gcc/arm-none-eabi/10.3.1/../../../../arm-none-eabi/lib/thumb/v6-m/nofp\libcr_c.a(memset.o)
 .comment       0x00000049       0x4a c:/nxp/mcuxpressoide_11.6.0_8187/ide/plugins/com.nxp.mcuxpresso.tools.win32_11.6.0.202112161359/tools/bin/../lib/gcc/arm-none-eabi/10.3.1/../../../../arm-none-eabi/lib/thumb/v6-m/nofp\libcr_c.a(atan2.o)
 .comment       0x00000049       0x4a c:/nxp/mcuxpressoide_11.6.0_8187/ide/plugins/com.nxp.mcuxpresso.tools.win32_11.6.0.202112161359/tools/bin/../lib/gcc/arm-none-eabi/10.3.1/../../../../arm-none-eabi/lib/thumb/v6-m/nofp\libcr_c.a(errno.o)
 .comment       0x00000049       0x4a c:/nxp/mcuxpressoide_11.6.0_8187/ide/plugins/com.nxp.mcuxpresso.tools.win32_11.6.0.202112161359/tools/bin/../lib/gcc/arm-none-eabi/10.3.1/../../../../arm-none-eabi/lib/thumb/v6-m/nofp\libcr_c.a(fabs.o)
 .comment       0x00000049       0x4a c:/nxp/mcuxpressoide_11.6.0_8187/ide/plugins/com.nxp.mcuxpresso.tools.win32_11.6.0.202112161359/tools/bin/../lib/gcc/arm-none-eabi/10.3.1/../../../../arm-none-eabi/lib/thumb/v6-m/nofp\libcr_c.a(fpprintf.o)
 .comment       0x00000049       0x4a c:/nxp/mcuxpressoide_11.6.0_8187/ide/plugins/com.nxp.mcuxpresso.tools.win32_11.6.0.202112161359/tools/bin/../lib/gcc/arm-none-eabi/10.3.1/../../../../arm-none-eabi/lib/thumb/v6-m/nofp\libcr_c.a(initio.o)
 .comment       0x00000049       0x4a c:/nxp/mcuxpressoide_11.6.0_8187/ide/plugins/com.nxp.mcuxpresso.tools.win32_11.6.0.202112161359/tools/bin/../lib/gcc/arm-none-eabi/10.3.1/../../../../arm-none-eabi/lib/thumb/v6-m/nofp\libcr_c.a(modf.o)
 .comment       0x00000049       0x4a c:/nxp/mcuxpressoide_11.6.0_8187/ide/plugins/com.nxp.mcuxpresso.tools.win32_11.6.0.202112161359/tools/bin/../lib/gcc/arm-none-eabi/10.3.1/../../../../arm-none-eabi/lib/thumb/v6-m/nofp\libcr_c.a(pow.o)
 .comment       0x00000049       0x4a c:/nxp/mcuxpressoide_11.6.0_8187/ide/plugins/com.nxp.mcuxpresso.tools.win32_11.6.0.202112161359/tools/bin/../lib/gcc/arm-none-eabi/10.3.1/../../../../arm-none-eabi/lib/thumb/v6-m/nofp\libcr_c.a(printf.o)
 .comment       0x00000049       0x4a c:/nxp/mcuxpressoide_11.6.0_8187/ide/plugins/com.nxp.mcuxpresso.tools.win32_11.6.0.202112161359/tools/bin/../lib/gcc/arm-none-eabi/10.3.1/../../../../arm-none-eabi/lib/thumb/v6-m/nofp\libcr_c.a(setvbuf.o)
 .comment       0x00000049       0x4a c:/nxp/mcuxpressoide_11.6.0_8187/ide/plugins/com.nxp.mcuxpresso.tools.win32_11.6.0.202112161359/tools/bin/../lib/gcc/arm-none-eabi/10.3.1/../../../../arm-none-eabi/lib/thumb/v6-m/nofp\libcr_c.a(sqrt.o)
 .comment       0x00000049       0x4a c:/nxp/mcuxpressoide_11.6.0_8187/ide/plugins/com.nxp.mcuxpresso.tools.win32_11.6.0.202112161359/tools/bin/../lib/gcc/arm-none-eabi/10.3.1/../../../../arm-none-eabi/lib/thumb/v6-m/nofp\libcr_c.a(stdlib.o)
 .comment       0x00000049       0x4a c:/nxp/mcuxpressoide_11.6.0_8187/ide/plugins/com.nxp.mcuxpresso.tools.win32_11.6.0.202112161359/tools/bin/../lib/gcc/arm-none-eabi/10.3.1/../../../../arm-none-eabi/lib/thumb/v6-m/nofp\libcr_c.a(strlen.o)
 .comment       0x00000049       0x4a c:/nxp/mcuxpressoide_11.6.0_8187/ide/plugins/com.nxp.mcuxpresso.tools.win32_11.6.0.202112161359/tools/bin/../lib/gcc/arm-none-eabi/10.3.1/../../../../arm-none-eabi/lib/thumb/v6-m/nofp\libcr_c.a(_deferredlazyseek.o)
 .comment       0x00000049       0x4a c:/nxp/mcuxpressoide_11.6.0_8187/ide/plugins/com.nxp.mcuxpresso.tools.win32_11.6.0.202112161359/tools/bin/../lib/gcc/arm-none-eabi/10.3.1/../../../../arm-none-eabi/lib/thumb/v6-m/nofp\libcr_c.a(_fdopen.o)
 .comment       0x00000049       0x4a c:/nxp/mcuxpressoide_11.6.0_8187/ide/plugins/com.nxp.mcuxpresso.tools.win32_11.6.0.202112161359/tools/bin/../lib/gcc/arm-none-eabi/10.3.1/../../../../arm-none-eabi/lib/thumb/v6-m/nofp\libcr_c.a(_fflush.o)
 .comment       0x00000049       0x4a c:/nxp/mcuxpressoide_11.6.0_8187/ide/plugins/com.nxp.mcuxpresso.tools.win32_11.6.0.202112161359/tools/bin/../lib/gcc/arm-none-eabi/10.3.1/../../../../arm-none-eabi/lib/thumb/v6-m/nofp\libcr_c.a(_frexpl.o)
 .comment       0x00000049       0x4a c:/nxp/mcuxpressoide_11.6.0_8187/ide/plugins/com.nxp.mcuxpresso.tools.win32_11.6.0.202112161359/tools/bin/../lib/gcc/arm-none-eabi/10.3.1/../../../../arm-none-eabi/lib/thumb/v6-m/nofp\libcr_c.a(_ldexpl.o)
 .comment       0x00000049       0x4a c:/nxp/mcuxpressoide_11.6.0_8187/ide/plugins/com.nxp.mcuxpresso.tools.win32_11.6.0.202112161359/tools/bin/../lib/gcc/arm-none-eabi/10.3.1/../../../../arm-none-eabi/lib/thumb/v6-m/nofp\libcr_c.a(_writebuf.o)
 .comment       0x00000049       0x4a c:/nxp/mcuxpressoide_11.6.0_8187/ide/plugins/com.nxp.mcuxpresso.tools.win32_11.6.0.202112161359/tools/bin/../lib/gcc/arm-none-eabi/10.3.1/../../../../arm-none-eabi/lib/thumb/v6-m/nofp\libcr_c.a(alloc.o)
 .comment       0x00000049       0x4a c:/nxp/mcuxpressoide_11.6.0_8187/ide/plugins/com.nxp.mcuxpresso.tools.win32_11.6.0.202112161359/tools/bin/../lib/gcc/arm-none-eabi/10.3.1/../../../../arm-none-eabi/lib/thumb/v6-m/nofp\libcr_c.a(atan.o)
 .comment       0x00000049       0x4a c:/nxp/mcuxpressoide_11.6.0_8187/ide/plugins/com.nxp.mcuxpresso.tools.win32_11.6.0.202112161359/tools/bin/../lib/gcc/arm-none-eabi/10.3.1/../../../../arm-none-eabi/lib/thumb/v6-m/nofp\libcr_c.a(fclose.o)
 .comment       0x00000049       0x4a c:/nxp/mcuxpressoide_11.6.0_8187/ide/plugins/com.nxp.mcuxpresso.tools.win32_11.6.0.202112161359/tools/bin/../lib/gcc/arm-none-eabi/10.3.1/../../../../arm-none-eabi/lib/thumb/v6-m/nofp\libcr_c.a(fflush.o)
 .comment       0x00000049       0x4a c:/nxp/mcuxpressoide_11.6.0_8187/ide/plugins/com.nxp.mcuxpresso.tools.win32_11.6.0.202112161359/tools/bin/../lib/gcc/arm-none-eabi/10.3.1/../../../../arm-none-eabi/lib/thumb/v6-m/nofp\libcr_c.a(frexp.o)
 .comment       0x00000049       0x4a c:/nxp/mcuxpressoide_11.6.0_8187/ide/plugins/com.nxp.mcuxpresso.tools.win32_11.6.0.202112161359/tools/bin/../lib/gcc/arm-none-eabi/10.3.1/../../../../arm-none-eabi/lib/thumb/v6-m/nofp\libcr_c.a(fseek.o)
 .comment       0x00000049       0x4a c:/nxp/mcuxpressoide_11.6.0_8187/ide/plugins/com.nxp.mcuxpresso.tools.win32_11.6.0.202112161359/tools/bin/../lib/gcc/arm-none-eabi/10.3.1/../../../../arm-none-eabi/lib/thumb/v6-m/nofp\libcr_c.a(ftell.o)
 .comment       0x00000049       0x4a c:/nxp/mcuxpressoide_11.6.0_8187/ide/plugins/com.nxp.mcuxpresso.tools.win32_11.6.0.202112161359/tools/bin/../lib/gcc/arm-none-eabi/10.3.1/../../../../arm-none-eabi/lib/thumb/v6-m/nofp\libcr_c.a(ldexp.o)
 .comment       0x00000049       0x4a c:/nxp/mcuxpressoide_11.6.0_8187/ide/plugins/com.nxp.mcuxpresso.tools.win32_11.6.0.202112161359/tools/bin/../lib/gcc/arm-none-eabi/10.3.1/../../../../arm-none-eabi/lib/thumb/v6-m/nofp\libcr_c.a(remove.o)
 .comment       0x00000049       0x4a c:/nxp/mcuxpressoide_11.6.0_8187/ide/plugins/com.nxp.mcuxpresso.tools.win32_11.6.0.202112161359/tools/bin/../lib/gcc/arm-none-eabi/10.3.1/../../../../arm-none-eabi/lib/thumb/v6-m/nofp\libcr_c.a(__init_alloc.o)
 .comment       0x00000049       0x4a c:/nxp/mcuxpressoide_11.6.0_8187/ide/plugins/com.nxp.mcuxpresso.tools.win32_11.6.0.202112161359/tools/bin/../lib/gcc/arm-none-eabi/10.3.1/../../../../arm-none-eabi/lib/thumb/v6-m/nofp\libcr_c.a(_cr_sbrk.o)
 .comment       0x00000049       0x4a c:/nxp/mcuxpressoide_11.6.0_8187/ide/plugins/com.nxp.mcuxpresso.tools.win32_11.6.0.202112161359/tools/bin/../lib/gcc/arm-none-eabi/10.3.1/../../../../arm-none-eabi/lib/thumb/v6-m/nofp\libcr_c.a(_do_fflush.o)
 .comment       0x00000049       0x4a c:/nxp/mcuxpressoide_11.6.0_8187/ide/plugins/com.nxp.mcuxpresso.tools.win32_11.6.0.202112161359/tools/bin/../lib/gcc/arm-none-eabi/10.3.1/../../../../arm-none-eabi/lib/thumb/v6-m/nofp\libcr_c.a(_cr_check_heap.o)
 .comment       0x00000049       0x4a c:/nxp/mcuxpressoide_11.6.0_8187/ide/plugins/com.nxp.mcuxpresso.tools.win32_11.6.0.202112161359/tools/bin/../lib/gcc/arm-none-eabi/10.3.1/thumb/v6-m/nofp\libcr_eabihelpers.a(double.o)
 .comment       0x00000049       0x4a c:/nxp/mcuxpressoide_11.6.0_8187/ide/plugins/com.nxp.mcuxpresso.tools.win32_11.6.0.202112161359/tools/bin/../lib/gcc/arm-none-eabi/10.3.1/thumb/v6-m/nofp\libcr_eabihelpers.a(float.o)
 .comment       0x00000049       0x4a c:/nxp/mcuxpressoide_11.6.0_8187/ide/plugins/com.nxp.mcuxpresso.tools.win32_11.6.0.202112161359/tools/bin/../lib/gcc/arm-none-eabi/10.3.1/../../../../arm-none-eabi/lib/thumb/v6-m/nofp\libcr_nohost_nf.a(__ciob.o)
 .comment       0x00000049       0x4a c:/nxp/mcuxpressoide_11.6.0_8187/ide/plugins/com.nxp.mcuxpresso.tools.win32_11.6.0.202112161359/tools/bin/../lib/gcc/arm-none-eabi/10.3.1/../../../../arm-none-eabi/lib/thumb/v6-m/nofp\libcr_nohost_nf.a(__sys_appexit.o)
 .comment       0x00000049       0x4a c:/nxp/mcuxpressoide_11.6.0_8187/ide/plugins/com.nxp.mcuxpresso.tools.win32_11.6.0.202112161359/tools/bin/../lib/gcc/arm-none-eabi/10.3.1/../../../../arm-none-eabi/lib/thumb/v6-m/nofp\libcr_nohost_nf.a(__sys_close.o)
 .comment       0x00000049       0x4a c:/nxp/mcuxpressoide_11.6.0_8187/ide/plugins/com.nxp.mcuxpresso.tools.win32_11.6.0.202112161359/tools/bin/../lib/gcc/arm-none-eabi/10.3.1/../../../../arm-none-eabi/lib/thumb/v6-m/nofp\libcr_nohost_nf.a(__sys_flen.o)
 .comment       0x00000049       0x4a c:/nxp/mcuxpressoide_11.6.0_8187/ide/plugins/com.nxp.mcuxpresso.tools.win32_11.6.0.202112161359/tools/bin/../lib/gcc/arm-none-eabi/10.3.1/../../../../arm-none-eabi/lib/thumb/v6-m/nofp\libcr_nohost_nf.a(__sys_istty.o)
 .comment       0x00000049       0x4a c:/nxp/mcuxpressoide_11.6.0_8187/ide/plugins/com.nxp.mcuxpresso.tools.win32_11.6.0.202112161359/tools/bin/../lib/gcc/arm-none-eabi/10.3.1/../../../../arm-none-eabi/lib/thumb/v6-m/nofp\libcr_nohost_nf.a(__sys_remove.o)
 .comment       0x00000049       0x4a c:/nxp/mcuxpressoide_11.6.0_8187/ide/plugins/com.nxp.mcuxpresso.tools.win32_11.6.0.202112161359/tools/bin/../lib/gcc/arm-none-eabi/10.3.1/../../../../arm-none-eabi/lib/thumb/v6-m/nofp\libcr_nohost_nf.a(__sys_seek.o)
 .comment       0x00000049       0x4a c:/nxp/mcuxpressoide_11.6.0_8187/ide/plugins/com.nxp.mcuxpresso.tools.win32_11.6.0.202112161359/tools/bin/../lib/gcc/arm-none-eabi/10.3.1/../../../../arm-none-eabi/lib/thumb/v6-m/nofp\libcr_nohost_nf.a(__sys_tmpnam.o)

.ARM.attributes
                0x00000000       0x2a
 .ARM.attributes
                0x00000000       0x2c ./utilities/fsl_debug_console.o
 .ARM.attributes
                0x0000002c       0x2c ./startup/startup_mkl25z4.o
 .ARM.attributes
                0x00000058       0x2c ./source/Fall_Plane_detection.o
 .ARM.attributes
                0x00000084       0x2c ./source/I2C.o
 .ARM.attributes
                0x000000b0       0x2c ./source/SysTick.o
 .ARM.attributes
                0x000000dc       0x2c ./source/accelerometer.o
 .ARM.attributes
                0x00000108       0x2c ./source/cbfifo.o
 .ARM.attributes
                0x00000134       0x2c ./source/gpio.o
 .ARM.attributes
                0x00000160       0x2c ./source/mtb.o
 .ARM.attributes
                0x0000018c       0x2c ./source/semihost_hardfault.o
 .ARM.attributes
                0x000001b8       0x2c ./source/uart.o
 .ARM.attributes
                0x000001e4       0x2c ./drivers/fsl_clock.o
 .ARM.attributes
                0x00000210       0x2c ./drivers/fsl_common.o
 .ARM.attributes
                0x0000023c       0x2c ./drivers/fsl_lpsci.o
 .ARM.attributes
                0x00000268       0x2c ./drivers/fsl_uart.o
 .ARM.attributes
                0x00000294       0x2c ./board/board.o
 .ARM.attributes
                0x000002c0       0x2c ./board/clock_config.o
 .ARM.attributes
                0x000002ec       0x2c ./board/peripherals.o
 .ARM.attributes
                0x00000318       0x2c ./board/pin_mux.o
 .ARM.attributes
                0x00000344       0x2c ./CMSIS/system_MKL25Z4.o
 .ARM.attributes
                0x00000370       0x2c c:/nxp/mcuxpressoide_11.6.0_8187/ide/plugins/com.nxp.mcuxpresso.tools.win32_11.6.0.202112161359/tools/bin/../lib/gcc/arm-none-eabi/10.3.1/../../../../arm-none-eabi/lib/thumb/v6-m/nofp\libcr_nohost_nf.a(_cr__main.o)
 .ARM.attributes
                0x0000039c       0x2c c:/nxp/mcuxpressoide_11.6.0_8187/ide/plugins/com.nxp.mcuxpresso.tools.win32_11.6.0.202112161359/tools/bin/../lib/gcc/arm-none-eabi/10.3.1/../../../../arm-none-eabi/lib/thumb/v6-m/nofp\libcr_c.a(memset.o)
 .ARM.attributes
                0x000003c8       0x2c c:/nxp/mcuxpressoide_11.6.0_8187/ide/plugins/com.nxp.mcuxpresso.tools.win32_11.6.0.202112161359/tools/bin/../lib/gcc/arm-none-eabi/10.3.1/../../../../arm-none-eabi/lib/thumb/v6-m/nofp\libcr_c.a(atan2.o)
 .ARM.attributes
                0x000003f4       0x2c c:/nxp/mcuxpressoide_11.6.0_8187/ide/plugins/com.nxp.mcuxpresso.tools.win32_11.6.0.202112161359/tools/bin/../lib/gcc/arm-none-eabi/10.3.1/../../../../arm-none-eabi/lib/thumb/v6-m/nofp\libcr_c.a(errno.o)
 .ARM.attributes
                0x00000420       0x2c c:/nxp/mcuxpressoide_11.6.0_8187/ide/plugins/com.nxp.mcuxpresso.tools.win32_11.6.0.202112161359/tools/bin/../lib/gcc/arm-none-eabi/10.3.1/../../../../arm-none-eabi/lib/thumb/v6-m/nofp\libcr_c.a(fabs.o)
 .ARM.attributes
                0x0000044c       0x2c c:/nxp/mcuxpressoide_11.6.0_8187/ide/plugins/com.nxp.mcuxpresso.tools.win32_11.6.0.202112161359/tools/bin/../lib/gcc/arm-none-eabi/10.3.1/../../../../arm-none-eabi/lib/thumb/v6-m/nofp\libcr_c.a(fpprintf.o)
 .ARM.attributes
                0x00000478       0x2c c:/nxp/mcuxpressoide_11.6.0_8187/ide/plugins/com.nxp.mcuxpresso.tools.win32_11.6.0.202112161359/tools/bin/../lib/gcc/arm-none-eabi/10.3.1/../../../../arm-none-eabi/lib/thumb/v6-m/nofp\libcr_c.a(initio.o)
 .ARM.attributes
                0x000004a4       0x2c c:/nxp/mcuxpressoide_11.6.0_8187/ide/plugins/com.nxp.mcuxpresso.tools.win32_11.6.0.202112161359/tools/bin/../lib/gcc/arm-none-eabi/10.3.1/../../../../arm-none-eabi/lib/thumb/v6-m/nofp\libcr_c.a(modf.o)
 .ARM.attributes
                0x000004d0       0x2c c:/nxp/mcuxpressoide_11.6.0_8187/ide/plugins/com.nxp.mcuxpresso.tools.win32_11.6.0.202112161359/tools/bin/../lib/gcc/arm-none-eabi/10.3.1/../../../../arm-none-eabi/lib/thumb/v6-m/nofp\libcr_c.a(pow.o)
 .ARM.attributes
                0x000004fc       0x2c c:/nxp/mcuxpressoide_11.6.0_8187/ide/plugins/com.nxp.mcuxpresso.tools.win32_11.6.0.202112161359/tools/bin/../lib/gcc/arm-none-eabi/10.3.1/../../../../arm-none-eabi/lib/thumb/v6-m/nofp\libcr_c.a(printf.o)
 .ARM.attributes
                0x00000528       0x2c c:/nxp/mcuxpressoide_11.6.0_8187/ide/plugins/com.nxp.mcuxpresso.tools.win32_11.6.0.202112161359/tools/bin/../lib/gcc/arm-none-eabi/10.3.1/../../../../arm-none-eabi/lib/thumb/v6-m/nofp\libcr_c.a(setvbuf.o)
 .ARM.attributes
                0x00000554       0x2c c:/nxp/mcuxpressoide_11.6.0_8187/ide/plugins/com.nxp.mcuxpresso.tools.win32_11.6.0.202112161359/tools/bin/../lib/gcc/arm-none-eabi/10.3.1/../../../../arm-none-eabi/lib/thumb/v6-m/nofp\libcr_c.a(sqrt.o)
 .ARM.attributes
                0x00000580       0x2c c:/nxp/mcuxpressoide_11.6.0_8187/ide/plugins/com.nxp.mcuxpresso.tools.win32_11.6.0.202112161359/tools/bin/../lib/gcc/arm-none-eabi/10.3.1/../../../../arm-none-eabi/lib/thumb/v6-m/nofp\libcr_c.a(stdlib.o)
 .ARM.attributes
                0x000005ac       0x2c c:/nxp/mcuxpressoide_11.6.0_8187/ide/plugins/com.nxp.mcuxpresso.tools.win32_11.6.0.202112161359/tools/bin/../lib/gcc/arm-none-eabi/10.3.1/../../../../arm-none-eabi/lib/thumb/v6-m/nofp\libcr_c.a(strlen.o)
 .ARM.attributes
                0x000005d8       0x2c c:/nxp/mcuxpressoide_11.6.0_8187/ide/plugins/com.nxp.mcuxpresso.tools.win32_11.6.0.202112161359/tools/bin/../lib/gcc/arm-none-eabi/10.3.1/../../../../arm-none-eabi/lib/thumb/v6-m/nofp\libcr_c.a(_deferredlazyseek.o)
 .ARM.attributes
                0x00000604       0x2c c:/nxp/mcuxpressoide_11.6.0_8187/ide/plugins/com.nxp.mcuxpresso.tools.win32_11.6.0.202112161359/tools/bin/../lib/gcc/arm-none-eabi/10.3.1/../../../../arm-none-eabi/lib/thumb/v6-m/nofp\libcr_c.a(_fdopen.o)
 .ARM.attributes
                0x00000630       0x2c c:/nxp/mcuxpressoide_11.6.0_8187/ide/plugins/com.nxp.mcuxpresso.tools.win32_11.6.0.202112161359/tools/bin/../lib/gcc/arm-none-eabi/10.3.1/../../../../arm-none-eabi/lib/thumb/v6-m/nofp\libcr_c.a(_fflush.o)
 .ARM.attributes
                0x0000065c       0x2c c:/nxp/mcuxpressoide_11.6.0_8187/ide/plugins/com.nxp.mcuxpresso.tools.win32_11.6.0.202112161359/tools/bin/../lib/gcc/arm-none-eabi/10.3.1/../../../../arm-none-eabi/lib/thumb/v6-m/nofp\libcr_c.a(_frexpl.o)
 .ARM.attributes
                0x00000688       0x2c c:/nxp/mcuxpressoide_11.6.0_8187/ide/plugins/com.nxp.mcuxpresso.tools.win32_11.6.0.202112161359/tools/bin/../lib/gcc/arm-none-eabi/10.3.1/../../../../arm-none-eabi/lib/thumb/v6-m/nofp\libcr_c.a(_ldexpl.o)
 .ARM.attributes
                0x000006b4       0x2c c:/nxp/mcuxpressoide_11.6.0_8187/ide/plugins/com.nxp.mcuxpresso.tools.win32_11.6.0.202112161359/tools/bin/../lib/gcc/arm-none-eabi/10.3.1/../../../../arm-none-eabi/lib/thumb/v6-m/nofp\libcr_c.a(_writebuf.o)
 .ARM.attributes
                0x000006e0       0x2c c:/nxp/mcuxpressoide_11.6.0_8187/ide/plugins/com.nxp.mcuxpresso.tools.win32_11.6.0.202112161359/tools/bin/../lib/gcc/arm-none-eabi/10.3.1/../../../../arm-none-eabi/lib/thumb/v6-m/nofp\libcr_c.a(alloc.o)
 .ARM.attributes
                0x0000070c       0x2c c:/nxp/mcuxpressoide_11.6.0_8187/ide/plugins/com.nxp.mcuxpresso.tools.win32_11.6.0.202112161359/tools/bin/../lib/gcc/arm-none-eabi/10.3.1/../../../../arm-none-eabi/lib/thumb/v6-m/nofp\libcr_c.a(atan.o)
 .ARM.attributes
                0x00000738       0x2c c:/nxp/mcuxpressoide_11.6.0_8187/ide/plugins/com.nxp.mcuxpresso.tools.win32_11.6.0.202112161359/tools/bin/../lib/gcc/arm-none-eabi/10.3.1/../../../../arm-none-eabi/lib/thumb/v6-m/nofp\libcr_c.a(fclose.o)
 .ARM.attributes
                0x00000764       0x2c c:/nxp/mcuxpressoide_11.6.0_8187/ide/plugins/com.nxp.mcuxpresso.tools.win32_11.6.0.202112161359/tools/bin/../lib/gcc/arm-none-eabi/10.3.1/../../../../arm-none-eabi/lib/thumb/v6-m/nofp\libcr_c.a(fflush.o)
 .ARM.attributes
                0x00000790       0x2c c:/nxp/mcuxpressoide_11.6.0_8187/ide/plugins/com.nxp.mcuxpresso.tools.win32_11.6.0.202112161359/tools/bin/../lib/gcc/arm-none-eabi/10.3.1/../../../../arm-none-eabi/lib/thumb/v6-m/nofp\libcr_c.a(frexp.o)
 .ARM.attributes
                0x000007bc       0x2c c:/nxp/mcuxpressoide_11.6.0_8187/ide/plugins/com.nxp.mcuxpresso.tools.win32_11.6.0.202112161359/tools/bin/../lib/gcc/arm-none-eabi/10.3.1/../../../../arm-none-eabi/lib/thumb/v6-m/nofp\libcr_c.a(fseek.o)
 .ARM.attributes
                0x000007e8       0x2c c:/nxp/mcuxpressoide_11.6.0_8187/ide/plugins/com.nxp.mcuxpresso.tools.win32_11.6.0.202112161359/tools/bin/../lib/gcc/arm-none-eabi/10.3.1/../../../../arm-none-eabi/lib/thumb/v6-m/nofp\libcr_c.a(ftell.o)
 .ARM.attributes
                0x00000814       0x2c c:/nxp/mcuxpressoide_11.6.0_8187/ide/plugins/com.nxp.mcuxpresso.tools.win32_11.6.0.202112161359/tools/bin/../lib/gcc/arm-none-eabi/10.3.1/../../../../arm-none-eabi/lib/thumb/v6-m/nofp\libcr_c.a(ldexp.o)
 .ARM.attributes
                0x00000840       0x2c c:/nxp/mcuxpressoide_11.6.0_8187/ide/plugins/com.nxp.mcuxpresso.tools.win32_11.6.0.202112161359/tools/bin/../lib/gcc/arm-none-eabi/10.3.1/../../../../arm-none-eabi/lib/thumb/v6-m/nofp\libcr_c.a(remove.o)
 .ARM.attributes
                0x0000086c       0x2c c:/nxp/mcuxpressoide_11.6.0_8187/ide/plugins/com.nxp.mcuxpresso.tools.win32_11.6.0.202112161359/tools/bin/../lib/gcc/arm-none-eabi/10.3.1/../../../../arm-none-eabi/lib/thumb/v6-m/nofp\libcr_c.a(__init_alloc.o)
 .ARM.attributes
                0x00000898       0x2c c:/nxp/mcuxpressoide_11.6.0_8187/ide/plugins/com.nxp.mcuxpresso.tools.win32_11.6.0.202112161359/tools/bin/../lib/gcc/arm-none-eabi/10.3.1/../../../../arm-none-eabi/lib/thumb/v6-m/nofp\libcr_c.a(_cr_sbrk.o)
 .ARM.attributes
                0x000008c4       0x2c c:/nxp/mcuxpressoide_11.6.0_8187/ide/plugins/com.nxp.mcuxpresso.tools.win32_11.6.0.202112161359/tools/bin/../lib/gcc/arm-none-eabi/10.3.1/../../../../arm-none-eabi/lib/thumb/v6-m/nofp\libcr_c.a(_do_fflush.o)
 .ARM.attributes
                0x000008f0       0x2c c:/nxp/mcuxpressoide_11.6.0_8187/ide/plugins/com.nxp.mcuxpresso.tools.win32_11.6.0.202112161359/tools/bin/../lib/gcc/arm-none-eabi/10.3.1/../../../../arm-none-eabi/lib/thumb/v6-m/nofp\libcr_c.a(_cr_check_heap.o)
 .ARM.attributes
                0x0000091c       0x1c c:/nxp/mcuxpressoide_11.6.0_8187/ide/plugins/com.nxp.mcuxpresso.tools.win32_11.6.0.202112161359/tools/bin/../lib/gcc/arm-none-eabi/10.3.1/thumb/v6-m/nofp\libcr_eabihelpers.a(division_32.o)
 .ARM.attributes